 bsdiff4

 Timestamp is 5766cb6a (Sun Jun 19 09:42:18 2016)

 Preferred load address is 0000000180000000

 Start         Length     Name                   Class
 0001:00000000 000001e0H .text                   CODE
 0001:000001e0 0000fd50H .text$mn                CODE
 0001:0000ff30 00000020H .text$mn$00             CODE
 0001:0000ff50 000003b0H .text$x                 CODE
 0002:00000000 00000268H .idata$5                DATA
 0002:00000268 00000010H .00cfg                  DATA
 0002:00000278 00000008H .CRT$XCA                DATA
 0002:00000280 00000008H .CRT$XCU                DATA
 0002:00000288 00000008H .CRT$XCZ                DATA
 0002:00000290 00000008H .CRT$XIA                DATA
 0002:00000298 00000018H .CRT$XIC                DATA
 0002:000002b0 00000008H .CRT$XIZ                DATA
 0002:000002b8 00000008H .CRT$XPA                DATA
 0002:000002c0 00000010H .CRT$XPX                DATA
 0002:000002d0 00000008H .CRT$XPXA               DATA
 0002:000002d8 00000008H .CRT$XPZ                DATA
 0002:000002e0 00000008H .CRT$XTA                DATA
 0002:000002e8 00000008H .CRT$XTZ                DATA
 0002:000002f0 000074b8H .rdata                  DATA
 0002:000077a8 00000408H .rdata$r                DATA
 0002:00007bb0 00000010H .rdata$zETW0            DATA
 0002:00007bc0 00000077H .rdata$zETW1            DATA
 0002:00007c37 0000002cH .rdata$zETW2            DATA
 0002:00007c63 00000001H .rdata$zETW9            DATA
 0002:00007c64 0000043cH .rdata$zzzdbg           DATA
 0002:000080a0 00000008H .rtc$IAA                DATA
 0002:000080a8 00000008H .rtc$IZZ                DATA
 0002:000080b0 00000008H .rtc$TAA                DATA
 0002:000080b8 00000008H .rtc$TZZ                DATA
 0002:000080c0 00000f90H .xdata                  DATA
 0002:00009050 00000244H .xdata$x                DATA
 0002:00009294 00000020H .didat$2                DATA
 0002:000092b4 00000024H .didat$3                DATA
 0002:000092d8 00000138H .didat$4                DATA
 0002:00009410 00000850H .didat$6                DATA
 0002:00009c60 00000140H .didat$7                DATA
 0002:00009da0 00000054H .edata                  DATA
 0002:00009df4 00000028H .idata$2                DATA
 0002:00009e1c 00000014H .idata$3                DATA
 0002:00009e30 00000268H .idata$4                DATA
 0002:0000a098 00000596H .idata$6                DATA
 0003:00000000 00000978H .data                   DATA
 0003:00000978 00000140H .data$r                 DATA
 0003:00000ab8 00000138H .didat$5                DATA
 0003:00000bf0 000011f8H .bss                    DATA
 0004:00000000 00001254H .pdata                  DATA
 0005:00000000 00000080H .gfids$x                DATA
 0005:00000080 00000060H .gfids$y                DATA
 0006:00000000 00000060H .rsrc$01                DATA
 0006:00000060 00000180H .rsrc$02                DATA

  Address         Publics by Value              Rva+Base               Lib:Object

 0000:00000000       __guard_iat_count          0000000000000000     <absolute>
 0000:00000000       __dynamic_value_reloc_table 0000000000000000     <absolute>
 0000:00000000       __guard_iat_table          0000000000000000     <absolute>
 0000:00000000       __guard_longjmp_table      0000000000000000     <absolute>
 0000:00000000       __guard_longjmp_count      0000000000000000     <absolute>
 0000:00000000       __guard_fids_count         0000000000000000     <absolute>
 0000:00000000       ___safe_se_handler_table   0000000000000000     <absolute>
 0000:00000000       ___safe_se_handler_count   0000000000000000     <absolute>
 0000:00000000       __guard_fids_table         0000000000000000     <absolute>
 0000:00000100       __guard_flags              0000000000000100     <absolute>
 0000:00000000       __ImageBase                0000000180000000     <linker-defined>
 0001:00000000       ?TraceLoggingRegister@__vcrt_trace_logging_provider@@YAJPEBU_TlgProvider_t@1@PEBU_GUID@@P6AX1KE_K2PEAU_EVENT_FILTER_DESCRIPTOR@@PEAX@Z4@Z 0000000180001000 f i libvcruntime:telemetry.obj
 0001:0000007c       ?_TlgEnableCallback@__vcrt_trace_logging_provider@@YAXPEBU_GUID@@KE_K1PEAU_EVENT_FILTER_DESCRIPTOR@@PEAX@Z 000000018000107c f i libvcruntime:telemetry.obj
 0001:00000140       ?_TlgWrite@__vcrt_trace_logging_provider@@YAJPEBU_TlgProvider_t@1@PEFBXPEBU_GUID@@2IPEAU_EVENT_DATA_DESCRIPTOR@@@Z 0000000180001140 f i libvcruntime:telemetry.obj
 0001:000001e0       ?NODE_SET_METHOD@node@@YAXV?$Local@VObject@v8@@@v8@@PEBDP6AXAEBV?$FunctionCallbackInfo@VValue@v8@@@3@@Z@Z 00000001800011e0 f i bsdiff4.obj
 0001:00001a40       ?Diff@BSDiff@@YAXAEBV?$FunctionCallbackInfo@VValue@v8@@@v8@@@Z 0000000180002a40 f   bsdiff4.obj
 0001:00002310       ?Patch@BSDiff@@YAXAEBV?$FunctionCallbackInfo@VValue@v8@@@v8@@@Z 0000000180003310 f   bsdiff4.obj
 0001:00002920       ?Init@BSDiff@@YAXV?$Local@VObject@v8@@@v8@@@Z 0000000180003920 f   bsdiff4.obj
 0001:00002990       ?push_back@?$vector@HV?$allocator@H@std@@@std@@QEAAX$$QEAH@Z 0000000180003990 f i bsdiff4.obj
 0001:00002a20       ??1?$basic_string@DU?$char_traits@D@std@@V?$allocator@D@2@@std@@QEAA@XZ 0000000180003a20 f i bsdiff4.obj
 0001:00002ab0       ?_Tidy@?$vector@HV?$allocator@H@std@@@std@@IEAAXXZ 0000000180003ab0 f i bsdiff4.obj
 0001:00002b50       ?_Reserve@?$vector@HV?$allocator@H@std@@@std@@IEAAX_K@Z 0000000180003b50 f i bsdiff4.obj
 0001:00002be0       ?assign@?$basic_string@DU?$char_traits@D@std@@V?$allocator@D@2@@std@@QEAAAEAV12@PEBD_K@Z 0000000180003be0 f i bsdiff4.obj
 0001:00002d20       ?assign@?$basic_string@DU?$char_traits@D@std@@V?$allocator@D@2@@std@@QEAAAEAV12@AEBV12@_K1@Z 0000000180003d20 f i bsdiff4.obj
 0001:00002e50       ?_Reallocate@?$vector@HV?$allocator@H@std@@@std@@IEAAX_K@Z 0000000180003e50 f i bsdiff4.obj
 0001:00002fc0       ?erase@?$basic_string@DU?$char_traits@D@std@@V?$allocator@D@2@@std@@QEAAAEAV12@_K0@Z 0000000180003fc0 f i bsdiff4.obj
 0001:00003070       ?_Copy@?$basic_string@DU?$char_traits@D@std@@V?$allocator@D@2@@std@@QEAAX_K0@Z 0000000180004070 f i bsdiff4.obj
 0001:0000324c       __imp_load_uv_queue_work   000000018000424c f   node:node.exe
 0001:00003258       __tailMerge_node_exe       0000000180004258 f i node:node.exe
 0001:000032d1       __imp_load_?Global@Context@v8@@QEAA?AV?$Local@VObject@v8@@@2@XZ 00000001800042d1 f   node:node.exe
 0001:000032dd       __imp_load_?New@Integer@v8@@SA?AV?$Local@VInteger@v8@@@2@PEAVIsolate@2@H@Z 00000001800042dd f   node:node.exe
 0001:000032e9       __imp_load_?ThrowException@Isolate@v8@@QEAA?AV?$Local@VValue@v8@@@2@V32@@Z 00000001800042e9 f   node:node.exe
 0001:000032f5       __imp_load_?GetCurrentContext@Isolate@v8@@QEAA?AV?$Local@VContext@v8@@@2@XZ 00000001800042f5 f   node:node.exe
 0001:00003301       __imp_load_?GetCurrent@Isolate@v8@@SAPEAV12@XZ 0000000180004301 f   node:node.exe
 0001:0000330d       __imp_load_?CreateHandle@HandleScope@v8@@KAPEAPEAVObject@internal@2@PEAVIsolate@42@PEAV342@@Z 000000018000430d f   node:node.exe
 0001:00003319       __imp_load_??1HandleScope@v8@@QEAA@XZ 0000000180004319 f   node:node.exe
 0001:00003325       __imp_load_??0HandleScope@v8@@QEAA@PEAVIsolate@1@@Z 0000000180004325 f   node:node.exe
 0001:00003331       __imp_load_?Error@Exception@v8@@SA?AV?$Local@VValue@v8@@@2@V?$Local@VString@v8@@@2@@Z 0000000180004331 f   node:node.exe
 0001:0000333d       __imp_load_?TypeError@Exception@v8@@SA?AV?$Local@VValue@v8@@@2@V?$Local@VString@v8@@@2@@Z 000000018000433d f   node:node.exe
 0001:00003349       __imp_load_?New@Array@v8@@SA?AV?$Local@VArray@v8@@@2@PEAVIsolate@2@H@Z 0000000180004349 f   node:node.exe
 0001:00003355       __imp_load_?Length@Array@v8@@QEBAIXZ 0000000180004355 f   node:node.exe
 0001:00003361       __imp_load_?GetFunction@FunctionTemplate@v8@@QEAA?AV?$Local@VFunction@v8@@@2@XZ 0000000180004361 f   node:node.exe
 0001:0000336d       __imp_load_?New@FunctionTemplate@v8@@SA?AV?$Local@VFunctionTemplate@v8@@@2@PEAVIsolate@2@P6AXAEBV?$FunctionCallbackInfo@VValue@v8@@@2@@ZV?$Local@VValue@v8@@@2@V?$Local@VSignature@v8@@@2@H@Z 000000018000436d f   node:node.exe
 0001:00003379       __imp_load_?DisposeGlobal@V8@v8@@CAXPEAPEAVObject@internal@2@@Z 0000000180004379 f   node:node.exe
 0001:00003385       __imp_load_?GlobalizeReference@V8@v8@@CAPEAPEAVObject@internal@2@PEAVIsolate@42@PEAPEAV342@@Z 0000000180004385 f   node:node.exe
 0001:00003391       __imp_load_?Int32Value@Value@v8@@QEBAHXZ 0000000180004391 f   node:node.exe
 0001:0000339d       __imp_load_?IsNumber@Value@v8@@QEBA_NXZ 000000018000439d f   node:node.exe
 0001:000033a9       __imp_load_?IsArray@Value@v8@@QEBA_NXZ 00000001800043a9 f   node:node.exe
 0001:000033b5       __imp_load_?IsFunction@Value@v8@@QEBA_NXZ 00000001800043b5 f   node:node.exe
 0001:000033c1       __imp_load_?HasCaught@TryCatch@v8@@QEBA_NXZ 00000001800043c1 f   node:node.exe
 0001:000033cd       __imp_load_??1TryCatch@v8@@QEAA@XZ 00000001800043cd f   node:node.exe
 0001:000033d9       __imp_load_??0TryCatch@v8@@QEAA@XZ 00000001800043d9 f   node:node.exe
 0001:000033e5       __imp_load_?NewFromUtf8@String@v8@@SA?AV?$Local@VString@v8@@@2@PEAVIsolate@2@PEBDW4NewStringType@12@H@Z 00000001800043e5 f   node:node.exe
 0001:000033f1       __imp_load_?Get@Object@v8@@QEAA?AV?$Local@VValue@v8@@@2@I@Z 00000001800043f1 f   node:node.exe
 0001:000033fd       __imp_load_?Set@Object@v8@@QEAA_NV?$Local@VValue@v8@@@2@0@Z 00000001800043fd f   node:node.exe
 0001:00003409       __imp_load_?Set@Object@v8@@QEAA_NIV?$Local@VValue@v8@@@2@@Z 0000000180004409 f   node:node.exe
 0001:00003415       __imp_load_?SetName@Function@v8@@QEAAXV?$Local@VString@v8@@@2@@Z 0000000180004415 f   node:node.exe
 0001:00003421       __imp_load_?Call@Function@v8@@QEAA?AV?$Local@VValue@v8@@@2@V32@HQEAV32@@Z 0000000180004421 f   node:node.exe
 0001:0000342d       __imp_load_?FatalException@node@@YAXPEAVIsolate@v8@@AEBVTryCatch@3@@Z 000000018000442d f   node:node.exe
 0001:00003439       __imp_load_node_module_register 0000000180004439 f   node:node.exe
 0001:00003445       __imp_load_?HasInstance@Buffer@node@@YA_NV?$Local@VValue@v8@@@v8@@@Z 0000000180004445 f   node:node.exe
 0001:00003451       __imp_load_?New@Buffer@node@@YA?AV?$MaybeLocal@VObject@v8@@@v8@@PEAVIsolate@4@PEAD_KP6AX1PEAX@Z3@Z 0000000180004451 f   node:node.exe
 0001:0000345d       __imp_load_?Data@Buffer@node@@YAPEADV?$Local@VObject@v8@@@v8@@@Z 000000018000445d f   node:node.exe
 0001:00003469       __imp_load_?Length@Buffer@node@@YA_KV?$Local@VObject@v8@@@v8@@@Z 0000000180004469 f   node:node.exe
 0001:00003475       __imp_load_uv_default_loop 0000000180004475 f   node:node.exe
 0001:00003481       __imp_load_?ToObject@Value@v8@@QEBA?AV?$Local@VObject@v8@@@2@XZ 0000000180004481 f   node:node.exe
 0001:00003490       ??0bad_alloc@std@@QEAA@AEBV01@@Z 0000000180004490 f i libcpmt:xthrow.obj
 0001:000034d0       ??0bad_alloc@std@@QEAA@XZ  00000001800044d0 f i libcpmt:xthrow.obj
 0001:000034f0       ??0exception@std@@QEAA@AEBV01@@Z 00000001800044f0 f i libcpmt:xthrow.obj
 0001:00003528       ??0length_error@std@@QEAA@AEBV01@@Z 0000000180004528 f i libcpmt:xthrow.obj
 0001:00003568       ??0length_error@std@@QEAA@PEBD@Z 0000000180004568 f i libcpmt:xthrow.obj
 0001:000035b4       ??0logic_error@std@@QEAA@AEBV01@@Z 00000001800045b4 f i libcpmt:xthrow.obj
 0001:000035f4       ??0out_of_range@std@@QEAA@AEBV01@@Z 00000001800045f4 f i libcpmt:xthrow.obj
 0001:00003634       ??0out_of_range@std@@QEAA@PEBD@Z 0000000180004634 f i libcpmt:xthrow.obj
 0001:00003680       ??_Glogic_error@std@@UEAAPEAXI@Z 0000000180004680 f i libcpmt:xthrow.obj
 0001:00003680       ??_Elength_error@std@@UEAAPEAXI@Z 0000000180004680 f i libcpmt:xthrow.obj
 0001:00003680       ??_Ebad_array_new_length@std@@UEAAPEAXI@Z 0000000180004680 f i LIBCMT:throw_bad_alloc.obj
 0001:00003680       ??_Gout_of_range@std@@UEAAPEAXI@Z 0000000180004680 f i libcpmt:xthrow.obj
 0001:00003680       ??_Eexception@std@@UEAAPEAXI@Z 0000000180004680 f i libcpmt:xthrow.obj
 0001:00003680       ??_Elogic_error@std@@UEAAPEAXI@Z 0000000180004680 f i libcpmt:xthrow.obj
 0001:00003680       ??_Gbad_array_new_length@std@@UEAAPEAXI@Z 0000000180004680 f i LIBCMT:throw_bad_alloc.obj
 0001:00003680       ??_Gexception@std@@UEAAPEAXI@Z 0000000180004680 f i libcpmt:xthrow.obj
 0001:00003680       ??_Glength_error@std@@UEAAPEAXI@Z 0000000180004680 f i libcpmt:xthrow.obj
 0001:00003680       ??_Gbad_alloc@std@@UEAAPEAXI@Z 0000000180004680 f i libcpmt:xthrow.obj
 0001:00003680       ??_Gbad_exception@std@@UEAAPEAXI@Z 0000000180004680 f i libvcruntime:frame.obj
 0001:00003680       ??_Ebad_exception@std@@UEAAPEAXI@Z 0000000180004680 f i libvcruntime:frame.obj
 0001:00003680       ??_Ebad_alloc@std@@UEAAPEAXI@Z 0000000180004680 f i libcpmt:xthrow.obj
 0001:00003680       ??_Eout_of_range@std@@UEAAPEAXI@Z 0000000180004680 f i libcpmt:xthrow.obj
 0001:000036c4       ?_Xbad_alloc@std@@YAXXZ    00000001800046c4 f   libcpmt:xthrow.obj
 0001:000036c4       ?__scrt_throw_std_bad_alloc@@YAXXZ 00000001800046c4 f   LIBCMT:throw_bad_alloc.obj
 0001:000036e4       ?_Xlength_error@std@@YAXPEBD@Z 00000001800046e4 f   libcpmt:xthrow.obj
 0001:00003708       ?_Xout_of_range@std@@YAXPEBD@Z 0000000180004708 f   libcpmt:xthrow.obj
 0001:0000372c       ?what@exception@std@@UEBAPEBDXZ 000000018000472c f i libcpmt:xthrow.obj
 0001:00003750       __security_check_cookie    0000000180004750 f   LIBCMT:_amdsecgs_.obj
 0001:00003774       ??2@YAPEAX_K@Z             0000000180004774 f   LIBCMT:new_scalar.obj
 0001:000037b0       ??3@YAXPEAX@Z              00000001800047b0 f   LIBCMT:delete_scalar.obj
 0001:000037b8       ??3@YAXPEAX_K@Z            00000001800047b8 f   LIBCMT:delete_scalar_size.obj
 0001:000037c0       ??_U@YAPEAX_KAEBUnothrow_t@std@@@Z 00000001800047c0 f   LIBCMT:new_array_nothrow.obj
 0001:00003b38       _DllMainCRTStartup         0000000180004b38 f   LIBCMT:dll_dllmain.obj
 0001:00003b78       ??_Etype_info@@UEAAPEAXI@Z 0000000180004b78 f i LIBCMT:std_type_info_static.obj
 0001:00003b78       ??_Gtype_info@@UEAAPEAXI@Z 0000000180004b78 f i LIBCMT:std_type_info_static.obj
 0001:00003ba4       __raise_securityfailure    0000000180004ba4 f   LIBCMT:gs_report.obj
 0001:00003bd8       __report_gsfailure         0000000180004bd8 f   LIBCMT:gs_report.obj
 0001:00003cac       __report_rangecheckfailure 0000000180004cac f   LIBCMT:gs_report.obj
 0001:00003cc0       __report_securityfailure   0000000180004cc0 f   LIBCMT:gs_report.obj
 0001:00003e40       ??0bad_array_new_length@std@@QEAA@AEBV01@@Z 0000000180004e40 f i LIBCMT:throw_bad_alloc.obj
 0001:00003e80       ??0bad_array_new_length@std@@QEAA@XZ 0000000180004e80 f i LIBCMT:throw_bad_alloc.obj
 0001:00003ea0       ??1bad_alloc@std@@UEAA@XZ  0000000180004ea0 f i libcpmt:xthrow.obj
 0001:00003ea0       ??1out_of_range@std@@UEAA@XZ 0000000180004ea0 f i libcpmt:xthrow.obj
 0001:00003ea0       ??1bad_array_new_length@std@@UEAA@XZ 0000000180004ea0 f i LIBCMT:throw_bad_alloc.obj
 0001:00003ea0       ??1bad_exception@std@@UEAA@XZ 0000000180004ea0 f i libvcruntime:frame.obj
 0001:00003ea0       ??1length_error@std@@UEAA@XZ 0000000180004ea0 f i libcpmt:xthrow.obj
 0001:00003eb4       ?__scrt_throw_std_bad_array_new_length@@YAXXZ 0000000180004eb4 f   LIBCMT:throw_bad_alloc.obj
 0001:00003ed4       ??2@YAPEAX_KAEBUnothrow_t@std@@@Z 0000000180004ed4 f   LIBCMT:new_scalar_nothrow.obj
 0001:00003ef4       __scrt_acquire_startup_lock 0000000180004ef4 f   LIBCMT:utility.obj
 0001:00003f30       __scrt_dllmain_after_initialize_c 0000000180004f30 f   LIBCMT:utility.obj
 0001:00003f64       __scrt_dllmain_before_initialize_c 0000000180004f64 f   LIBCMT:utility.obj
 0001:00003f7c       __scrt_dllmain_crt_thread_attach 0000000180004f7c f   LIBCMT:utility.obj
 0001:00003fa4       __scrt_dllmain_crt_thread_detach 0000000180004fa4 f   LIBCMT:utility.obj
 0001:00003fbc       __scrt_dllmain_exception_filter 0000000180004fbc f   LIBCMT:utility.obj
 0001:00004020       __scrt_dllmain_uninitialize_c 0000000180005020 f   LIBCMT:utility.obj
 0001:00004050       __scrt_dllmain_uninitialize_critical 0000000180005050 f   LIBCMT:utility.obj
 0001:00004064       __scrt_initialize_crt      0000000180005064 f   LIBCMT:utility.obj
 0001:000040b0       __scrt_initialize_onexit_tables 00000001800050b0 f   LIBCMT:utility.obj
 0001:0000417c       __scrt_is_nonwritable_in_current_image 000000018000517c f   LIBCMT:utility.obj
 0001:00004218       __scrt_release_startup_lock 0000000180005218 f   LIBCMT:utility.obj
 0001:0000423c       __scrt_uninitialize_crt    000000018000523c f   LIBCMT:utility.obj
 0001:00004268       _onexit                    0000000180005268 f   LIBCMT:utility.obj
 0001:000042b8       atexit                     00000001800052b8 f   LIBCMT:utility.obj
 0001:000042d0       __security_init_cookie     00000001800052d0 f   LIBCMT:gs_support.obj
 0001:0000437c       _get_startup_argv_mode     000000018000537c f   LIBCMT:argv_mode.obj
 0001:0000437c       DllMain                    000000018000537c f   LIBCMT:dll_dllmain_stub.obj
 0001:00004384       ?__scrt_initialize_type_info@@YAXXZ 0000000180005384 f   LIBCMT:tncleanup.obj
 0001:00004394       ?__scrt_uninitialize_type_info@@YAXXZ 0000000180005394 f   LIBCMT:tncleanup.obj
 0001:000043a0       __local_stdio_printf_options 00000001800053a0 f i LIBCMT:default_local_stdio_options.obj
 0001:000043a8       __local_stdio_scanf_options 00000001800053a8 f i LIBCMT:default_local_stdio_options.obj
 0001:000043b0       __scrt_initialize_default_local_stdio_options 00000001800053b0 f   LIBCMT:default_local_stdio_options.obj
 0001:000043cc       __scrt_get_dyn_tls_init_callback 00000001800053cc f   LIBCMT:dyn_tls_init.obj
 0001:000043d4       __crt_debugger_hook        00000001800053d4 f   LIBCMT:utility_desktop.obj
 0001:000043dc       __scrt_fastfail            00000001800053dc f   LIBCMT:utility_desktop.obj
 0001:00004524       _RTC_Initialize            0000000180005524 f   LIBCMT:_initsect_.obj
 0001:00004570       _RTC_Terminate             0000000180005570 f   LIBCMT:_initsect_.obj
 0001:000045bc       _guard_check_icall         00000001800055bc f i LIBCMT:checkcfg.obj
 0001:000045c4       __isa_available_init       00000001800055c4 f   LIBCMT:_cpu_disp_.obj
 0001:00004788       __scrt_is_ucrt_dll_in_use  0000000180005788 f   LIBCMT:ucrt_detection.obj
 0001:000047b0       memmove                    00000001800057b0 f   libvcruntime:memcpy.obj
 0001:000047b0       memcpy                     00000001800057b0 f   libvcruntime:memcpy.obj
 0001:00004be8       __std_exception_copy       0000000180005be8 f   libvcruntime:std_exception.obj
 0001:00004c78       __std_exception_destroy    0000000180005c78 f   libvcruntime:std_exception.obj
 0001:00004ca0       _CxxThrowException         0000000180005ca0 f   libvcruntime:throw.obj
 0001:00004d7c       __telemetry_main_invoke_trigger 0000000180005d7c f   libvcruntime:telemetry.obj
 0001:00004e94       __telemetry_main_return_trigger 0000000180005e94 f   libvcruntime:telemetry.obj
 0001:00004fac       __vcrt_initialize_telemetry_provider 0000000180005fac f   libvcruntime:telemetry.obj
 0001:00004fc0       __vcrt_uninitialize_telemetry_provider 0000000180005fc0 f   libvcruntime:telemetry.obj
 0001:00004fe0       __C_specific_handler       0000000180005fe0 f   libvcruntime:_chandler_.obj
 0001:000051dc       ?_GetEstablisherFrame@@YAPEA_KPEA_KPEAU_xDISPATCHER_CONTEXT@@PEBU_s_FuncInfo@@0@Z 00000001800061dc f   libvcruntime:trnsctrl.obj
 0001:000052a8       ?_GetRangeOfTrysToCheck@@YAPEBU_s_TryBlockMapEntry@@PEA_KPEBU_s_FuncInfo@@HHPEAI2PEAU_xDISPATCHER_CONTEXT@@@Z 00000001800062a8 f   libvcruntime:trnsctrl.obj
 0001:000053d4       ?__FrameUnwindToEmptyState@@YAXPEA_KPEAU_xDISPATCHER_CONTEXT@@PEBU_s_FuncInfo@@@Z 00000001800063d4 f   libvcruntime:trnsctrl.obj
 0001:00005468       ?__SehTransFilter@@YAHPEAU_EXCEPTION_POINTERS@@PEAUEHExceptionRecord@@PEA_KPEAU_CONTEXT@@PEAU_xDISPATCHER_CONTEXT@@PEBU_s_FuncInfo@@PEAH@Z 0000000180006468 f   libvcruntime:trnsctrl.obj
 0001:00005500       _CallSETranslator          0000000180006500 f   libvcruntime:trnsctrl.obj
 0001:00005558       _CreateFrameInfo           0000000180006558 f   libvcruntime:trnsctrl.obj
 0001:00005594       _FindAndUnlinkFrame        0000000180006594 f   libvcruntime:trnsctrl.obj
 0001:000055ec       _GetImageBase              00000001800065ec f   libvcruntime:trnsctrl.obj
 0001:00005600       _GetThrowImageBase         0000000180006600 f   libvcruntime:trnsctrl.obj
 0001:00005614       _IsExceptionObjectToBeDestroyed 0000000180006614 f   libvcruntime:trnsctrl.obj
 0001:00005644       _SetImageBase              0000000180006644 f   libvcruntime:trnsctrl.obj
 0001:0000565c       _SetThrowImageBase         000000018000665c f   libvcruntime:trnsctrl.obj
 0001:00005674       _UnwindNestedFrames        0000000180006674 f   libvcruntime:trnsctrl.obj
 0001:00005798       __CxxFrameHandler3         0000000180006798 f   libvcruntime:trnsctrl.obj
 0001:00005818       __vcrt_initialize          0000000180006818 f   libvcruntime:initialization.obj
 0001:00005850       __vcrt_thread_attach       0000000180006850 f   libvcruntime:initialization.obj
 0001:00005864       __vcrt_thread_detach       0000000180006864 f   libvcruntime:initialization.obj
 0001:00005878       __vcrt_uninitialize        0000000180006878 f   libvcruntime:initialization.obj
 0001:000058a4       __vcrt_uninitialize_critical 00000001800068a4 f   libvcruntime:initialization.obj
 0001:000058b4       __std_type_info_compare    00000001800068b4 f   libvcruntime:std_type_info.obj
 0001:000058dc       __std_type_info_destroy_list 00000001800068dc f   libvcruntime:std_type_info.obj
 0001:00005920       memset                     0000000180006920 f   libvcruntime:memset.obj
 0001:00005c88       __vcrt_EventRegister       0000000180006c88 f   libvcruntime:winapi_downlevel.obj
 0001:00005d0c       __vcrt_EventSetInformation 0000000180006d0c f   libvcruntime:winapi_downlevel.obj
 0001:00005d90       __vcrt_EventUnregister     0000000180006d90 f   libvcruntime:winapi_downlevel.obj
 0001:00005de4       __vcrt_EventWriteTransfer  0000000180006de4 f   libvcruntime:winapi_downlevel.obj
 0001:00005e7c       __vcrt_FlsAlloc            0000000180006e7c f   libvcruntime:winapi_downlevel.obj
 0001:00005ed0       __vcrt_FlsFree             0000000180006ed0 f   libvcruntime:winapi_downlevel.obj
 0001:00005f24       __vcrt_FlsGetValue         0000000180006f24 f   libvcruntime:winapi_downlevel.obj
 0001:00005f78       __vcrt_FlsSetValue         0000000180006f78 f   libvcruntime:winapi_downlevel.obj
 0001:00005fe0       __vcrt_InitializeCriticalSectionEx 0000000180006fe0 f   libvcruntime:winapi_downlevel.obj
 0001:00006058       __vcrt_initialize_winapi_thunks 0000000180007058 f   libvcruntime:winapi_downlevel.obj
 0001:00006090       __vcrt_uninitialize_winapi_thunks 0000000180007090 f   libvcruntime:winapi_downlevel.obj
 0001:000060e0       _local_unwind              00000001800070e0 f   libvcruntime:_jmpuwind_.obj
 0001:00006110       _NLG_Notify                0000000180007110 f   libvcruntime:_jmpuwind_.obj
 0001:00006130       __NLG_Dispatch2            0000000180007130 f   libvcruntime:_jmpuwind_.obj
 0001:00006140       __NLG_Return2              0000000180007140 f   libvcruntime:_jmpuwind_.obj
 0001:00006144       __except_validate_context_record 0000000180007144 f   libvcruntime:jbcxrval.obj
 0001:00006144       _guard_check_icall_nop     0000000180007144 f   LIBCMT:guard_support.obj
 0001:00006148       __vcrt_freefls             0000000180007148 f   libvcruntime:per_thread_data.obj
 0001:00006168       __vcrt_freeptd             0000000180007168 f   libvcruntime:per_thread_data.obj
 0001:000061b8       __vcrt_getptd              00000001800071b8 f   libvcruntime:per_thread_data.obj
 0001:000061d4       __vcrt_getptd_noexit       00000001800071d4 f   libvcruntime:per_thread_data.obj
 0001:0000628c       __vcrt_initialize_ptd      000000018000728c f   libvcruntime:per_thread_data.obj
 0001:000062cc       __vcrt_uninitialize_ptd    00000001800072cc f   libvcruntime:per_thread_data.obj
 0001:000062f0       ?__GetCurrentState@@YAHPEA_KPEAU_xDISPATCHER_CONTEXT@@PEBU_s_FuncInfo@@@Z 00000001800072f0 f   libvcruntime:ehstate.obj
 0001:00006318       ?__GetUnwindTryBlock@@YAHPEA_KPEAU_xDISPATCHER_CONTEXT@@PEBU_s_FuncInfo@@@Z 0000000180007318 f   libvcruntime:ehstate.obj
 0001:00006344       ?__SetState@@YAXPEA_KPEAU_xDISPATCHER_CONTEXT@@PEBU_s_FuncInfo@@H@Z 0000000180007344 f   libvcruntime:ehstate.obj
 0001:00006350       ?__SetUnwindTryBlock@@YAXPEA_KPEAU_xDISPATCHER_CONTEXT@@PEBU_s_FuncInfo@@H@Z 0000000180007350 f   libvcruntime:ehstate.obj
 0001:0000638c       ?__StateFromControlPc@@YAHPEBU_s_FuncInfo@@PEAU_xDISPATCHER_CONTEXT@@@Z 000000018000738c f   libvcruntime:ehstate.obj
 0001:00006394       ?__StateFromIp@@YAHPEBU_s_FuncInfo@@PEAU_xDISPATCHER_CONTEXT@@_J@Z 0000000180007394 f   libvcruntime:ehstate.obj
 0001:00006400       __DestructExceptionObject  0000000180007400 f   libvcruntime:frame.obj
 0001:00006488       ??0bad_exception@std@@QEAA@AEBV01@@Z 0000000180007488 f i libvcruntime:frame.obj
 0001:000064c8       ??0bad_exception@std@@QEAA@XZ 00000001800074c8 f i libvcruntime:frame.obj
 0001:00006e28       ?_CallMemberFunction0@@YAXPEAXP6AX0@Z@Z 0000000180007e28 f i libvcruntime:frame.obj
 0001:00006e2c       ?_CallMemberFunction1@@YAXPEAXP6AX0@Z0@Z 0000000180007e2c f i libvcruntime:frame.obj
 0001:00006e38       ?_CallMemberFunction2@@YAXPEAXP6AX0@Z0H@Z 0000000180007e38 f i libvcruntime:frame.obj
 0001:00006e48       __AdjustPointer            0000000180007e48 f   libvcruntime:frame.obj
 0001:00006e6c       __BuildCatchObject         0000000180007e6c f   libvcruntime:frame.obj
 0001:00006f34       __BuildCatchObjectHelper   0000000180007f34 f   libvcruntime:frame.obj
 0001:00007118       __CxxCallCatchBlock        0000000180008118 f   libvcruntime:frame.obj
 0001:00007304       __FrameUnwindFilter        0000000180008304 f   libvcruntime:frame.obj
 0001:00007350       __FrameUnwindToState       0000000180008350 f   libvcruntime:frame.obj
 0001:000074e4       __InternalCxxFrameHandler  00000001800084e4 f   libvcruntime:frame.obj
 0001:0000773c       __TypeMatch                000000018000873c f   libvcruntime:frame.obj
 0001:0000787c       __vcrt_initialize_locks    000000018000887c f   libvcruntime:locks.obj
 0001:000078c4       __vcrt_uninitialize_locks  00000001800088c4 f   libvcruntime:locks.obj
 0001:000078fc       __vcrt_initialize_pure_virtual_call_handler 00000001800088fc f   libvcruntime:purevirt_data.obj
 0001:00007930       _CallSettingFrame          0000000180008930 f   libvcruntime:handlers.obj
 0001:00007970       __acrt_call_reportfault    0000000180008970 f   libucrt:invalid_parameter.obj
 0001:00007acc       __acrt_initialize_invalid_parameter_handler 0000000180008acc f   libucrt:invalid_parameter.obj
 0001:00007ad4       _invalid_parameter         0000000180008ad4 f   libucrt:invalid_parameter.obj
 0001:00007b7c       _invalid_parameter_noinfo  0000000180008b7c f   libucrt:invalid_parameter.obj
 0001:00007b9c       _invalid_parameter_noinfo_noreturn 0000000180008b9c f   libucrt:invalid_parameter.obj
 0001:00007bcc       _invoke_watson             0000000180008bcc f   libucrt:invalid_parameter.obj
 0001:00007c14       ??0_LocaleUpdate@@QEAA@QEAU__crt_locale_pointers@@@Z 0000000180008c14 f i libucrt:stricmp.obj
 0001:00007ca4       __ascii_stricmp            0000000180008ca4 f   libucrt:stricmp.obj
 0001:00007ce0       _stricmp                   0000000180008ce0 f   libucrt:stricmp.obj
 0001:00007d28       _stricmp_l                 0000000180008d28 f   libucrt:stricmp.obj
 0001:00007ddc       __acrt_initialize_new_handler 0000000180008ddc f   libucrt:new_handler.obj
 0001:00007de4       _callnewh                  0000000180008de4 f   libucrt:new_handler.obj
 0001:00007e24       _query_new_handler         0000000180008e24 f   libucrt:new_handler.obj
 0001:00007e58       malloc                     0000000180008e58 f   libucrt:malloc.obj
 0001:00007e60       free                       0000000180008e60 f   libucrt:free.obj
 0001:00007e68       _initterm                  0000000180008e68 f   libucrt:initterm.obj
 0001:00007ee0       _initterm_e                0000000180008ee0 f   libucrt:initterm.obj
 0001:00007f2c       _seh_filter_dll            0000000180008f2c f   libucrt:exception_filter.obj
 0001:00007f40       _seh_filter_exe            0000000180008f40 f   libucrt:exception_filter.obj
 0001:00008300       __acrt_initialize_thread_local_exit_callback 0000000180009300 f   libucrt:exit.obj
 0001:00008308       _cexit                     0000000180009308 f   libucrt:exit.obj
 0001:00008318       _exit                      0000000180009318 f   libucrt:exit.obj
 0001:00008324       _is_c_termination_complete 0000000180009324 f   libucrt:exit.obj
 0001:000084e8       __acrt_allocate_buffer_for_argv 00000001800094e8 f   libucrt:argv_parsing.obj
 0001:0000854c       _configure_narrow_argv     000000018000954c f   libucrt:argv_parsing.obj
 0001:000088a8       __dcrt_uninitialize_environments_nolock 00000001800098a8 f   libucrt:environment_initialization.obj
 0001:000088e0       _initialize_narrow_environment 00000001800098e0 f   libucrt:environment_initialization.obj
 0001:000088e8       ??$?RV<lambda_b8c45f8f788dd370798f47cfe8ac3a86>@@AEAV<lambda_4e60a939b0d047cfe11ddc22648dfba9>@@V<lambda_332c3edc96d0294ec56c57d38c1cdfd5>@@@?$__crt_seh_guarded_call@H@@QEAAH$$QEAV<lambda_b8c45f8f788dd370798f47cfe8ac3a86>@@AEAV<lambda_4e60a939b0d047cfe11ddc22648dfba9>@@$$QEAV<lambda_332c3edc96d0294ec56c57d38c1cdfd5>@@@Z 00000001800098e8 f i libucrt:onexit.obj
 0001:00008924       ??$?RV<lambda_e24bbb7b643b32fcea6fa61b31d4c984>@@AEAV<lambda_275893d493268fdec8709772e3fcec0e>@@V<lambda_9d71df4d7cf3f480f8d633942495c3b0>@@@?$__crt_seh_guarded_call@H@@QEAAH$$QEAV<lambda_e24bbb7b643b32fcea6fa61b31d4c984>@@AEAV<lambda_275893d493268fdec8709772e3fcec0e>@@$$QEAV<lambda_9d71df4d7cf3f480f8d633942495c3b0>@@@Z 0000000180009924 f i libucrt:onexit.obj
 0001:00008ca0       _crt_atexit                0000000180009ca0 f   libucrt:onexit.obj
 0001:00008cb0       _execute_onexit_table      0000000180009cb0 f   libucrt:onexit.obj
 0001:00008cec       _initialize_onexit_table   0000000180009cec f   libucrt:onexit.obj
 0001:00008d2c       _register_onexit_function  0000000180009d2c f   libucrt:onexit.obj
 0001:00008ea8       __acrt_uninitialize_command_line 0000000180009ea8 f   libucrt:argv_data.obj
 0001:00008eac       __acrt_initialize          0000000180009eac f   libucrt:initialization.obj
 0001:00008ec0       __acrt_thread_attach       0000000180009ec0 f   libucrt:initialization.obj
 0001:00008ed4       __acrt_thread_detach       0000000180009ed4 f   libucrt:initialization.obj
 0001:00008ee4       __acrt_uninitialize        0000000180009ee4 f   libucrt:initialization.obj
 0001:00008ef8       __acrt_uninitialize_critical 0000000180009ef8 f   libucrt:initialization.obj
 0001:00008f08       terminate                  0000000180009f08 f   libucrt:terminate.obj
 0001:00008f30       strcpy_s                   0000000180009f30 f   libucrt:strcpy_s.obj
 0001:00008f90       _free_base                 0000000180009f90 f   libucrt:free_base.obj
 0001:00008fd0       _malloc_base               0000000180009fd0 f   libucrt:malloc_base.obj
 0001:00009030       abort                      000000018000a030 f   libucrt:abort.obj
 0001:00009088       _calloc_base               000000018000a088 f   libucrt:calloc_base.obj
 0001:00009100       ??$?RV<lambda_46352004c1216016012b18bd6f87e700>@@AEAV<lambda_3bd07e1a1191394380780325891bf33f>@@V<lambda_334532d3f185bcaa59b5be82d7d22bff>@@@?$__crt_seh_guarded_call@X@@QEAAX$$QEAV<lambda_46352004c1216016012b18bd6f87e700>@@AEAV<lambda_3bd07e1a1191394380780325891bf33f>@@$$QEAV<lambda_334532d3f185bcaa59b5be82d7d22bff>@@@Z 000000018000a100 f i libucrt:per_thread_data.obj
 0001:00009160       ??$?RV<lambda_5e887d1dcbef67a5eb4283622ba103bf>@@AEAV<lambda_4466841279450cc726390878d4a41900>@@V<lambda_341c25c0346d94847f1f3c463c57e077>@@@?$__crt_seh_guarded_call@X@@QEAAX$$QEAV<lambda_5e887d1dcbef67a5eb4283622ba103bf>@@AEAV<lambda_4466841279450cc726390878d4a41900>@@$$QEAV<lambda_341c25c0346d94847f1f3c463c57e077>@@@Z 000000018000a160 f i libucrt:per_thread_data.obj
 0001:000091a8       ??$?RV<lambda_72d1df2b273a38828b1ce30cbf4cdab5>@@AEAV<lambda_876a65b173b8412d3a47c70a915b0cf4>@@V<lambda_41932305e351933ebe8f8be3ed8bb5dc>@@@?$__crt_seh_guarded_call@X@@QEAAX$$QEAV<lambda_72d1df2b273a38828b1ce30cbf4cdab5>@@AEAV<lambda_876a65b173b8412d3a47c70a915b0cf4>@@$$QEAV<lambda_41932305e351933ebe8f8be3ed8bb5dc>@@@Z 000000018000a1a8 f i libucrt:per_thread_data.obj
 0001:000091e8       ??$?RV<lambda_fb3a7dec4e47f37f22dae91bb15c9095>@@AEAV<lambda_698284760c8add0bfb0756c19673e34b>@@V<lambda_dfb8eca1e75fef3034a8fb18dd509707>@@@?$__crt_seh_guarded_call@X@@QEAAX$$QEAV<lambda_fb3a7dec4e47f37f22dae91bb15c9095>@@AEAV<lambda_698284760c8add0bfb0756c19673e34b>@@$$QEAV<lambda_dfb8eca1e75fef3034a8fb18dd509707>@@@Z 000000018000a1e8 f i libucrt:per_thread_data.obj
 0001:00009478       __acrt_freeptd             000000018000a478 f   libucrt:per_thread_data.obj
 0001:000094bc       __acrt_getptd              000000018000a4bc f   libucrt:per_thread_data.obj
 0001:00009550       __acrt_getptd_noexit       000000018000a550 f   libucrt:per_thread_data.obj
 0001:000095f0       __acrt_initialize_ptd      000000018000a5f0 f   libucrt:per_thread_data.obj
 0001:0000962c       __acrt_uninitialize_ptd    000000018000a62c f   libucrt:per_thread_data.obj
 0001:00009650       __acrt_errno_from_os_error 000000018000a650 f   libucrt:errno.obj
 0001:00009698       __acrt_errno_map_os_error  000000018000a698 f   libucrt:errno.obj
 0001:000096e8       __doserrno                 000000018000a6e8 f   libucrt:errno.obj
 0001:00009708       _errno                     000000018000a708 f   libucrt:errno.obj
 0001:00009778       _tolower_l                 000000018000a778 f   libucrt:tolower_toupper.obj
 0001:000098b8       __acrt_update_locale_info  000000018000a8b8 f   libucrt:locale_update.obj
 0001:000098ec       __acrt_update_multibyte_info 000000018000a8ec f   libucrt:locale_update.obj
 0001:00009920       __acrt_set_locale_changed  000000018000a920 f   libucrt:wsetlocale.obj
 0001:0000992c       __acrt_uninitialize_locale 000000018000a92c f   libucrt:wsetlocale.obj
 0001:00009974       __acrt_initialize_locks    000000018000a974 f   libucrt:locks.obj
 0001:000099bc       __acrt_lock                000000018000a9bc f   libucrt:locks.obj
 0001:000099d8       __acrt_uninitialize_locks  000000018000a9d8 f   libucrt:locks.obj
 0001:00009a10       __acrt_unlock              000000018000aa10 f   libucrt:locks.obj
 0001:00009bcc       __acrt_FlsAlloc            000000018000abcc f   libucrt:winapi_thunks.obj
 0001:00009c24       __acrt_FlsFree             000000018000ac24 f   libucrt:winapi_thunks.obj
 0001:00009c7c       __acrt_FlsGetValue         000000018000ac7c f   libucrt:winapi_thunks.obj
 0001:00009cd4       __acrt_FlsSetValue         000000018000acd4 f   libucrt:winapi_thunks.obj
 0001:00009d3c       __acrt_InitializeCriticalSectionEx 000000018000ad3c f   libucrt:winapi_thunks.obj
 0001:00009db4       __acrt_LCMapStringEx       000000018000adb4 f   libucrt:winapi_thunks.obj
 0001:00009ea4       __acrt_LocaleNameToLCID    000000018000aea4 f   libucrt:winapi_thunks.obj
 0001:00009f0c       __acrt_initialize_winapi_thunks 000000018000af0c f   libucrt:winapi_thunks.obj
 0001:00009f44       __acrt_is_packaged_app     000000018000af44 f   libucrt:winapi_thunks.obj
 0001:00009fcc       __acrt_uninitialize_winapi_thunks 000000018000afcc f   libucrt:winapi_thunks.obj
 0001:0000a4ec       ?expand_if_necessary@?$argument_list@D@?A0xca0879c4@@AEAAHXZ 000000018000b4ec f i libucrt:argv_wildcards.obj
 0001:0000a5b4       __acrt_expand_narrow_argv_wildcards 000000018000b5b4 f   libucrt:argv_wildcards.obj
 0001:0000a5bc       ??$?RV<lambda_99476a1ad63dd22509b5d3e65b0ffc95>@@AEAV<lambda_ad1ced32f4ac17aa236e5ef05d6b3b7c>@@V<lambda_f7424dd8d45958661754dc4f2697e9c3>@@@?$__crt_seh_guarded_call@X@@QEAAX$$QEAV<lambda_99476a1ad63dd22509b5d3e65b0ffc95>@@AEAV<lambda_ad1ced32f4ac17aa236e5ef05d6b3b7c>@@$$QEAV<lambda_f7424dd8d45958661754dc4f2697e9c3>@@@Z 000000018000b5bc f i libucrt:mbctype.obj
 0001:0000acb8       __acrt_initialize_multibyte 000000018000bcb8 f   libucrt:mbctype.obj
 0001:0000ace0       __acrt_update_thread_multibyte_data 000000018000bce0 f   libucrt:mbctype.obj
 0001:0000ada0       _setmbcp_nolock            000000018000bda0 f   libucrt:mbctype.obj
 0001:0000b0c0       _ismbblead                 000000018000c0c0 f   libucrt:ismbbyte.obj
 0001:0000b0d4       __acrt_initialize_command_line 000000018000c0d4 f   libucrt:argv_data.obj
 0001:0000b0fc       __dcrt_get_narrow_environment_from_os 000000018000c0fc f   libucrt:get_environment_from_os.obj
 0001:0000b200       _recalloc                  000000018000c200 f   libucrt:recalloc.obj
 0001:0000b208       _recalloc_base             000000018000c208 f   libucrt:recalloc.obj
 0001:0000b2a0       __acrt_initialize_heap     000000018000c2a0 f   libucrt:heap_handle.obj
 0001:0000b2bc       __acrt_uninitialize_heap   000000018000c2bc f   libucrt:heap_handle.obj
 0001:0000b4b0       __acrt_initialize_lowio    000000018000c4b0 f   libucrt:ioinit.obj
 0001:0000b4ec       __acrt_uninitialize_lowio  000000018000c4ec f   libucrt:ioinit.obj
 0001:0000b52c       __acrt_execute_initializers 000000018000c52c f   libucrt:shared_initialization.obj
 0001:0000b5c0       __acrt_execute_uninitializers 000000018000c5c0 f   libucrt:shared_initialization.obj
 0001:0000b610       ??$?RV<lambda_c36588078e9f5dfd39652860aa6b3aaf>@@AEAV<lambda_ec61778202f4f5fc7e7711acc23c3bca>@@V<lambda_dc9d2797ccde5d239b4a0efae8ebd7db>@@@?$__crt_seh_guarded_call@P6AXH@Z@@QEAAP6AXH@Z$$QEAV<lambda_c36588078e9f5dfd39652860aa6b3aaf>@@AEAV<lambda_ec61778202f4f5fc7e7711acc23c3bca>@@$$QEAV<lambda_dc9d2797ccde5d239b4a0efae8ebd7db>@@@Z 000000018000c610 f i libucrt:signal.obj
 0001:0000b658       __acrt_get_sigabrt_handler 000000018000c658 f   libucrt:signal.obj
 0001:0000b688       __acrt_initialize_signal_handlers 000000018000c688 f   libucrt:signal.obj
 0001:0000b6a8       raise                      000000018000c6a8 f   libucrt:signal.obj
 0001:0000b944       __acrt_has_user_matherr    000000018000c944 f   libucrt:matherr.obj
 0001:0000b964       __acrt_initialize_user_matherr 000000018000c964 f   libucrt:matherr.obj
 0001:0000b96c       __acrt_invoke_user_matherr 000000018000c96c f   libucrt:matherr.obj
 0001:0000b9b4       _query_new_mode            000000018000c9b4 f   libucrt:new_mode.obj
 0001:0000b9bc       _mbtowc_l                  000000018000c9bc f   libucrt:mbtowc.obj
 0001:0000bb04       mbtowc                     000000018000cb04 f   libucrt:mbtowc.obj
 0001:0000bb0c       _fileno                    000000018000cb0c f   libucrt:fileno.obj
 0001:0000bb34       __acrt_initialize_stdio    000000018000cb34 f   libucrt:_file.obj
 0001:0000bc54       __acrt_uninitialize_stdio  000000018000cc54 f   libucrt:_file.obj
 0001:0000bcb0       _lock_file                 000000018000ccb0 f   libucrt:_file.obj
 0001:0000bcbc       _unlock_file               000000018000ccbc f   libucrt:_file.obj
 0001:0000bcc8       __pctype_func              000000018000ccc8 f   libucrt:ctype.obj
 0001:0000bcf8       _isctype_l                 000000018000ccf8 f   libucrt:isctype.obj
 0001:0000be08       __acrt_add_locale_ref      000000018000ce08 f   libucrt:locale_refcounting.obj
 0001:0000be94       __acrt_free_locale         000000018000ce94 f   libucrt:locale_refcounting.obj
 0001:0000c00c       __acrt_locale_add_lc_time_reference 000000018000d00c f   libucrt:locale_refcounting.obj
 0001:0000c034       __acrt_locale_free_lc_time_if_unreferenced 000000018000d034 f   libucrt:locale_refcounting.obj
 0001:0000c06c       __acrt_locale_release_lc_time_reference 000000018000d06c f   libucrt:locale_refcounting.obj
 0001:0000c094       __acrt_release_locale_ref  000000018000d094 f   libucrt:locale_refcounting.obj
 0001:0000c13c       __acrt_update_thread_locale_data 000000018000d13c f   libucrt:locale_refcounting.obj
 0001:0000c1ac       _updatetlocinfoEx_nolock   000000018000d1ac f   libucrt:locale_refcounting.obj
 0001:0000c214       _isleadbyte_l              000000018000d214 f i libucrt:_wctype.obj
 0001:0000c5b0       __acrt_LCMapStringA        000000018000d5b0 f   libucrt:lcmapstringa.obj
 0001:0000c648       __acrt_locale_free_monetary 000000018000d648 f   libucrt:initmon.obj
 0001:0000c754       __acrt_locale_free_numeric 000000018000d754 f   libucrt:initnum.obj
 0001:0000c818       __acrt_locale_free_time    000000018000d818 f   libucrt:inittime.obj
 0001:0000c920       __acrt_GetStringTypeA      000000018000d920 f   libucrt:getstringtypea.obj
 0001:0000cb9c       __acrt_DownlevelLocaleNameToLCID 000000018000db9c f   libucrt:lcidtoname_downlevel.obj
 0001:0000cca0       qsort                      000000018000dca0 f   libucrt:qsort.obj
 0001:0000cfd4       strncpy_s                  000000018000dfd4 f   libucrt:strncpy_s.obj
 0001:0000d0a8       strpbrk                    000000018000e0a8 f   libucrt:strpbrk.obj
 0001:0000d148       _mbsdec                    000000018000e148 f   libucrt:mbsdec.obj
 0001:0000d150       _mbsdec_l                  000000018000e150 f   libucrt:mbsdec.obj
 0001:0000d200       _msize                     000000018000e200 f   libucrt:msize.obj
 0001:0000d23c       _realloc_base              000000018000e23c f   libucrt:realloc_base.obj
 0001:0000d2c0       __acrt_lowio_create_handle_array 000000018000e2c0 f   libucrt:osfinfo.obj
 0001:0000d358       __acrt_lowio_destroy_handle_array 000000018000e358 f   libucrt:osfinfo.obj
 0001:0000d3a8       __acrt_lowio_ensure_fh_exists 000000018000e3a8 f   libucrt:osfinfo.obj
 0001:0000d460       __acrt_lowio_lock_fh       000000018000e460 f   libucrt:osfinfo.obj
 0001:0000d484       __acrt_lowio_unlock_fh     000000018000e484 f   libucrt:osfinfo.obj
 0001:0000d4a8       _free_osfhnd               000000018000e4a8 f   libucrt:osfinfo.obj
 0001:0000d564       _get_osfhandle             000000018000e564 f   libucrt:osfinfo.obj
 0001:0000d5dc       _isatty                    000000018000e5dc f   libucrt:isatty.obj
 0001:0000d63c       __acrt_stdio_flush_nolock  000000018000e63c f   libucrt:fflush.obj
 0001:0000d6b4       _fflush_nolock             000000018000e6b4 f   libucrt:fflush.obj
 0001:0000d700       _flushall                  000000018000e700 f   libucrt:fflush.obj
 0001:0000d7f0       _fcloseall                 000000018000e7f0 f   libucrt:closeall.obj
 0001:0000d8a4       __acrt_stdio_free_buffer_nolock 000000018000e8a4 f   libucrt:_freebuf.obj
 0001:0000d8e4       __strncnt                  000000018000e8e4 f   libucrt:strncnt.obj
 0001:0000d8fc       _query_app_type            000000018000e8fc f   libucrt:report_runtime_error.obj
 0001:0000d904       ??$?RV<lambda_b521505b218e5242e90febf6bfebc422>@@AEAV<lambda_6978c1fb23f02e42e1d9e99668cc68aa>@@V<lambda_314360699dd331753a4119843814e9a7>@@@?$__crt_seh_guarded_call@H@@QEAAH$$QEAV<lambda_b521505b218e5242e90febf6bfebc422>@@AEAV<lambda_6978c1fb23f02e42e1d9e99668cc68aa>@@$$QEAV<lambda_314360699dd331753a4119843814e9a7>@@@Z 000000018000e904 f i libucrt:commit.obj
 0001:0000d990       _commit                    000000018000e990 f   libucrt:commit.obj
 0001:0000dfc4       _write                     000000018000efc4 f   libucrt:write.obj
 0001:0000e0b0       _write_nolock              000000018000f0b0 f   libucrt:write.obj
 0001:0000e3a0       log10                      000000018000f3a0 f   libucrt:log10.obj
 0001:0000e9e8       _lseeki64_nolock           000000018000f9e8 f   libucrt:lseek.obj
 0001:0000e9f0       _fclose_nolock             000000018000f9f0 f   libucrt:fclose.obj
 0001:0000ea74       fclose                     000000018000fa74 f   libucrt:fclose.obj
 0001:0000eae0       _putwch_nolock             000000018000fae0 f   libucrt:putwch.obj
 0001:0000ec60       _handle_error              000000018000fc60 f   libucrt:libm_error.obj
 0001:0000ed90       __acrt_initialize_fma3     000000018000fd90 f   libucrt:fma3_available.obj
 0001:0000ee00       _log10_special             000000018000fe00 f   libucrt:log_special.obj
 0001:0000eeb8       ??$?RV<lambda_bfedae4ebbf01fab1bb6dcc6a9e276e0>@@AEAV<lambda_2fe9b910cf3cbf4a0ab98a02ba45b3ec>@@V<lambda_237c231691f317818eb88cc1d5d642d6>@@@?$__crt_seh_guarded_call@H@@QEAAH$$QEAV<lambda_bfedae4ebbf01fab1bb6dcc6a9e276e0>@@AEAV<lambda_2fe9b910cf3cbf4a0ab98a02ba45b3ec>@@$$QEAV<lambda_237c231691f317818eb88cc1d5d642d6>@@@Z 000000018000feb8 f i libucrt:close.obj
 0001:0000ef2c       _close                     000000018000ff2c f   libucrt:close.obj
 0001:0000efd0       _close_nolock              000000018000ffd0 f   libucrt:close.obj
 0001:0000f08c       ?__acrt_stdio_free_stream@@YAXV__crt_stdio_stream@@@Z 000000018001008c f   libucrt:stream.obj
 0001:0000f0d0       __dcrt_lowio_initialize_console_output 00000001800100d0 f   libucrt:initcon.obj
 0001:0000f10c       __dcrt_terminate_console_output 000000018001010c f   libucrt:initcon.obj
 0001:0000f140       _get_fpsr                  0000000180010140 f   libucrt:fpsr.obj
 0001:0000f150       _set_fpsr                  0000000180010150 f   libucrt:fpsr.obj
 0001:0000f15a       _fclrf                     000000018001015a f   libucrt:fpsr.obj
 0001:0000f16e       _frnd                      000000018001016e f   libucrt:fpsr.obj
 0001:0000f190       _raise_exc                 0000000180010190 f   libucrt:fpexcept.obj
 0001:0000f1b8       _raise_exc_ex              00000001800101b8 f   libucrt:fpexcept.obj
 0001:0000f4c0       _set_errno_from_matherr    00000001800104c0 f   libucrt:fpexcept.obj
 0001:0000f4f0       _clrfp                     00000001800104f0 f   libucrt:fpctrl.obj
 0001:0000f510       _ctrlfp                    0000000180010510 f   libucrt:fpctrl.obj
 0001:0000f58c       _set_statfp                000000018001058c f   libucrt:fpctrl.obj
 0001:0000f5ac       _statfp                    00000001800105ac f   libucrt:fpctrl.obj
 0001:0000f5be       IsProcessorFeaturePresent  00000001800105be f   kernel32:KERNEL32.dll
 0001:0000f5c4       RtlUnwindEx                00000001800105c4 f   kernel32:KERNEL32.dll
 0001:0000f5ca       SystemFunction036          00000001800105ca f   advapi32:ADVAPI32.dll
 0001:0000f5d0       ?DloadAcquireSectionWriteAccess@@YAXXZ 00000001800105d0 f i DelayImp:delayhlp.obj
 0001:0000f68c       ?DloadGetSRWLockFunctionPointers@@YAEXZ 000000018001068c f i DelayImp:delayhlp.obj
 0001:0000f728       ?DloadMakePermanentImageCommit@@YAXPEAX_K@Z 0000000180010728 f i DelayImp:delayhlp.obj
 0001:0000f7c0       ?DloadObtainSection@@YAPEAXPEAK0@Z 00000001800107c0 f i DelayImp:delayhlp.obj
 0001:0000f858       ?DloadProtectSection@@YAXKPEAK@Z 0000000180010858 f i DelayImp:delayhlp.obj
 0001:0000f8e8       ?DloadReleaseSectionWriteAccess@@YAXXZ 00000001800108e8 f i DelayImp:delayhlp.obj
 0001:0000f98c       __delayLoadHelper2         000000018001098c f   DelayImp:delayhlp.obj
 0001:0000fc94       __GSHandlerCheck           0000000180010c94 f   LIBCMT:_gshandler_.obj
 0001:0000fcb4       __GSHandlerCheckCommon     0000000180010cb4 f   LIBCMT:_gshandler_.obj
 0001:0000fd10       _FindPESection             0000000180010d10 f   LIBCMT:pesect.obj
 0001:0000fd60       _IsNonwritableInCurrentImage 0000000180010d60 f   LIBCMT:pesect.obj
 0001:0000fdb0       _ValidateImageBase         0000000180010db0 f   LIBCMT:pesect.obj
 0001:0000fdf0       __chkstk                   0000000180010df0 f   LIBCMT:_chkstk_.obj
 0001:0000fdf0       _alloca_probe              0000000180010df0 f   LIBCMT:_chkstk_.obj
 0001:0000fe60       memcmp                     0000000180010e60 f   libvcruntime:memcmp.obj
 0001:0000ff40       _guard_dispatch_icall_nop  0000000180010f40 f   LIBCMT:_guard_dispatch_.obj
 0002:00000000       __imp_SystemFunction036    0000000180012000     advapi32:ADVAPI32.dll
 0002:00000008       \177ADVAPI32_NULL_THUNK_DATA 0000000180012008     advapi32:ADVAPI32.dll
 0002:00000010       __imp_RtlCaptureContext    0000000180012010     kernel32:KERNEL32.dll
 0002:00000018       __imp_RtlLookupFunctionEntry 0000000180012018     kernel32:KERNEL32.dll
 0002:00000020       __imp_RtlVirtualUnwind     0000000180012020     kernel32:KERNEL32.dll
 0002:00000028       __imp_UnhandledExceptionFilter 0000000180012028     kernel32:KERNEL32.dll
 0002:00000030       __imp_SetUnhandledExceptionFilter 0000000180012030     kernel32:KERNEL32.dll
 0002:00000038       __imp_GetCurrentProcess    0000000180012038     kernel32:KERNEL32.dll
 0002:00000040       __imp_TerminateProcess     0000000180012040     kernel32:KERNEL32.dll
 0002:00000048       __imp_IsProcessorFeaturePresent 0000000180012048     kernel32:KERNEL32.dll
 0002:00000050       __imp_QueryPerformanceCounter 0000000180012050     kernel32:KERNEL32.dll
 0002:00000058       __imp_GetCurrentProcessId  0000000180012058     kernel32:KERNEL32.dll
 0002:00000060       __imp_GetCurrentThreadId   0000000180012060     kernel32:KERNEL32.dll
 0002:00000068       __imp_GetSystemTimeAsFileTime 0000000180012068     kernel32:KERNEL32.dll
 0002:00000070       __imp_InitializeSListHead  0000000180012070     kernel32:KERNEL32.dll
 0002:00000078       __imp_IsDebuggerPresent    0000000180012078     kernel32:KERNEL32.dll
 0002:00000080       __imp_GetStartupInfoW      0000000180012080     kernel32:KERNEL32.dll
 0002:00000088       __imp_GetModuleHandleW     0000000180012088     kernel32:KERNEL32.dll
 0002:00000090       __imp_RtlPcToFileHeader    0000000180012090     kernel32:KERNEL32.dll
 0002:00000098       __imp_RaiseException       0000000180012098     kernel32:KERNEL32.dll
 0002:000000a0       __imp_GetLastError         00000001800120a0     kernel32:KERNEL32.dll
 0002:000000a8       __imp_GetModuleFileNameW   00000001800120a8     kernel32:KERNEL32.dll
 0002:000000b0       __imp_RtlUnwindEx          00000001800120b0     kernel32:KERNEL32.dll
 0002:000000b8       __imp_InterlockedFlushSList 00000001800120b8     kernel32:KERNEL32.dll
 0002:000000c0       __imp_InitializeCriticalSectionAndSpinCount 00000001800120c0     kernel32:KERNEL32.dll
 0002:000000c8       __imp_TlsAlloc             00000001800120c8     kernel32:KERNEL32.dll
 0002:000000d0       __imp_TlsGetValue          00000001800120d0     kernel32:KERNEL32.dll
 0002:000000d8       __imp_TlsSetValue          00000001800120d8     kernel32:KERNEL32.dll
 0002:000000e0       __imp_TlsFree              00000001800120e0     kernel32:KERNEL32.dll
 0002:000000e8       __imp_FreeLibrary          00000001800120e8     kernel32:KERNEL32.dll
 0002:000000f0       __imp_GetProcAddress       00000001800120f0     kernel32:KERNEL32.dll
 0002:000000f8       __imp_LoadLibraryExW       00000001800120f8     kernel32:KERNEL32.dll
 0002:00000100       __imp_SetLastError         0000000180012100     kernel32:KERNEL32.dll
 0002:00000108       __imp_EncodePointer        0000000180012108     kernel32:KERNEL32.dll
 0002:00000110       __imp_EnterCriticalSection 0000000180012110     kernel32:KERNEL32.dll
 0002:00000118       __imp_LeaveCriticalSection 0000000180012118     kernel32:KERNEL32.dll
 0002:00000120       __imp_DeleteCriticalSection 0000000180012120     kernel32:KERNEL32.dll
 0002:00000128       __imp_ExitProcess          0000000180012128     kernel32:KERNEL32.dll
 0002:00000130       __imp_GetModuleHandleExW   0000000180012130     kernel32:KERNEL32.dll
 0002:00000138       __imp_GetModuleFileNameA   0000000180012138     kernel32:KERNEL32.dll
 0002:00000140       __imp_MultiByteToWideChar  0000000180012140     kernel32:KERNEL32.dll
 0002:00000148       __imp_WideCharToMultiByte  0000000180012148     kernel32:KERNEL32.dll
 0002:00000150       __imp_HeapFree             0000000180012150     kernel32:KERNEL32.dll
 0002:00000158       __imp_HeapAlloc            0000000180012158     kernel32:KERNEL32.dll
 0002:00000160       __imp_GetACP               0000000180012160     kernel32:KERNEL32.dll
 0002:00000168       __imp_LCMapStringW         0000000180012168     kernel32:KERNEL32.dll
 0002:00000170       __imp_FindClose            0000000180012170     kernel32:KERNEL32.dll
 0002:00000178       __imp_FindFirstFileExA     0000000180012178     kernel32:KERNEL32.dll
 0002:00000180       __imp_FindNextFileA        0000000180012180     kernel32:KERNEL32.dll
 0002:00000188       __imp_IsValidCodePage      0000000180012188     kernel32:KERNEL32.dll
 0002:00000190       __imp_GetOEMCP             0000000180012190     kernel32:KERNEL32.dll
 0002:00000198       __imp_GetCPInfo            0000000180012198     kernel32:KERNEL32.dll
 0002:000001a0       __imp_GetCommandLineA      00000001800121a0     kernel32:KERNEL32.dll
 0002:000001a8       __imp_GetCommandLineW      00000001800121a8     kernel32:KERNEL32.dll
 0002:000001b0       __imp_GetEnvironmentStringsW 00000001800121b0     kernel32:KERNEL32.dll
 0002:000001b8       __imp_FreeEnvironmentStringsW 00000001800121b8     kernel32:KERNEL32.dll
 0002:000001c0       __imp_GetProcessHeap       00000001800121c0     kernel32:KERNEL32.dll
 0002:000001c8       __imp_GetStdHandle         00000001800121c8     kernel32:KERNEL32.dll
 0002:000001d0       __imp_GetFileType          00000001800121d0     kernel32:KERNEL32.dll
 0002:000001d8       __imp_GetStringTypeW       00000001800121d8     kernel32:KERNEL32.dll
 0002:000001e0       __imp_HeapSize             00000001800121e0     kernel32:KERNEL32.dll
 0002:000001e8       __imp_HeapReAlloc          00000001800121e8     kernel32:KERNEL32.dll
 0002:000001f0       __imp_SetStdHandle         00000001800121f0     kernel32:KERNEL32.dll
 0002:000001f8       __imp_WriteFile            00000001800121f8     kernel32:KERNEL32.dll
 0002:00000200       __imp_FlushFileBuffers     0000000180012200     kernel32:KERNEL32.dll
 0002:00000208       __imp_GetConsoleCP         0000000180012208     kernel32:KERNEL32.dll
 0002:00000210       __imp_GetConsoleMode       0000000180012210     kernel32:KERNEL32.dll
 0002:00000218       __imp_SetFilePointerEx     0000000180012218     kernel32:KERNEL32.dll
 0002:00000220       __imp_CloseHandle          0000000180012220     kernel32:KERNEL32.dll
 0002:00000228       __imp_WriteConsoleW        0000000180012228     kernel32:KERNEL32.dll
 0002:00000230       __imp_CreateFileW          0000000180012230     kernel32:KERNEL32.dll
 0002:00000238       __imp_GetModuleHandleA     0000000180012238     kernel32:KERNEL32.dll
 0002:00000240       __imp_GetSystemInfo        0000000180012240     kernel32:KERNEL32.dll
 0002:00000248       __imp_VirtualProtect       0000000180012248     kernel32:KERNEL32.dll
 0002:00000250       __imp_VirtualQuery         0000000180012250     kernel32:KERNEL32.dll
 0002:00000258       __imp_LoadLibraryExA       0000000180012258     kernel32:KERNEL32.dll
 0002:00000260       \177KERNEL32_NULL_THUNK_DATA 0000000180012260     kernel32:KERNEL32.dll
 0002:00000268       __guard_check_icall_fptr   0000000180012268     LIBCMT:guard_support.obj
 0002:00000270       __guard_dispatch_icall_fptr 0000000180012270     LIBCMT:guard_support.obj
 0002:00000278       __xc_a                     0000000180012278     LIBCMT:initializers.obj
 0002:00000280       _register_bsdiff4_         0000000180012280     bsdiff4.obj
 0002:00000288       __xc_z                     0000000180012288     LIBCMT:initializers.obj
 0002:00000290       __xi_a                     0000000180012290     LIBCMT:initializers.obj
 0002:00000298       __acrt_multibyte_initializer 0000000180012298     libucrt:multibyte_initializer.obj
 0002:000002a0       __acrt_stdio_initializer   00000001800122a0     libucrt:stdio_initializer.obj
 0002:000002a8       __acrt_tran_fma3_initializer 00000001800122a8     libucrt:fma3_initializer.obj
 0002:000002b0       __xi_z                     00000001800122b0     LIBCMT:initializers.obj
 0002:000002b8       __xp_a                     00000001800122b8     LIBCMT:initializers.obj
 0002:000002c0       __acrt_locale_terminator   00000001800122c0     libucrt:locale_initializer.obj
 0002:000002c8       __dcrt_console_output_terminator 00000001800122c8     libucrt:console_output_initializer.obj
 0002:000002d0       __acrt_stdio_terminator    00000001800122d0     libucrt:stdio_initializer.obj
 0002:000002d8       __xp_z                     00000001800122d8     LIBCMT:initializers.obj
 0002:000002e0       __xt_a                     00000001800122e0     LIBCMT:initializers.obj
 0002:000002e8       __xt_z                     00000001800122e8     LIBCMT:initializers.obj
 0002:000002f0       __sz_node_exe              00000001800122f0     node:node.exe
 0002:00000308       ??_7exception@std@@6B@     0000000180012308     libcpmt:xthrow.obj
 0002:00000318       ??_C@_0BC@EOODALEL@Unknown?5exception?$AA@ 0000000180012318     libcpmt:xthrow.obj
 0002:00000338       ??_7bad_alloc@std@@6B@     0000000180012338     libcpmt:xthrow.obj
 0002:00000348       ??_C@_0P@GHFPNOJB@bad?5allocation?$AA@ 0000000180012348     libcpmt:xthrow.obj
 0002:00000360       ??_7logic_error@std@@6B@   0000000180012360     libcpmt:xthrow.obj
 0002:00000378       ??_7length_error@std@@6B@  0000000180012378     libcpmt:xthrow.obj
 0002:00000390       ??_7out_of_range@std@@6B@  0000000180012390     libcpmt:xthrow.obj
 0002:000003a0       _pRawDllMain               00000001800123a0     LIBCMT:dll_dllmain.obj
 0002:000003a0       _pDefaultRawDllMain        00000001800123a0     LIBCMT:dll_dllmain.obj
 0002:000003b0       ??_7type_info@@6B@         00000001800123b0     LIBCMT:std_type_info_static.obj
 0002:000003d0       ??_7bad_array_new_length@std@@6B@ 00000001800123d0     LIBCMT:throw_bad_alloc.obj
 0002:000003e0       ??_C@_0BF@KINCDENJ@bad?5array?5new?5length?$AA@ 00000001800123e0     LIBCMT:throw_bad_alloc.obj
 0002:00000460       _Microsoft_CRTProvider     0000000180012460     libvcruntime:telemetry.obj
 0002:00000468       ??_C@_00CNPNBAHC@?$AA@     0000000180012468     libvcruntime:telemetry.obj
 0002:0000046c       ??_C@_11LOCGONAA@?$AA?$AA@ 000000018001246c     libvcruntime:telemetry.obj
 0002:00000470       ??_C@_0O@JEOPJOMI@Main?5Invoked?4?$AA@ 0000000180012470     libvcruntime:telemetry.obj
 0002:00000480       ??_C@_0P@NEAEIBDO@Main?5Returned?4?$AA@ 0000000180012480     libvcruntime:telemetry.obj
 0002:00000548       ??_C@_1BC@DNHGCMLG@?$AAa?$AAd?$AAv?$AAa?$AAp?$AAi?$AA3?$AA2?$AA?$AA@ 0000000180012548     libvcruntime:winapi_downlevel.obj
 0002:00000560       ??_C@_1DM@KHCHBNEB@?$AAa?$AAp?$AAi?$AA?9?$AAm?$AAs?$AA?9?$AAw?$AAi?$AAn?$AA?9?$AAc?$AAo?$AAr?$AAe?$AA?9?$AAf?$AAi?$AAb?$AAe?$AAr?$AAs?$AA?9?$AAl?$AA1?$AA?9?$AA1?$AA?9?$AA1?$AA?$AA@ 0000000180012560     libvcruntime:winapi_downlevel.obj
 0002:000005a0       ??_C@_1DK@LPPGFMPP@?$AAa?$AAp?$AAi?$AA?9?$AAm?$AAs?$AA?9?$AAw?$AAi?$AAn?$AA?9?$AAc?$AAo?$AAr?$AAe?$AA?9?$AAs?$AAy?$AAn?$AAc?$AAh?$AA?9?$AAl?$AA1?$AA?9?$AA2?$AA?9?$AA0?$AA?$AA@ 00000001800125a0     libvcruntime:winapi_downlevel.obj
 0002:000005e0       ??_C@_1BC@GDMECMAK@?$AAk?$AAe?$AAr?$AAn?$AAe?$AAl?$AA3?$AA2?$AA?$AA@ 00000001800125e0     libvcruntime:winapi_downlevel.obj
 0002:000005f8       ??_C@_0O@BAMBGLIE@EventRegister?$AA@ 00000001800125f8     libvcruntime:winapi_downlevel.obj
 0002:00000610       ??_C@_0BE@BJEEGHGK@EventSetInformation?$AA@ 0000000180012610     libvcruntime:winapi_downlevel.obj
 0002:00000628       ??_C@_0BA@FAKLIPIC@EventUnregister?$AA@ 0000000180012628     libvcruntime:winapi_downlevel.obj
 0002:00000640       ??_C@_0BD@PKLHJPHD@EventWriteTransfer?$AA@ 0000000180012640     libvcruntime:winapi_downlevel.obj
 0002:00000660       ??_C@_08KNHFBNJ@FlsAlloc?$AA@ 0000000180012660     libvcruntime:winapi_downlevel.obj
 0002:00000678       ??_C@_07PEJMOBNF@FlsFree?$AA@ 0000000180012678     libvcruntime:winapi_downlevel.obj
 0002:00000688       ??_C@_0M@GDNOONDI@FlsGetValue?$AA@ 0000000180012688     libvcruntime:winapi_downlevel.obj
 0002:000006a0       ??_C@_0M@JCPCPOEF@FlsSetValue?$AA@ 00000001800126a0     libvcruntime:winapi_downlevel.obj
 0002:000006b8       ??_C@_0BM@HCFOFFN@InitializeCriticalSectionEx?$AA@ 00000001800126b8     libvcruntime:winapi_downlevel.obj
 0002:000006d8       _pDestructExceptionObject  00000001800126d8     libvcruntime:frame.obj
 0002:000006e8       ??_7bad_exception@std@@6B@ 00000001800126e8     libvcruntime:frame.obj
 0002:000006f8       ??_C@_0O@DPKOEFFH@bad?5exception?$AA@ 00000001800126f8     libvcruntime:frame.obj
 0002:00000a30       ??_C@_08EHJDFFNH@__based?$CI?$AA@ 0000000180012a30     libvcruntime:undname.obj
 0002:00000a40       ??_C@_07KOLFKCDI@__cdecl?$AA@ 0000000180012a40     libvcruntime:undname.obj
 0002:00000a48       ??_C@_08GHMPAG@__pascal?$AA@ 0000000180012a48     libvcruntime:undname.obj
 0002:00000a58       ??_C@_09IFJBGAPI@__stdcall?$AA@ 0000000180012a58     libvcruntime:undname.obj
 0002:00000a68       ??_C@_0L@NPHFGOKO@__thiscall?$AA@ 0000000180012a68     libvcruntime:undname.obj
 0002:00000a78       ??_C@_0L@JMKHOMEK@__fastcall?$AA@ 0000000180012a78     libvcruntime:undname.obj
 0002:00000a88       ??_C@_0N@BCKKPABJ@__vectorcall?$AA@ 0000000180012a88     libvcruntime:undname.obj
 0002:00000a98       ??_C@_09HIJEGCPM@__clrcall?$AA@ 0000000180012a98     libvcruntime:undname.obj
 0002:00000aa4       ??_C@_06GHPCKEAG@__eabi?$AA@ 0000000180012aa4     libvcruntime:undname.obj
 0002:00000ab0       ??_C@_07JOMMBBKO@__ptr64?$AA@ 0000000180012ab0     libvcruntime:undname.obj
 0002:00000ab8       ??_C@_0L@PILCLIHE@__restrict?$AA@ 0000000180012ab8     libvcruntime:undname.obj
 0002:00000ac8       ??_C@_0M@GFIIJFMG@__unaligned?$AA@ 0000000180012ac8     libvcruntime:undname.obj
 0002:00000ad8       ??_C@_09DHDLOLLB@restrict?$CI?$AA@ 0000000180012ad8     libvcruntime:undname.obj
 0002:00000ae4       ??_C@_04NIHEBCM@?5new?$AA@ 0000000180012ae4     libvcruntime:undname.obj
 0002:00000af0       ??_C@_07FPCDHGMM@?5delete?$AA@ 0000000180012af0     libvcruntime:undname.obj
 0002:00000af8       ??_C@_01NEMOKFLO@?$DN?$AA@ 0000000180012af8     libvcruntime:undname.obj
 0002:00000afc       ??_C@_02GPIOPFAK@?$DO?$DO?$AA@ 0000000180012afc     libvcruntime:undname.obj
 0002:00000b00       ??_C@_02FODMEDOG@?$DM?$DM?$AA@ 0000000180012b00     libvcruntime:undname.obj
 0002:00000b04       ??_C@_01DCLJPIOD@?$CB?$AA@ 0000000180012b04     libvcruntime:undname.obj
 0002:00000b08       ??_C@_02EGOFBIJA@?$DN?$DN?$AA@ 0000000180012b08     libvcruntime:undname.obj
 0002:00000b0c       ??_C@_02FDNJECIE@?$CB?$DN?$AA@ 0000000180012b0c     libvcruntime:undname.obj
 0002:00000b10       ??_C@_02GPECMEKF@?$FL?$FN?$AA@ 0000000180012b10     libvcruntime:undname.obj
 0002:00000b18       ??_C@_08LHJFAFGD@operator?$AA@ 0000000180012b18     libvcruntime:undname.obj
 0002:00000b24       ??_C@_02HBOOOICD@?9?$DO?$AA@ 0000000180012b24     libvcruntime:undname.obj
 0002:00000b28       ??_C@_01NBENCBCI@?$CK?$AA@ 0000000180012b28     libvcruntime:undname.obj
 0002:00000b2c       ??_C@_02ECNGHCIF@?$CL?$CL?$AA@ 0000000180012b2c     libvcruntime:undname.obj
 0002:00000b30       ??_C@_02BAABKJLB@?9?9?$AA@ 0000000180012b30     libvcruntime:undname.obj
 0002:00000b34       ??_C@_01JOAMLHOP@?9?$AA@   0000000180012b34     libvcruntime:undname.obj
 0002:00000b38       ??_C@_01MIFGBAGJ@?$CL?$AA@ 0000000180012b38     libvcruntime:undname.obj
 0002:00000b3c       ??_C@_01HNPIGOCE@?$CG?$AA@ 0000000180012b3c     libvcruntime:undname.obj
 0002:00000b40       ??_C@_03MNHNFDLC@?9?$DO?$CK?$AA@ 0000000180012b40     libvcruntime:undname.obj
 0002:00000b44       ??_C@_01KMDKNFGN@?1?$AA@   0000000180012b44     libvcruntime:undname.obj
 0002:00000b48       ??_C@_01FGNFDNOH@?$CF?$AA@ 0000000180012b48     libvcruntime:undname.obj
 0002:00000b4c       ??_C@_01MNNFJEPP@?$DM?$AA@ 0000000180012b4c     libvcruntime:undname.obj
 0002:00000b50       ??_C@_02EHCHHCKH@?$DM?$DN?$AA@ 0000000180012b50     libvcruntime:undname.obj
 0002:00000b54       ??_C@_01PPODPGHN@?$DO?$AA@ 0000000180012b54     libvcruntime:undname.obj
 0002:00000b58       ??_C@_02EEKDKGMJ@?$DO?$DN?$AA@ 0000000180012b58     libvcruntime:undname.obj
 0002:00000b5c       ??_C@_01IHBHIGKO@?0?$AA@   0000000180012b5c     libvcruntime:undname.obj
 0002:00000b60       ??_C@_02HCKGKOFO@?$CI?$CJ?$AA@ 0000000180012b60     libvcruntime:undname.obj
 0002:00000b64       ??_C@_01PJKLJHI@?$HO?$AA@  0000000180012b64     libvcruntime:undname.obj
 0002:00000b68       ??_C@_01JKBOJNNK@?$FO?$AA@ 0000000180012b68     libvcruntime:undname.obj
 0002:00000b6c       ??_C@_01DNKMNLPK@?$HM?$AA@ 0000000180012b6c     libvcruntime:undname.obj
 0002:00000b70       ??_C@_02PPKAJPJL@?$CG?$CG?$AA@ 0000000180012b70     libvcruntime:undname.obj
 0002:00000b74       ??_C@_02NONPIBCD@?$HM?$HM?$AA@ 0000000180012b74     libvcruntime:undname.obj
 0002:00000b78       ??_C@_02FPIMKNGF@?$CK?$DN?$AA@ 0000000180012b78     libvcruntime:undname.obj
 0002:00000b7c       ??_C@_02FOEOMHFC@?$CL?$DN?$AA@ 0000000180012b7c     libvcruntime:undname.obj
 0002:00000b80       ??_C@_02FKMDLLOA@?9?$DN?$AA@ 0000000180012b80     libvcruntime:undname.obj
 0002:00000b84       ??_C@_02FJEHGPIO@?1?$DN?$AA@ 0000000180012b84     libvcruntime:undname.obj
 0002:00000b88       ??_C@_02FENAOKFI@?$CF?$DN?$AA@ 0000000180012b88     libvcruntime:undname.obj
 0002:00000b8c       ??_C@_03IKFCCPFF@?$DO?$DO?$DN?$AA@ 0000000180012b8c     libvcruntime:undname.obj
 0002:00000b90       ??_C@_03CDNPDDLA@?$DM?$DM?$DN?$AA@ 0000000180012b90     libvcruntime:undname.obj
 0002:00000b94       ??_C@_02FGJGFEAB@?$CG?$DN?$AA@ 0000000180012b94     libvcruntime:undname.obj
 0002:00000b98       ??_C@_02DHLNPPGH@?$HM?$DN?$AA@ 0000000180012b98     libvcruntime:undname.obj
 0002:00000b9c       ??_C@_02MHEGNOJ@?$FO?$DN?$AA@ 0000000180012b9c     libvcruntime:undname.obj
 0002:00000ba0       ??_C@_09IFPLHPGF@?$GAvftable?8?$AA@ 0000000180012ba0     libvcruntime:undname.obj
 0002:00000bb0       ??_C@_09BLBHBJP@?$GAvbtable?8?$AA@ 0000000180012bb0     libvcruntime:undname.obj
 0002:00000bc0       ??_C@_07FEEIOKP@?$GAvcall?8?$AA@ 0000000180012bc0     libvcruntime:undname.obj
 0002:00000bc8       ??_C@_08LLFFHHDJ@?$GAtypeof?8?$AA@ 0000000180012bc8     libvcruntime:undname.obj
 0002:00000bd8       ??_C@_0BF@KDPPACIK@?$GAlocal?5static?5guard?8?$AA@ 0000000180012bd8     libvcruntime:undname.obj
 0002:00000bf0       ??_C@_08OBABFOLI@?$GAstring?8?$AA@ 0000000180012bf0     libvcruntime:undname.obj
 0002:00000c00       ??_C@_0BD@JDLKDPAB@?$GAvbase?5destructor?8?$AA@ 0000000180012c00     libvcruntime:undname.obj
 0002:00000c18       ??_C@_0BN@DEGPLNFK@?$GAvector?5deleting?5destructor?8?$AA@ 0000000180012c18     libvcruntime:undname.obj
 0002:00000c38       ??_C@_0BO@OBMKPJIG@?$GAdefault?5constructor?5closure?8?$AA@ 0000000180012c38     libvcruntime:undname.obj
 0002:00000c58       ??_C@_0BN@IMDCHIKM@?$GAscalar?5deleting?5destructor?8?$AA@ 0000000180012c58     libvcruntime:undname.obj
 0002:00000c78       ??_C@_0BO@PFGOCPJJ@?$GAvector?5constructor?5iterator?8?$AA@ 0000000180012c78     libvcruntime:undname.obj
 0002:00000c98       ??_C@_0BN@LFPFMEDL@?$GAvector?5destructor?5iterator?8?$AA@ 0000000180012c98     libvcruntime:undname.obj
 0002:00000cb8       ??_C@_0CE@IKBNEHA@?$GAvector?5vbase?5constructor?5iterat@ 0000000180012cb8     libvcruntime:undname.obj
 0002:00000ce0       ??_C@_0BL@NILFHHPC@?$GAvirtual?5displacement?5map?8?$AA@ 0000000180012ce0     libvcruntime:undname.obj
 0002:00000d00       ??_C@_0CB@JONCMFFK@?$GAeh?5vector?5constructor?5iterator?8@ 0000000180012d00     libvcruntime:undname.obj
 0002:00000d28       ??_C@_0CA@GCEOPDGL@?$GAeh?5vector?5destructor?5iterator?8?$AA@ 0000000180012d28     libvcruntime:undname.obj
 0002:00000d48       ??_C@_0CH@OOJPLCPH@?$GAeh?5vector?5vbase?5constructor?5ite@ 0000000180012d48     libvcruntime:undname.obj
 0002:00000d70       ??_C@_0BL@LLKPOHJI@?$GAcopy?5constructor?5closure?8?$AA@ 0000000180012d70     libvcruntime:undname.obj
 0002:00000d90       ??_C@_0BA@KBCDOMBN@?$GAudt?5returning?8?$AA@ 0000000180012d90     libvcruntime:undname.obj
 0002:00000da0       ??_C@_03KLGMFNMG@?$GAEH?$AA@ 0000000180012da0     libvcruntime:undname.obj
 0002:00000da4       ??_C@_05KHLCHHI@?$GARTTI?$AA@ 0000000180012da4     libvcruntime:undname.obj
 0002:00000db0       ??_C@_0BA@KKLDJDLB@?$GAlocal?5vftable?8?$AA@ 0000000180012db0     libvcruntime:undname.obj
 0002:00000dc0       ??_C@_0CE@IIHCMGGL@?$GAlocal?5vftable?5constructor?5closu@ 0000000180012dc0     libvcruntime:undname.obj
 0002:00000de4       ??_C@_06FHBGPFGH@?5new?$FL?$FN?$AA@ 0000000180012de4     libvcruntime:undname.obj
 0002:00000df0       ??_C@_09LBNFPBCA@?5delete?$FL?$FN?$AA@ 0000000180012df0     libvcruntime:undname.obj
 0002:00000e00       ??_C@_0P@HJKNJFNN@?$GAomni?5callsig?8?$AA@ 0000000180012e00     libvcruntime:undname.obj
 0002:00000e10       ??_C@_0BL@CNOONJFP@?$GAplacement?5delete?5closure?8?$AA@ 0000000180012e10     libvcruntime:undname.obj
 0002:00000e30       ??_C@_0BN@CKNJLHMB@?$GAplacement?5delete?$FL?$FN?5closure?8?$AA@ 0000000180012e30     libvcruntime:undname.obj
 0002:00000e50       ??_C@_0CG@CFDHKGGD@?$GAmanaged?5vector?5constructor?5iter@ 0000000180012e50     libvcruntime:undname.obj
 0002:00000e78       ??_C@_0CF@IMGKMJNO@?$GAmanaged?5vector?5destructor?5itera@ 0000000180012e78     libvcruntime:undname.obj
 0002:00000ea0       ??_C@_0CG@HLDDJMAG@?$GAeh?5vector?5copy?5constructor?5iter@ 0000000180012ea0     libvcruntime:undname.obj
 0002:00000ec8       ??_C@_0CM@FCBBDIGB@?$GAeh?5vector?5vbase?5copy?5constructo@ 0000000180012ec8     libvcruntime:undname.obj
 0002:00000ef8       ??_C@_0BL@CLIPGLGB@?$GAdynamic?5initializer?5for?5?8?$AA@ 0000000180012ef8     libvcruntime:undname.obj
 0002:00000f18       ??_C@_0CB@PDBIFEP@?$GAdynamic?5atexit?5destructor?5for?5?8@ 0000000180012f18     libvcruntime:undname.obj
 0002:00000f40       ??_C@_0CD@CGAJBKEJ@?$GAvector?5copy?5constructor?5iterato@ 0000000180012f40     libvcruntime:undname.obj
 0002:00000f68       ??_C@_0CJ@GJELGAMM@?$GAvector?5vbase?5copy?5constructor?5i@ 0000000180012f68     libvcruntime:undname.obj
 0002:00000f98       ??_C@_0CL@FGIJHLCE@?$GAmanaged?5vector?5copy?5constructor@ 0000000180012f98     libvcruntime:undname.obj
 0002:00000fc8       ??_C@_0BM@PMGGMLDN@?$GAlocal?5static?5thread?5guard?8?$AA@ 0000000180012fc8     libvcruntime:undname.obj
 0002:00000fe8       ??_C@_0N@BDNMDMOL@operator?5?$CC?$CC?5?$AA@ 0000000180012fe8     libvcruntime:undname.obj
 0002:00000ff8       ??_C@_0BC@DAFEJGAK@?5Type?5Descriptor?8?$AA@ 0000000180012ff8     libvcruntime:undname.obj
 0002:00001010       ??_C@_0BM@LDKODKLH@?5Base?5Class?5Descriptor?5at?5?$CI?$AA@ 0000000180013010     libvcruntime:undname.obj
 0002:00001030       ??_C@_0BD@LGICGFMM@?5Base?5Class?5Array?8?$AA@ 0000000180013030     libvcruntime:undname.obj
 0002:00001048       ??_C@_0BN@MECKDCOJ@?5Class?5Hierarchy?5Descriptor?8?$AA@ 0000000180013048     libvcruntime:undname.obj
 0002:00001068       ??_C@_0BK@CFCOFLF@?5Complete?5Object?5Locator?8?$AA@ 0000000180013068     libvcruntime:undname.obj
 0002:00001090       __acrt_exception_action_table 0000000180013090     libucrt:exception_filter.obj
 0002:00001150       __acrt_signal_action_table_count 0000000180013150     libucrt:exception_filter.obj
 0002:00001158       __acrt_signal_action_first_fpe_index 0000000180013158     libucrt:exception_filter.obj
 0002:00001160       __acrt_signal_action_fpe_count 0000000180013160     libucrt:exception_filter.obj
 0002:00001168       ??_C@_1BI@BGOHAHKC@?$AAm?$AAs?$AAc?$AAo?$AAr?$AAe?$AAe?$AA?4?$AAd?$AAl?$AAl?$AA?$AA@ 0000000180013168     libucrt:exit.obj
 0002:00001180       ??_C@_0P@MIGLKIOC@CorExitProcess?$AA@ 0000000180013180     libucrt:exit.obj
 0002:000013f0       __lc_time_c                00000001800133f0     libucrt:nlsdata.obj
 0002:000016b0       ??_C@_03KOEHGMDN@Sun?$AA@  00000001800136b0     libucrt:nlsdata.obj
 0002:000016b4       ??_C@_03PDAGKDH@Mon?$AA@   00000001800136b4     libucrt:nlsdata.obj
 0002:000016b8       ??_C@_03NAGEINEP@Tue?$AA@  00000001800136b8     libucrt:nlsdata.obj
 0002:000016bc       ??_C@_03MHOMLAJA@Wed?$AA@  00000001800136bc     libucrt:nlsdata.obj
 0002:000016c0       ??_C@_03IOFIKPDN@Thu?$AA@  00000001800136c0     libucrt:nlsdata.obj
 0002:000016c4       ??_C@_03IDIOELNC@Fri?$AA@  00000001800136c4     libucrt:nlsdata.obj
 0002:000016c8       ??_C@_03FEFJNEK@Sat?$AA@   00000001800136c8     libucrt:nlsdata.obj
 0002:000016cc       ??_C@_06OOPIFAJ@Sunday?$AA@ 00000001800136cc     libucrt:nlsdata.obj
 0002:000016d4       ??_C@_06JLEDEDGH@Monday?$AA@ 00000001800136d4     libucrt:nlsdata.obj
 0002:000016e0       ??_C@_07BAAGCFCM@Tuesday?$AA@ 00000001800136e0     libucrt:nlsdata.obj
 0002:000016e8       ??_C@_09DLIGFAKA@Wednesday?$AA@ 00000001800136e8     libucrt:nlsdata.obj
 0002:000016f8       ??_C@_08HACCIKIA@Thursday?$AA@ 00000001800136f8     libucrt:nlsdata.obj
 0002:00001704       ??_C@_06JECMNKMI@Friday?$AA@ 0000000180013704     libucrt:nlsdata.obj
 0002:00001710       ??_C@_08INBOOONO@Saturday?$AA@ 0000000180013710     libucrt:nlsdata.obj
 0002:0000171c       ??_C@_03JIHJHPIE@Jan?$AA@  000000018001371c     libucrt:nlsdata.obj
 0002:00001720       ??_C@_03HJBDCHOM@Feb?$AA@  0000000180013720     libucrt:nlsdata.obj
 0002:00001724       ??_C@_03ODNJBKGA@Mar?$AA@  0000000180013724     libucrt:nlsdata.obj
 0002:00001728       ??_C@_03LEOLGMJP@Apr?$AA@  0000000180013728     libucrt:nlsdata.obj
 0002:0000172c       ??_C@_03CNMDKL@May?$AA@    000000018001372c     libucrt:nlsdata.obj
 0002:00001730       ??_C@_03IDFGHECI@Jun?$AA@  0000000180013730     libucrt:nlsdata.obj
 0002:00001734       ??_C@_03LBGABGKK@Jul?$AA@  0000000180013734     libucrt:nlsdata.obj
 0002:00001738       ??_C@_03IFJFEIGA@Aug?$AA@  0000000180013738     libucrt:nlsdata.obj
 0002:0000173c       ??_C@_03GGCAPAJC@Sep?$AA@  000000018001373c     libucrt:nlsdata.obj
 0002:00001740       ??_C@_03BMAOKBAD@Oct?$AA@  0000000180013740     libucrt:nlsdata.obj
 0002:00001744       ??_C@_03JPJOFNIA@Nov?$AA@  0000000180013744     libucrt:nlsdata.obj
 0002:00001748       ??_C@_03MKABNOCG@Dec?$AA@  0000000180013748     libucrt:nlsdata.obj
 0002:00001750       ??_C@_07CGJPFGJA@January?$AA@ 0000000180013750     libucrt:nlsdata.obj
 0002:00001758       ??_C@_08GNJGEPFN@February?$AA@ 0000000180013758     libucrt:nlsdata.obj
 0002:00001764       ??_C@_05HPCKOFNC@March?$AA@ 0000000180013764     libucrt:nlsdata.obj
 0002:0000176c       ??_C@_05DMJDNLEJ@April?$AA@ 000000018001376c     libucrt:nlsdata.obj
 0002:00001774       ??_C@_04CNLMGBGM@June?$AA@ 0000000180013774     libucrt:nlsdata.obj
 0002:0000177c       ??_C@_04MIEPOIFP@July?$AA@ 000000018001377c     libucrt:nlsdata.obj
 0002:00001784       ??_C@_06LBBHFDDG@August?$AA@ 0000000180013784     libucrt:nlsdata.obj
 0002:00001790       ??_C@_09BHHEALKD@September?$AA@ 0000000180013790     libucrt:nlsdata.obj
 0002:000017a0       ??_C@_07JJNFCEND@October?$AA@ 00000001800137a0     libucrt:nlsdata.obj
 0002:000017a8       ??_C@_08HCHEGEOA@November?$AA@ 00000001800137a8     libucrt:nlsdata.obj
 0002:000017b8       ??_C@_08EDHMEBNP@December?$AA@ 00000001800137b8     libucrt:nlsdata.obj
 0002:000017c4       ??_C@_02DEDBPAFC@AM?$AA@   00000001800137c4     libucrt:nlsdata.obj
 0002:000017c8       ??_C@_02CJNFDJBF@PM?$AA@   00000001800137c8     libucrt:nlsdata.obj
 0002:000017d0       ??_C@_08BPBNCDIB@MM?1dd?1yy?$AA@ 00000001800137d0     libucrt:nlsdata.obj
 0002:000017e0       ??_C@_0BE@CKGJFCPC@dddd?0?5MMMM?5dd?0?5yyyy?$AA@ 00000001800137e0     libucrt:nlsdata.obj
 0002:000017f8       ??_C@_08JCCMCCIL@HH?3mm?3ss?$AA@ 00000001800137f8     libucrt:nlsdata.obj
 0002:00001808       ??_C@_17MBGCMIPB@?$AAS?$AAu?$AAn?$AA?$AA@ 0000000180013808     libucrt:nlsdata.obj
 0002:00001810       ??_C@_17KBOMKBF@?$AAM?$AAo?$AAn?$AA?$AA@ 0000000180013810     libucrt:nlsdata.obj
 0002:00001818       ??_C@_17BMKGEGOJ@?$AAT?$AAu?$AAe?$AA?$AA@ 0000000180013818     libucrt:nlsdata.obj
 0002:00001820       ??_C@_17CJEDCEPE@?$AAW?$AAe?$AAd?$AA?$AA@ 0000000180013820     libucrt:nlsdata.obj
 0002:00001828       ??_C@_17PDPHAADD@?$AAT?$AAh?$AAu?$AA?$AA@ 0000000180013828     libucrt:nlsdata.obj
 0002:00001830       ??_C@_17HFOLPPLP@?$AAF?$AAr?$AAi?$AA?$AA@ 0000000180013830     libucrt:nlsdata.obj
 0002:00001838       ??_C@_17GGIBDPIH@?$AAS?$AAa?$AAt?$AA?$AA@ 0000000180013838     libucrt:nlsdata.obj
 0002:00001840       ??_C@_1O@IHNHDHPB@?$AAS?$AAu?$AAn?$AAd?$AAa?$AAy?$AA?$AA@ 0000000180013840     libucrt:nlsdata.obj
 0002:00001850       ??_C@_1O@MMNBFLIA@?$AAM?$AAo?$AAn?$AAd?$AAa?$AAy?$AA?$AA@ 0000000180013850     libucrt:nlsdata.obj
 0002:00001860       ??_C@_1BA@ENFBFFEK@?$AAT?$AAu?$AAe?$AAs?$AAd?$AAa?$AAy?$AA?$AA@ 0000000180013860     libucrt:nlsdata.obj
 0002:00001870       ??_C@_1BE@EBOGMDOH@?$AAW?$AAe?$AAd?$AAn?$AAe?$AAs?$AAd?$AAa?$AAy?$AA?$AA@ 0000000180013870     libucrt:nlsdata.obj
 0002:00001888       ??_C@_1BC@HHMNLIHE@?$AAT?$AAh?$AAu?$AAr?$AAs?$AAd?$AAa?$AAy?$AA?$AA@ 0000000180013888     libucrt:nlsdata.obj
 0002:000018a0       ??_C@_1O@PDICJHAG@?$AAF?$AAr?$AAi?$AAd?$AAa?$AAy?$AA?$AA@ 00000001800138a0     libucrt:nlsdata.obj
 0002:000018b0       ??_C@_1BC@ENMNNPAJ@?$AAS?$AAa?$AAt?$AAu?$AAr?$AAd?$AAa?$AAy?$AA?$AA@ 00000001800138b0     libucrt:nlsdata.obj
 0002:000018c8       ??_C@_17DKNBKCHM@?$AAJ?$AAa?$AAn?$AA?$AA@ 00000001800138c8     libucrt:nlsdata.obj
 0002:000018d0       ??_C@_17LMDJEKJN@?$AAF?$AAe?$AAb?$AA?$AA@ 00000001800138d0     libucrt:nlsdata.obj
 0002:000018d8       ??_C@_17CKNLEDEC@?$AAM?$AAa?$AAr?$AA?$AA@ 00000001800138d8     libucrt:nlsdata.obj
 0002:000018e0       ??_C@_17LFPOIHDD@?$AAA?$AAp?$AAr?$AA?$AA@ 00000001800138e0     libucrt:nlsdata.obj
 0002:000018e8       ??_C@_17PNNKMEED@?$AAM?$AAa?$AAy?$AA?$AA@ 00000001800138e8     libucrt:nlsdata.obj
 0002:000018f0       ??_C@_17KCJGOCPB@?$AAJ?$AAu?$AAn?$AA?$AA@ 00000001800138f0     libucrt:nlsdata.obj
 0002:000018f8       ??_C@_17IJPCKHK@?$AAJ?$AAu?$AAl?$AA?$AA@ 00000001800138f8     libucrt:nlsdata.obj
 0002:00001900       ??_C@_17ICPELBCN@?$AAA?$AAu?$AAg?$AA?$AA@ 0000000180013900     libucrt:nlsdata.obj
 0002:00001908       ??_C@_17HCHCOKMG@?$AAS?$AAe?$AAp?$AA?$AA@ 0000000180013908     libucrt:nlsdata.obj
 0002:00001910       ??_C@_17FNLKOI@?$AAO?$AAc?$AAt?$AA?$AA@ 0000000180013910     libucrt:nlsdata.obj
 0002:00001918       ??_C@_17BBDMLCIG@?$AAN?$AAo?$AAv?$AA?$AA@ 0000000180013918     libucrt:nlsdata.obj
 0002:00001920       ??_C@_17EGKACKIF@?$AAD?$AAe?$AAc?$AA?$AA@ 0000000180013920     libucrt:nlsdata.obj
 0002:00001928       ??_C@_1BA@EFMEIEBA@?$AAJ?$AAa?$AAn?$AAu?$AAa?$AAr?$AAy?$AA?$AA@ 0000000180013928     libucrt:nlsdata.obj
 0002:00001938       ??_C@_1BC@JGDDFFAM@?$AAF?$AAe?$AAb?$AAr?$AAu?$AAa?$AAr?$AAy?$AA?$AA@ 0000000180013938     libucrt:nlsdata.obj
 0002:00001950       ??_C@_1M@IKEENEDF@?$AAM?$AAa?$AAr?$AAc?$AAh?$AA?$AA@ 0000000180013950     libucrt:nlsdata.obj
 0002:00001960       ??_C@_1M@GJNLMHFD@?$AAA?$AAp?$AAr?$AAi?$AAl?$AA?$AA@ 0000000180013960     libucrt:nlsdata.obj
 0002:00001970       ??_C@_19EPFLPGAP@?$AAJ?$AAu?$AAn?$AAe?$AA?$AA@ 0000000180013970     libucrt:nlsdata.obj
 0002:00001980       ??_C@_19BIFMLPCD@?$AAJ?$AAu?$AAl?$AAy?$AA?$AA@ 0000000180013980     libucrt:nlsdata.obj
 0002:00001990       ??_C@_1O@PAHLKOAC@?$AAA?$AAu?$AAg?$AAu?$AAs?$AAt?$AA?$AA@ 0000000180013990     libucrt:nlsdata.obj
 0002:000019a0       ??_C@_1BE@DKAAMBJL@?$AAS?$AAe?$AAp?$AAt?$AAe?$AAm?$AAb?$AAe?$AAr?$AA?$AA@ 00000001800139a0     libucrt:nlsdata.obj
 0002:000019b8       ??_C@_1BA@EPANDLNG@?$AAO?$AAc?$AAt?$AAo?$AAb?$AAe?$AAr?$AA?$AA@ 00000001800139b8     libucrt:nlsdata.obj
 0002:000019c8       ??_C@_1BC@BGLIFPF@?$AAN?$AAo?$AAv?$AAe?$AAm?$AAb?$AAe?$AAr?$AA?$AA@ 00000001800139c8     libucrt:nlsdata.obj
 0002:000019e0       ??_C@_1BC@FEMKIFH@?$AAD?$AAe?$AAc?$AAe?$AAm?$AAb?$AAe?$AAr?$AA?$AA@ 00000001800139e0     libucrt:nlsdata.obj
 0002:000019f4       ??_C@_15ODEHAHHF@?$AAA?$AAM?$AA?$AA@ 00000001800139f4     libucrt:nlsdata.obj
 0002:000019fc       ??_C@_15CLMNNGEL@?$AAP?$AAM?$AA?$AA@ 00000001800139fc     libucrt:nlsdata.obj
[...]
 0004:00000c6c       $pdata$?initialize_stdio_handles_nolock@@YAXXZ 000000018001fc6c     libucrt:ioinit.obj
 0004:00000c78       $pdata$__acrt_initialize_lowio 000000018001fc78     libucrt:ioinit.obj
 0004:00000c84       $pdata$__acrt_uninitialize_lowio 000000018001fc84     libucrt:ioinit.obj
 0004:00000c90       $pdata$__acrt_execute_initializers 000000018001fc90     libucrt:shared_initialization.obj
 0004:00000c9c       $pdata$__acrt_execute_uninitializers 000000018001fc9c     libucrt:shared_initialization.obj
 0004:00000ca8       $pdata$??$?RV<lambda_c36588078e9f5dfd39652860aa6b3aaf>@@AEAV<lambda_ec61778202f4f5fc7e7711acc23c3bca>@@V<lambda_dc9d2797ccde5d239b4a0efae8ebd7db>@@@?$__crt_seh_guarded_call@P6AXH@Z@@QEAAP6AXH@Z$$QEAV<lambda_c36588078e9f5dfd39652860aa6b3aaf>@@AEAV<lambda_ec61778202f4f5fc7e7711acc23c3bca>@@$$QEAV<lambda_dc9d2797ccde5d239b4a0efae8ebd7db>@@@Z 000000018001fca8     libucrt:signal.obj
 0004:00000cb4       $pdata$__acrt_get_sigabrt_handler 000000018001fcb4     libucrt:signal.obj
 0004:00000cc0       $pdata$raise               000000018001fcc0     libucrt:signal.obj
 0004:00000ccc       $pdata$__acrt_invoke_user_matherr 000000018001fccc     libucrt:matherr.obj
 0004:00000cd8       $pdata$_mbtowc_l           000000018001fcd8     libucrt:mbtowc.obj
 0004:00000ce4       $pdata$_fileno             000000018001fce4     libucrt:fileno.obj
 0004:00000cf0       $pdata$__acrt_initialize_stdio 000000018001fcf0     libucrt:_file.obj
 0004:00000cfc       $pdata$__acrt_uninitialize_stdio 000000018001fcfc     libucrt:_file.obj
 0004:00000d08       $pdata$__pctype_func       000000018001fd08     libucrt:ctype.obj
 0004:00000d14       $pdata$_isctype_l          000000018001fd14     libucrt:isctype.obj
 0004:00000d20       $pdata$__acrt_free_locale  000000018001fd20     libucrt:locale_refcounting.obj
 0004:00000d2c       $pdata$__acrt_locale_free_lc_time_if_unreferenced 000000018001fd2c     libucrt:locale_refcounting.obj
 0004:00000d38       $pdata$__acrt_release_locale_ref 000000018001fd38     libucrt:locale_refcounting.obj
 0004:00000d44       $pdata$__acrt_update_thread_locale_data 000000018001fd44     libucrt:locale_refcounting.obj
 0004:00000d50       $pdata$_updatetlocinfoEx_nolock 000000018001fd50     libucrt:locale_refcounting.obj
 0004:00000d5c       $pdata$_isleadbyte_l       000000018001fd5c     libucrt:_wctype.obj
 0004:00000d68       $pdata$?__acrt_LCMapStringA_stat@@YAHPEAU__crt_locale_pointers@@PEB_WKPEBDHPEADHHH@Z 000000018001fd68     libucrt:lcmapstringa.obj
 0004:00000d74       $pdata$__acrt_LCMapStringA 000000018001fd74     libucrt:lcmapstringa.obj
 0004:00000d80       $pdata$__acrt_locale_free_monetary 000000018001fd80     libucrt:initmon.obj
 0004:00000d8c       $pdata$__acrt_locale_free_numeric 000000018001fd8c     libucrt:initnum.obj
 0004:00000d98       $pdata$?free_crt_array_internal@@YAXQEAPEBX_K@Z 000000018001fd98     libucrt:inittime.obj
 0004:00000da4       $pdata$__acrt_locale_free_time 000000018001fda4     libucrt:inittime.obj
 0004:00000db0       $pdata$__acrt_GetStringTypeA 000000018001fdb0     libucrt:getstringtypea.obj
 0004:00000dbc       $pdata$?GetTableIndexFromLocaleName@@YAHPEB_W@Z 000000018001fdbc     libucrt:lcidtoname_downlevel.obj
 0004:00000dc8       $pdata$__acrt_DownlevelLocaleNameToLCID 000000018001fdc8     libucrt:lcidtoname_downlevel.obj
 0004:00000dd4       $pdata$?shortsort@@YAXPEAD0_KP6AHPEBX2@Z@Z 000000018001fdd4     libucrt:qsort.obj
 0004:00000de0       $pdata$2$?shortsort@@YAXPEAD0_KP6AHPEBX2@Z@Z 000000018001fde0     libucrt:qsort.obj
 0004:00000dec       $pdata$3$?shortsort@@YAXPEAD0_KP6AHPEBX2@Z@Z 000000018001fdec     libucrt:qsort.obj
 0004:00000df8       $pdata$qsort               000000018001fdf8     libucrt:qsort.obj
 0004:00000e04       $pdata$4$qsort             000000018001fe04     libucrt:qsort.obj
 0004:00000e10       $pdata$5$qsort             000000018001fe10     libucrt:qsort.obj
 0004:00000e1c       $pdata$strncpy_s           000000018001fe1c     libucrt:strncpy_s.obj
 0004:00000e28       $pdata$strpbrk             000000018001fe28     libucrt:strpbrk.obj
 0004:00000e34       $pdata$_mbsdec_l           000000018001fe34     libucrt:mbsdec.obj
 0004:00000e40       $pdata$?initialize_multibyte@@YAHXZ 000000018001fe40     libucrt:multibyte_initializer.obj
 0004:00000e4c       $pdata$_msize              000000018001fe4c     libucrt:msize.obj
 0004:00000e58       $pdata$_realloc_base       000000018001fe58     libucrt:realloc_base.obj
 0004:00000e64       $pdata$__acrt_lowio_create_handle_array 000000018001fe64     libucrt:osfinfo.obj
 0004:00000e70       $pdata$__acrt_lowio_destroy_handle_array 000000018001fe70     libucrt:osfinfo.obj
 0004:00000e7c       $pdata$__acrt_lowio_ensure_fh_exists 000000018001fe7c     libucrt:osfinfo.obj
 0004:00000e88       $pdata$_free_osfhnd        000000018001fe88     libucrt:osfinfo.obj
 0004:00000e94       $pdata$_get_osfhandle      000000018001fe94     libucrt:osfinfo.obj
 0004:00000ea0       $pdata$_isatty             000000018001fea0     libucrt:isatty.obj
 0004:00000eac       $pdata$__acrt_stdio_flush_nolock 000000018001feac     libucrt:fflush.obj
 0004:00000eb8       $pdata$_fflush_nolock      000000018001feb8     libucrt:fflush.obj
 0004:00000ec4       $pdata$common_flush_all    000000018001fec4     libucrt:fflush.obj
 0004:00000ed0       $pdata$_fcloseall          000000018001fed0     libucrt:closeall.obj
 0004:00000edc       $pdata$__acrt_stdio_free_buffer_nolock 000000018001fedc     libucrt:_freebuf.obj
 0004:00000ee8       $pdata$??$?RV<lambda_b521505b218e5242e90febf6bfebc422>@@AEAV<lambda_6978c1fb23f02e42e1d9e99668cc68aa>@@V<lambda_314360699dd331753a4119843814e9a7>@@@?$__crt_seh_guarded_call@H@@QEAAH$$QEAV<lambda_b521505b218e5242e90febf6bfebc422>@@AEAV<lambda_6978c1fb23f02e42e1d9e99668cc68aa>@@$$QEAV<lambda_314360699dd331753a4119843814e9a7>@@@Z 000000018001fee8     libucrt:commit.obj
 0004:00000ef4       $pdata$_commit             000000018001fef4     libucrt:commit.obj
 0004:00000f00       $pdata$?write_double_translated_ansi_nolock@@YA?AUwrite_result@?A0x9c548279@@HQEBDI@Z 000000018001ff00     libucrt:write.obj
 0004:00000f0c       $pdata$?write_text_ansi_nolock@@YA?AUwrite_result@?A0x9c548279@@HQEBDI@Z 000000018001ff0c     libucrt:write.obj
 0004:00000f18       $pdata$?write_text_utf16le_nolock@@YA?AUwrite_result@?A0x9c548279@@HQEBDI@Z 000000018001ff18     libucrt:write.obj
 0004:00000f24       $pdata$?write_text_utf8_nolock@@YA?AUwrite_result@?A0x9c548279@@HQEBDI@Z 000000018001ff24     libucrt:write.obj
 0004:00000f30       $pdata$_write              000000018001ff30     libucrt:write.obj
 0004:00000f3c       $pdata$_write_nolock       000000018001ff3c     libucrt:write.obj
 0004:00000f54       $pdata$??$common_lseek_nolock@_J@@YA_JH_JH@Z 000000018001ff54     libucrt:lseek.obj
 0004:00000f60       $pdata$_fclose_nolock      000000018001ff60     libucrt:fclose.obj
 0004:00000f6c       $pdata$fclose              000000018001ff6c     libucrt:fclose.obj
 0004:00000f78       $pdata$_putwch_nolock      000000018001ff78     libucrt:putwch.obj
 0004:00000f84       $pdata$_call_matherr       000000018001ff84     libucrt:libm_error.obj
 0004:00000f90       $pdata$_exception_enabled  000000018001ff90     libucrt:libm_error.obj
 0004:00000f9c       $pdata$_handle_error       000000018001ff9c     libucrt:libm_error.obj
 0004:00000fa8       $pdata$__acrt_initialize_fma3 000000018001ffa8     libucrt:fma3_available.obj
 0004:00000fb4       $pdata$_log10_special      000000018001ffb4     libucrt:log_special.obj
 0004:00000fc0       $pdata$_log_special_common 000000018001ffc0     libucrt:log_special.obj
 0004:00000fcc       $pdata$??$?RV<lambda_bfedae4ebbf01fab1bb6dcc6a9e276e0>@@AEAV<lambda_2fe9b910cf3cbf4a0ab98a02ba45b3ec>@@V<lambda_237c231691f317818eb88cc1d5d642d6>@@@?$__crt_seh_guarded_call@H@@QEAAH$$QEAV<lambda_bfedae4ebbf01fab1bb6dcc6a9e276e0>@@AEAV<lambda_2fe9b910cf3cbf4a0ab98a02ba45b3ec>@@$$QEAV<lambda_237c231691f317818eb88cc1d5d642d6>@@@Z 000000018001ffcc     libucrt:close.obj
 0004:00000fd8       $pdata$_close              000000018001ffd8     libucrt:close.obj
 0004:00000fe4       $pdata$_close_nolock       000000018001ffe4     libucrt:close.obj
 0004:00000ff0       $pdata$__dcrt_lowio_initialize_console_output 000000018001fff0     libucrt:initcon.obj
 0004:00000ffc       $pdata$__dcrt_terminate_console_output 000000018001fffc     libucrt:initcon.obj
 0004:00001014       $pdata$_raise_exc          0000000180020014     libucrt:fpexcept.obj
 0004:00001020       $pdata$_raise_exc_ex       0000000180020020     libucrt:fpexcept.obj
 0004:0000102c       $pdata$_set_errno_from_matherr 000000018002002c     libucrt:fpexcept.obj
 0004:00001038       $pdata$_clrfp              0000000180020038     libucrt:fpctrl.obj
 0004:00001044       $pdata$_ctrlfp             0000000180020044     libucrt:fpctrl.obj
 0004:00001050       $pdata$_set_statfp         0000000180020050     libucrt:fpctrl.obj
 0004:0000105c       $pdata$_statfp             000000018002005c     libucrt:fpctrl.obj
 0004:00001068       $pdata$?DloadAcquireSectionWriteAccess@@YAXXZ 0000000180020068     DelayImp:delayhlp.obj
 0004:00001074       $pdata$?DloadGetSRWLockFunctionPointers@@YAEXZ 0000000180020074     DelayImp:delayhlp.obj
 0004:00001080       $pdata$?DloadMakePermanentImageCommit@@YAXPEAX_K@Z 0000000180020080     DelayImp:delayhlp.obj
 0004:0000108c       $pdata$?DloadObtainSection@@YAPEAXPEAK0@Z 000000018002008c     DelayImp:delayhlp.obj
 0004:00001098       $pdata$?DloadProtectSection@@YAXKPEAK@Z 0000000180020098     DelayImp:delayhlp.obj
 0004:000010a4       $pdata$?DloadReleaseSectionWriteAccess@@YAXXZ 00000001800200a4     DelayImp:delayhlp.obj
 0004:000010b0       $pdata$__delayLoadHelper2  00000001800200b0     DelayImp:delayhlp.obj
 0004:000010bc       $pdata$__GSHandlerCheck    00000001800200bc     LIBCMT:_gshandler_.obj
 0004:000010c8       $pdata$__GSHandlerCheckCommon 00000001800200c8     LIBCMT:_gshandler_.obj
 0004:000010d4       $pdata$_IsNonwritableInCurrentImage 00000001800200d4     LIBCMT:pesect.obj
 0004:00001104       $pdata$?fin$0@?0??dllmain_crt_process_attach@@YAHQEAUHINSTANCE__@@QEAX@Z@4HA 0000000180020104     LIBCMT:dll_dllmain.obj
 0004:00001110       $pdata$?fin$0@?0??dllmain_crt_process_detach@@YAH_N@Z@4HA 0000000180020110     LIBCMT:dll_dllmain.obj
 0004:0000111c       $pdata$?filt$0@?0??dllmain_dispatch@@YAHQEAUHINSTANCE__@@KQEAX@Z@4HA 000000018002011c     LIBCMT:dll_dllmain.obj
 0004:00001128       $pdata$?catch$0@?0???2@YAPEAX_KAEBUnothrow_t@std@@@Z@4HA 0000000180020128     LIBCMT:new_scalar_nothrow.obj
 0004:00001134       $pdata$__scrt_is_nonwritable_in_current_image$filt$0 0000000180020134     LIBCMT:utility.obj
 0004:00001140       $pdata$_CallSETranslator$filt$0 0000000180020140     libvcruntime:trnsctrl.obj
 0004:0000114c       $pdata$__CxxCallCatchBlock$filt$0 000000018002014c     libvcruntime:frame.obj
 0004:00001158       $pdata$__CxxCallCatchBlock$fin$1 0000000180020158     libvcruntime:frame.obj
 0004:00001164       $pdata$__DestructExceptionObject$filt$0 0000000180020164     libvcruntime:frame.obj
 0004:00001170       $pdata$__FrameUnwindToState$filt$0 0000000180020170     libvcruntime:frame.obj
 0004:0000117c       $pdata$__FrameUnwindToState$fin$1 000000018002017c     libvcruntime:frame.obj
 0004:00001188       $pdata$_query_new_handler$fin$0 0000000180020188     libucrt:new_handler.obj
 0004:00001194       $pdata$?filt$0@?0??common_exit@@YAXHW4_crt_exit_cleanup_mode@@W4_crt_exit_return_mode@@@Z@4HA 0000000180020194     libucrt:exit.obj
 0004:000011a0       $pdata$?fin$1@?0??common_exit@@YAXHW4_crt_exit_cleanup_mode@@W4_crt_exit_return_mode@@@Z@4HA 00000001800201a0     libucrt:exit.obj
 0004:000011ac       $pdata$?fin$0@?0???$?RV<lambda_e24bbb7b643b32fcea6fa61b31d4c984>@@AEAV<lambda_275893d493268fdec8709772e3fcec0e>@@V<lambda_9d71df4d7cf3f480f8d633942495c3b0>@@@?$__crt_seh_guarded_call@H@@QEAAH$$QEAV<lambda_e24bbb7b643b32fcea6fa61b31d4c984>@@AEAV<lambda_275893d493268fdec8709772e3fcec0e>@@$$QEAV<lambda_9d71df4d7cf3f480f8d633942495c3b0>@@@Z@4HA 00000001800201ac     libucrt:onexit.obj
 0004:000011b8       $pdata$?fin$0@?0???$?RV<lambda_72d1df2b273a38828b1ce30cbf4cdab5>@@AEAV<lambda_876a65b173b8412d3a47c70a915b0cf4>@@V<lambda_41932305e351933ebe8f8be3ed8bb5dc>@@@?$__crt_seh_guarded_call@X@@QEAAX$$QEAV<lambda_72d1df2b273a38828b1ce30cbf4cdab5>@@AEAV<lambda_876a65b173b8412d3a47c70a915b0cf4>@@$$QEAV<lambda_41932305e351933ebe8f8be3ed8bb5dc>@@@Z@4HA 00000001800201b8     libucrt:per_thread_data.obj
 0004:000011b8       $pdata$?fin$0@?0???$?RV<lambda_fb3a7dec4e47f37f22dae91bb15c9095>@@AEAV<lambda_698284760c8add0bfb0756c19673e34b>@@V<lambda_dfb8eca1e75fef3034a8fb18dd509707>@@@?$__crt_seh_guarded_call@X@@QEAAX$$QEAV<lambda_fb3a7dec4e47f37f22dae91bb15c9095>@@AEAV<lambda_698284760c8add0bfb0756c19673e34b>@@$$QEAV<lambda_dfb8eca1e75fef3034a8fb18dd509707>@@@Z@4HA 00000001800201b8     libucrt:per_thread_data.obj
 0004:000011b8       $pdata$?fin$0@?0???$?RV<lambda_b8c45f8f788dd370798f47cfe8ac3a86>@@AEAV<lambda_4e60a939b0d047cfe11ddc22648dfba9>@@V<lambda_332c3edc96d0294ec56c57d38c1cdfd5>@@@?$__crt_seh_guarded_call@H@@QEAAH$$QEAV<lambda_b8c45f8f788dd370798f47cfe8ac3a86>@@AEAV<lambda_4e60a939b0d047cfe11ddc22648dfba9>@@$$QEAV<lambda_332c3edc96d0294ec56c57d38c1cdfd5>@@@Z@4HA 00000001800201b8     libucrt:onexit.obj
 0004:000011b8       $pdata$?fin$0@?0???$?RV<lambda_99476a1ad63dd22509b5d3e65b0ffc95>@@AEAV<lambda_ad1ced32f4ac17aa236e5ef05d6b3b7c>@@V<lambda_f7424dd8d45958661754dc4f2697e9c3>@@@?$__crt_seh_guarded_call@X@@QEAAX$$QEAV<lambda_99476a1ad63dd22509b5d3e65b0ffc95>@@AEAV<lambda_ad1ced32f4ac17aa236e5ef05d6b3b7c>@@$$QEAV<lambda_f7424dd8d45958661754dc4f2697e9c3>@@@Z@4HA 00000001800201b8     libucrt:mbctype.obj
 0004:000011b8       $pdata$?fin$0@?0???$?RV<lambda_c36588078e9f5dfd39652860aa6b3aaf>@@AEAV<lambda_ec61778202f4f5fc7e7711acc23c3bca>@@V<lambda_dc9d2797ccde5d239b4a0efae8ebd7db>@@@?$__crt_seh_guarded_call@P6AXH@Z@@QEAAP6AXH@Z$$QEAV<lambda_c36588078e9f5dfd39652860aa6b3aaf>@@AEAV<lambda_ec61778202f4f5fc7e7711acc23c3bca>@@$$QEAV<lambda_dc9d2797ccde5d239b4a0efae8ebd7db>@@@Z@4HA 00000001800201b8     libucrt:signal.obj
 0004:000011b8       $pdata$?fin$0@?0???$?RV<lambda_5e887d1dcbef67a5eb4283622ba103bf>@@AEAV<lambda_4466841279450cc726390878d4a41900>@@V<lambda_341c25c0346d94847f1f3c463c57e077>@@@?$__crt_seh_guarded_call@X@@QEAAX$$QEAV<lambda_5e887d1dcbef67a5eb4283622ba103bf>@@AEAV<lambda_4466841279450cc726390878d4a41900>@@$$QEAV<lambda_341c25c0346d94847f1f3c463c57e077>@@@Z@4HA 00000001800201b8     libucrt:per_thread_data.obj
 0004:000011b8       $pdata$?fin$0@?0???$?RV<lambda_46352004c1216016012b18bd6f87e700>@@AEAV<lambda_3bd07e1a1191394380780325891bf33f>@@V<lambda_334532d3f185bcaa59b5be82d7d22bff>@@@?$__crt_seh_guarded_call@X@@QEAAX$$QEAV<lambda_46352004c1216016012b18bd6f87e700>@@AEAV<lambda_3bd07e1a1191394380780325891bf33f>@@$$QEAV<lambda_334532d3f185bcaa59b5be82d7d22bff>@@@Z@4HA 00000001800201b8     libucrt:per_thread_data.obj
 0004:000011c4       $pdata$__acrt_update_thread_locale_data$fin$0 00000001800201c4     libucrt:locale_refcounting.obj
 0004:000011c4       $pdata$__acrt_uninitialize_locale$fin$0 00000001800201c4     libucrt:wsetlocale.obj
 0004:000011d0       $pdata$__acrt_update_thread_multibyte_data$fin$0 00000001800201d0     libucrt:mbctype.obj
 0004:000011dc       $pdata$raise$fin$0         00000001800201dc     libucrt:signal.obj
 0004:000011e8       $pdata$__acrt_initialize_lowio$fin$0 00000001800201e8     libucrt:ioinit.obj
 0004:000011e8       $pdata$__acrt_lowio_ensure_fh_exists$fin$0 00000001800201e8     libucrt:osfinfo.obj
 0004:000011f4       $pdata$common_flush_all$fin$0 00000001800201f4     libucrt:fflush.obj
 0004:00001200       $pdata$common_flush_all$fin$1 0000000180020200     libucrt:fflush.obj
 0004:0000120c       $pdata$_fcloseall$fin$0    000000018002020c     libucrt:closeall.obj
 0004:00001218       $pdata$?fin$0@?0???$?RV<lambda_b521505b218e5242e90febf6bfebc422>@@AEAV<lambda_6978c1fb23f02e42e1d9e99668cc68aa>@@V<lambda_314360699dd331753a4119843814e9a7>@@@?$__crt_seh_guarded_call@H@@QEAAH$$QEAV<lambda_b521505b218e5242e90febf6bfebc422>@@AEAV<lambda_6978c1fb23f02e42e1d9e99668cc68aa>@@$$QEAV<lambda_314360699dd331753a4119843814e9a7>@@@Z@4HA 0000000180020218     libucrt:commit.obj
 0004:00001218       $pdata$?fin$0@?0???$?RV<lambda_bfedae4ebbf01fab1bb6dcc6a9e276e0>@@AEAV<lambda_2fe9b910cf3cbf4a0ab98a02ba45b3ec>@@V<lambda_237c231691f317818eb88cc1d5d642d6>@@@?$__crt_seh_guarded_call@H@@QEAAH$$QEAV<lambda_bfedae4ebbf01fab1bb6dcc6a9e276e0>@@AEAV<lambda_2fe9b910cf3cbf4a0ab98a02ba45b3ec>@@$$QEAV<lambda_237c231691f317818eb88cc1d5d642d6>@@@Z@4HA 0000000180020218     libucrt:close.obj
 0004:00001224       $pdata$_write$fin$0        0000000180020224     libucrt:write.obj
 0004:00001230       $pdata$fclose$fin$0        0000000180020230     libucrt:fclose.obj
 0004:0000123c       $pdata$_ctrlfp$filt$0      000000018002023c     libucrt:fpctrl.obj
 0004:00001248       $pdata$_IsNonwritableInCurrentImage$filt$0 0000000180020248     LIBCMT:pesect.obj
 0005:00000000       __guard_fids__             0000000180021000     libucrt:initialization.obj
 0005:00000060       __guard_fids___acrt_initialize_ptd 0000000180021060     libucrt:per_thread_data.obj
 0005:00000064       __guard_fids_??$expand_argument_wildcards@D@@YAHQEAD0AEAV?$argument_list@D@?A0xca0879c4@@@Z 0000000180021064     libucrt:argv_wildcards.obj
 0005:00000068       __guard_fids__             0000000180021068     libucrt:locale_initializer.obj
 0005:0000006c       __guard_fids__             000000018002106c     libucrt:multibyte_initializer.obj
 0005:00000070       __guard_fids__             0000000180021070     libucrt:stdio_initializer.obj
 0005:00000074       __guard_fids__             0000000180021074     libucrt:stdio_initializer.obj
 0005:00000078       __guard_fids__             0000000180021078     libucrt:fma3_initializer.obj
 0005:0000007c       __guard_fids__             000000018002107c     libucrt:console_output_initializer.obj
 0005:00000080       __guard_fids__             0000000180021080     libcpmt:xthrow.obj
 0005:00000088       __guard_fids__             0000000180021088     libcpmt:xthrow.obj
 0005:00000090       __guard_fids__             0000000180021090     libcpmt:xthrow.obj
 0005:00000098       __guard_fids__             0000000180021098     libcpmt:xthrow.obj
 0005:000000a0       __guard_fids__             00000001800210a0     libcpmt:xthrow.obj
 0005:000000a8       __guard_fids_?dllmain_crt_process_attach@@YAHQEAUHINSTANCE__@@QEAX@Z 00000001800210a8     LIBCMT:dll_dllmain.obj
 0005:000000b0       __guard_fids_?dllmain_dispatch@@YAHQEAUHINSTANCE__@@KQEAX@Z 00000001800210b0     LIBCMT:dll_dllmain.obj
 0005:000000b4       __guard_fids__             00000001800210b4     LIBCMT:std_type_info_static.obj
 0005:000000b8       __guard_fids__             00000001800210b8     LIBCMT:throw_bad_alloc.obj
 0005:000000c0       __guard_fids__             00000001800210c0     LIBCMT:guard_support.obj
 0005:000000c4       __guard_fids__             00000001800210c4     libvcruntime:telemetry.obj
 0005:000000c8       __guard_fids_?TraceLoggingRegister@__vcrt_trace_logging_provider@@YAJPEBU_TlgProvider_t@1@PEBU_GUID@@P6AX1KE_K2PEAU_EVENT_FILTER_DESCRIPTOR@@PEAX@Z4@Z 00000001800210c8     libvcruntime:telemetry.obj
 0005:000000cc       __guard_fids__UnwindNestedFrames 00000001800210cc     libvcruntime:trnsctrl.obj
 0005:000000d0       __guard_fids___vcrt_initialize_ptd 00000001800210d0     libvcruntime:per_thread_data.obj
 0005:000000d4       __guard_fids__             00000001800210d4     libvcruntime:frame.obj
 0005:000000d8       __guard_fids__             00000001800210d8     libvcruntime:frame.obj
 0006:00000060       $R000000                   0000000180022060     * linker generated manifest res *

 Exports

  ordinal    name

        1    _register_bsdiff4_
