 bsdiff4

 Timestamp is 57be03bc (Wed Aug 24 23:29:48 2016)

 Preferred load address is 0000000180000000

 Start         Length     Name                   Class
 0001:00000000 00000013H .text$di                CODE
 0001:00000020 0000fd3cH .text$mn                CODE
 0001:0000fd60 00000487H .text$x                 CODE
 0001:000101f0 00000000H .text$yd                CODE
 0002:00000000 00000348H .idata$5                DATA
 0002:00000348 00000008H .CRT$XCA                DATA
 0002:00000350 00000018H .CRT$XCU                DATA
 0002:00000368 00000008H .CRT$XCZ                DATA
 0002:00000370 00000008H .CRT$XIA                DATA
 0002:00000378 00000020H .CRT$XIC                DATA
 0002:00000398 00000008H .CRT$XIZ                DATA
 0002:000003a0 00000008H .CRT$XPA                DATA
 0002:000003a8 00000010H .CRT$XPX                DATA
 0002:000003b8 00000008H .CRT$XPXA               DATA
 0002:000003c0 00000008H .CRT$XPZ                DATA
 0002:000003c8 00000008H .CRT$XTA                DATA
 0002:000003d0 00000008H .CRT$XTZ                DATA
 0002:000003e0 00007220H .rdata                  DATA
 0002:00007600 00000080H .rdata$debug            DATA
 0002:00007680 0000037cH .rdata$r                DATA
 0002:00007a00 00000008H .rtc$IAA                DATA
 0002:00007a08 00000008H .rtc$IZZ                DATA
 0002:00007a10 00000008H .rtc$TAA                DATA
 0002:00007a18 00000008H .rtc$TZZ                DATA
 0002:00007a20 00000d64H .xdata                  DATA
 0002:00008788 000001dcH .xdata$x                DATA
 0002:00008970 00000052H .edata                  DATA
 0002:000089c4 00000028H .idata$2                DATA
 0002:000089ec 00000014H .idata$3                DATA
 0002:00008a00 00000348H .idata$4                DATA
 0002:00008d48 00000d3eH .idata$6                DATA
 0003:00000000 00001800H .data                   DATA
 0003:00001800 00000110H .data$r                 DATA
 0003:00001920 00002498H .bss                    DATA
 0004:00000000 00000d5cH .pdata                  DATA
 0005:00000000 00000058H .rsrc$01                DATA
 0005:00000060 00000180H .rsrc$02                DATA

  Address         Publics by Value              Rva+Base               Lib:Object

 0000:00000000       ___safe_se_handler_count   0000000000000000     <absolute>
 0000:00000000       __guard_fids_table         0000000000000000     <absolute>
 0000:00000000       ___safe_se_handler_table   0000000000000000     <absolute>
 0000:00000000       __guard_flags              0000000000000000     <absolute>
 0000:00000000       __guard_fids_count         0000000000000000     <absolute>
 0000:00000000       __ImageBase                0000000180000000     <linker-defined>
 0001:00000020       ?NODE_SET_METHOD@node@@YAXV?$Local@VObject@v8@@@v8@@PEBDP6AXAEBV?$FunctionCallbackInfo@VValue@v8@@@3@@Z@Z 0000000180001020 f i bsdiff4.obj
 0001:00001bb0       ??_GBaton@BSDiff@@QEAAPEAXI@Z 0000000180002bb0 f i bsdiff4.obj
 0001:00001c30       ?Diff@BSDiff@@YAXAEBV?$FunctionCallbackInfo@VValue@v8@@@v8@@@Z 0000000180002c30 f   bsdiff4.obj
 0001:000024d0       ?Patch@BSDiff@@YAXAEBV?$FunctionCallbackInfo@VValue@v8@@@v8@@@Z 00000001800034d0 f   bsdiff4.obj
 0001:00002ae0       ?Init@BSDiff@@YAXV?$Local@VObject@v8@@@v8@@@Z 0000000180003ae0 f   bsdiff4.obj
 0001:00002b50       ?push_back@?$vector@HV?$allocator@H@std@@@std@@QEAAX$$QEAH@Z 0000000180003b50 f i bsdiff4.obj
 0001:00002be0       ?assign@?$basic_string@DU?$char_traits@D@std@@V?$allocator@D@2@@std@@QEAAAEAV12@AEBV12@_K1@Z 0000000180003be0 f i bsdiff4.obj
 0001:00002d10       ?_Reserve@?$vector@HV?$allocator@H@std@@@std@@IEAAX_K@Z 0000000180003d10 f i bsdiff4.obj
 0001:00002da0       ?assign@?$basic_string@DU?$char_traits@D@std@@V?$allocator@D@2@@std@@QEAAAEAV12@PEBD_K@Z 0000000180003da0 f i bsdiff4.obj
 0001:00002ee0       ?erase@?$basic_string@DU?$char_traits@D@std@@V?$allocator@D@2@@std@@QEAAAEAV12@_K0@Z 0000000180003ee0 f i bsdiff4.obj
 0001:00002fb0       ?_Reallocate@?$vector@HV?$allocator@H@std@@@std@@IEAAX_K@Z 0000000180003fb0 f i bsdiff4.obj
 0001:00003060       ?_Copy@?$basic_string@DU?$char_traits@D@std@@V?$allocator@D@2@@std@@QEAAX_K0@Z 0000000180004060 f i bsdiff4.obj
 0001:00003148       ??0bad_alloc@std@@QEAA@AEBV01@@Z 0000000180004148 f i libcpmt:xthrow.obj
 0001:0000316c       ??0length_error@std@@QEAA@AEBV01@@Z 000000018000416c f i libcpmt:xthrow.obj
 0001:00003190       ??0logic_error@std@@QEAA@AEBV01@@Z 0000000180004190 f i libcpmt:xthrow.obj
 0001:000031b4       ??0out_of_range@std@@QEAA@AEBV01@@Z 00000001800041b4 f i libcpmt:xthrow.obj
 0001:000031d8       ??1bad_alloc@std@@UEAA@XZ  00000001800041d8 f i libcpmt:xthrow.obj
 0001:000031e8       ??1out_of_range@std@@UEAA@XZ 00000001800041e8 f i libcpmt:xthrow.obj
 0001:000031e8       ??1length_error@std@@UEAA@XZ 00000001800041e8 f i libcpmt:xthrow.obj
 0001:000031f0       ??_Ebad_alloc@std@@UEAAPEAXI@Z 00000001800041f0 f i libcpmt:xthrow.obj
 0001:000031f0       ??_Gbad_alloc@std@@UEAAPEAXI@Z 00000001800041f0 f i libcpmt:xthrow.obj
 0001:0000322c       ??_Gout_of_range@std@@UEAAPEAXI@Z 000000018000422c f i libcpmt:xthrow.obj
 0001:0000322c       ??_Elogic_error@std@@UEAAPEAXI@Z 000000018000422c f i libcpmt:xthrow.obj
 0001:0000322c       ??_Glogic_error@std@@UEAAPEAXI@Z 000000018000422c f i libcpmt:xthrow.obj
 0001:0000322c       ??_Glength_error@std@@UEAAPEAXI@Z 000000018000422c f i libcpmt:xthrow.obj
 0001:0000322c       ??_Elength_error@std@@UEAAPEAXI@Z 000000018000422c f i libcpmt:xthrow.obj
 0001:0000322c       ??_Eout_of_range@std@@UEAAPEAXI@Z 000000018000422c f i libcpmt:xthrow.obj
 0001:0000325c       ?_Xbad_alloc@std@@YAXXZ    000000018000425c f   libcpmt:xthrow.obj
 0001:000032a0       ?_Xlength_error@std@@YAXPEBD@Z 00000001800042a0 f   libcpmt:xthrow.obj
 0001:000032d8       ?_Xout_of_range@std@@YAXPEBD@Z 00000001800042d8 f   libcpmt:xthrow.obj
 0001:00003320       __security_check_cookie    0000000180004320 f   LIBCMT:amdsecgs.obj
 0001:00003350       memmove                    0000000180004350 f   LIBCMT:memcpy.obj
 0001:00003350       memcpy                     0000000180004350 f   LIBCMT:memcpy.obj
 0001:000038b8       ??_U@YAPEAX_KAEBUnothrow_t@std@@@Z 00000001800048b8 f   LIBCMT:newaopnt.obj
 0001:000038c0       __onexitinit               00000001800048c0 f   LIBCMT:onexit.obj
 0001:00003904       _onexit                    0000000180004904 f   LIBCMT:onexit.obj
 0001:00003a10       atexit                     0000000180004a10 f   LIBCMT:onexit.obj
 0001:00003a28       ??3@YAXPEAX@Z              0000000180004a28 f   LIBCMT:delete.obj
 0001:00003a30       ??2@YAPEAX_K@Z             0000000180004a30 f   LIBCMT:new.obj
 0001:00003a9c       ??0_LocaleUpdate@@QEAA@PEAUlocaleinfo_struct@@@Z 0000000180004a9c f i LIBCMT:stricmp.obj
 0001:00003b44       _CRT_INIT                  0000000180004b44 f   LIBCMT:dllcrt0.obj
 0001:00003ca4       _DllMainCRTStartup         0000000180004ca4 f   LIBCMT:dllcrt0.obj
 0001:00003e20       strlen                     0000000180004e20 f   LIBCMT:strlen.obj
 0001:00003ec8       _CxxThrowException         0000000180004ec8 f   LIBCMT:throw.obj
 0001:00003f90       ?_GetEstablisherFrame@@YAPEA_KPEA_KPEAU_xDISPATCHER_CONTEXT@@PEBU_s_FuncInfo@@0@Z 0000000180004f90 f   LIBCMT:trnsctrl.obj
 0001:0000405c       ?_GetRangeOfTrysToCheck@@YAPEBU_s_TryBlockMapEntry@@PEA_KPEBU_s_FuncInfo@@HHPEAI2PEAU_xDISPATCHER_CONTEXT@@@Z 000000018000505c f   LIBCMT:trnsctrl.obj
 0001:00004188       ?__FrameUnwindToEmptyState@@YAXPEA_KPEAU_xDISPATCHER_CONTEXT@@PEBU_s_FuncInfo@@@Z 0000000180005188 f   LIBCMT:trnsctrl.obj
 0001:0000421c       ?__SehTransFilter@@YAHPEAU_EXCEPTION_POINTERS@@PEAUEHExceptionRecord@@PEA_KPEAU_CONTEXT@@PEAU_xDISPATCHER_CONTEXT@@PEBU_s_FuncInfo@@PEAH@Z 000000018000521c f   LIBCMT:trnsctrl.obj
 0001:000042c0       _CallSETranslator          00000001800052c0 f   LIBCMT:trnsctrl.obj
 0001:00004314       _CreateFrameInfo           0000000180005314 f   LIBCMT:trnsctrl.obj
 0001:00004358       _FindAndUnlinkFrame        0000000180005358 f   LIBCMT:trnsctrl.obj
 0001:000043b8       _GetImageBase              00000001800053b8 f   LIBCMT:trnsctrl.obj
 0001:000043d0       _GetThrowImageBase         00000001800053d0 f   LIBCMT:trnsctrl.obj
 0001:000043e8       _IsExceptionObjectToBeDestroyed 00000001800053e8 f   LIBCMT:trnsctrl.obj
 0001:0000441c       _SetImageBase              000000018000541c f   LIBCMT:trnsctrl.obj
 0001:00004438       _SetThrowImageBase         0000000180005438 f   LIBCMT:trnsctrl.obj
 0001:00004454       _UnwindNestedFrames        0000000180005454 f   LIBCMT:trnsctrl.obj
 0001:00004578       __CxxFrameHandler3         0000000180005578 f   LIBCMT:trnsctrl.obj
 0001:00004600       ??8type_info@@QEBA_NAEBV0@@Z 0000000180005600 f   LIBCMT:typinfo.obj
 0001:00004620       ??_Gtype_info@@UEAAPEAXI@Z 0000000180005620 f i LIBCMT:typinfo.obj
 0001:00004620       ??_Etype_info@@UEAAPEAXI@Z 0000000180005620 f i LIBCMT:typinfo.obj
 0001:0000465c       _fpmath                    000000018000565c f   LIBCMT:fpinit.obj
 0001:00004664       _cfltcvt_init              0000000180005664 f   LIBCMT:fpinit.obj
 0001:000046ec       ??0exception@std@@QEAA@AEBQEBD@Z 00000001800056ec f   LIBCMT:stdexcpt.obj
 0001:0000471c       ??0exception@std@@QEAA@AEBQEBDH@Z 000000018000571c f   LIBCMT:stdexcpt.obj
 0001:00004738       ??0exception@std@@QEAA@AEBV01@@Z 0000000180005738 f   LIBCMT:stdexcpt.obj
 0001:00004764       ??1exception@std@@UEAA@XZ  0000000180005764 f   LIBCMT:stdexcpt.obj
 0001:00004774       ??4exception@std@@QEAAAEAV01@AEBV01@@Z 0000000180005774 f   LIBCMT:stdexcpt.obj
 0001:000047b8       ??_Eexception@std@@UEAAPEAXI@Z 00000001800057b8 f i LIBCMT:stdexcpt.obj
 0001:000047b8       ??_Gexception@std@@UEAAPEAXI@Z 00000001800057b8 f i LIBCMT:stdexcpt.obj
 0001:000047f4       ?_Copy_str@exception@std@@AEAAXPEBD@Z 00000001800057f4 f   LIBCMT:stdexcpt.obj
 0001:00004850       ?_Tidy@exception@std@@AEAAXXZ 0000000180005850 f   LIBCMT:stdexcpt.obj
 0001:00004878       ?what@exception@std@@UEBAPEBDXZ 0000000180005878 f   LIBCMT:stdexcpt.obj
 0001:0000488c       __raise_securityfailure    000000018000588c f   LIBCMT:gs_report.obj
 0001:000048d8       __report_gsfailure         00000001800058d8 f   LIBCMT:gs_report.obj
 0001:000049ac       __isa_available_init       00000001800059ac f   LIBCMT:cpu_disp.obj
 0001:00004b50       ??2@YAPEAX_KAEBUnothrow_t@std@@@Z 0000000180005b50 f   LIBCMT:newopnt.obj
 0001:00004b70       __crtCorExitProcess        0000000180005b70 f   LIBCMT:crt0dat.obj
 0001:00004bb4       __crtExitProcess           0000000180005bb4 f   LIBCMT:crt0dat.obj
 0001:00004bcc       __freeCrtMemory            0000000180005bcc f   LIBCMT:crt0dat.obj
 0001:00004d14       _amsg_exit                 0000000180005d14 f   LIBCMT:crt0dat.obj
 0001:00004d3c       _cexit                     0000000180005d3c f   LIBCMT:crt0dat.obj
 0001:00004d4c       _cinit                     0000000180005d4c f   LIBCMT:crt0dat.obj
 0001:00004de4       _exit                      0000000180005de4 f   LIBCMT:crt0dat.obj
 0001:00004df0       _init_pointers             0000000180005df0 f   LIBCMT:crt0dat.obj
 0001:00004e9c       _initterm_e                0000000180005e9c f   LIBCMT:crt0dat.obj
 0001:00004ed8       _lockexit                  0000000180005ed8 f   LIBCMT:crt0dat.obj
 0001:00004ee4       _unlockexit                0000000180005ee4 f   LIBCMT:crt0dat.obj
 0001:00005088       _msize                     0000000180006088 f   LIBCMT:msize.obj
 0001:000050c4       _calloc_crt                00000001800060c4 f   LIBCMT:crtheap.obj
 0001:00005144       _malloc_crt                0000000180006144 f   LIBCMT:crtheap.obj
 0001:000051c0       _realloc_crt               00000001800061c0 f   LIBCMT:crtheap.obj
 0001:00005244       __C_specific_handler       0000000180006244 f   LIBCMT:chandler.obj
 0001:00005428       abort                      0000000180006428 f   LIBCMT:abort.obj
 0001:00005480       _initp_misc_purevirt       0000000180006480 f   LIBCMT:inithelp.obj
 0001:00005488       free                       0000000180006488 f   LIBCMT:free.obj
 0001:000054c8       malloc                     00000001800064c8 f   LIBCMT:malloc.obj
 0001:00005580       _callnewh                  0000000180006580 f   LIBCMT:handler.obj
 0001:000055b4       _initp_heap_handler        00000001800065b4 f   LIBCMT:handler.obj
 0001:000055bc       _call_reportfault          00000001800065bc f   LIBCMT:invarg.obj
 0001:000056b0       _initp_misc_invarg         00000001800066b0 f   LIBCMT:invarg.obj
 0001:000056b8       _invalid_parameter         00000001800066b8 f   LIBCMT:invarg.obj
 0001:00005720       _invalid_parameter_noinfo  0000000180006720 f   LIBCMT:invarg.obj
 0001:00005740       _invoke_watson             0000000180006740 f   LIBCMT:invarg.obj
 0001:0000577c       __addlocaleref             000000018000677c f   LIBCMT:localref.obj
 0001:00005808       __freetlocinfo             0000000180006808 f   LIBCMT:localref.obj
 0001:000059a0       __removelocaleref          00000001800069a0 f   LIBCMT:localref.obj
 0001:00005a44       __updatetlocinfo           0000000180006a44 f   LIBCMT:localref.obj
 0001:00005abc       _updatetlocinfoEx_nolock   0000000180006abc f   LIBCMT:localref.obj
 0001:00005b20       __initmbctable             0000000180006b20 f   LIBCMT:mbctype.obj
 0001:00005e3c       __updatetmbcinfo           0000000180006e3c f   LIBCMT:mbctype.obj
 0001:00005ef8       _setmbcp                   0000000180006ef8 f   LIBCMT:mbctype.obj
 0001:0000613c       _setmbcp_nolock            000000018000713c f   LIBCMT:mbctype.obj
 0001:000063ec       _tolower_l                 00000001800073ec f   LIBCMT:tolower.obj
 0001:00006540       tolower                    0000000180007540 f   LIBCMT:tolower.obj
 0001:00006560       _freefls                   0000000180007560 f   LIBCMT:tidtable.obj
 0001:00006694       _freeptd                   0000000180007694 f   LIBCMT:tidtable.obj
 0001:000066d0       _getptd                    00000001800076d0 f   LIBCMT:tidtable.obj
 0001:000066f4       _getptd_noexit             00000001800076f4 f   LIBCMT:tidtable.obj
 0001:00006778       _initptd                   0000000180007778 f   LIBCMT:tidtable.obj
 0001:0000683c       _mtinit                    000000018000783c f   LIBCMT:tidtable.obj
 0001:000068bc       _mtterm                    00000001800078bc f   LIBCMT:tidtable.obj
 0001:000068e0       __doserrno                 00000001800078e0 f   LIBCMT:dosmap.obj
 0001:00006900       _dosmaperr                 0000000180007900 f   LIBCMT:dosmap.obj
 0001:00006950       _errno                     0000000180007950 f   LIBCMT:dosmap.obj
 0001:00006970       _get_errno_from_oserr      0000000180007970 f   LIBCMT:dosmap.obj
 0001:000069c0       _locterm                   00000001800079c0 f   LIBCMT:wsetloca.obj
 0001:00006a08       _XcptFilter                0000000180007a08 f   LIBCMT:winxfltr.obj
 0001:00006bd4       __CppXcptFilter            0000000180007bd4 f   LIBCMT:winxfltr.obj
 0001:00006be8       _heap_init                 0000000180007be8 f   LIBCMT:heapinit.obj
 0001:00006c08       _heap_term                 0000000180007c08 f   LIBCMT:heapinit.obj
 0001:00006c14       _ioinit                    0000000180007c14 f   LIBCMT:ioinit.obj
 0001:00006f44       _ioterm                    0000000180007f44 f   LIBCMT:ioinit.obj
 0001:00006fb8       _setargv                   0000000180007fb8 f   LIBCMT:stdargv.obj
 0001:00007274       _setenvp                   0000000180008274 f   LIBCMT:stdenvp.obj
 0001:000073a8       __security_init_cookie     00000001800083a8 f   LIBCMT:gs_support.obj
 0001:00007454       DllMain                    0000000180008454 f   LIBCMT:dllmain.obj
 0001:0000745c       __crtGetEnvironmentStringsA 000000018000845c f   LIBCMT:a_env.obj
 0001:00007550       __crtCaptureCurrentContext 0000000180008550 f   LIBCMT:winapisupp.obj
 0001:000075c0       __crtCapturePreviousContext 00000001800085c0 f   LIBCMT:winapisupp.obj
 0001:00007634       __crtFlsAlloc              0000000180008634 f   LIBCMT:winapisupp.obj
 0001:00007650       __crtFlsFree               0000000180008650 f   LIBCMT:winapisupp.obj
 0001:0000766c       __crtFlsGetValue           000000018000866c f   LIBCMT:winapisupp.obj
 0001:00007688       __crtFlsSetValue           0000000180008688 f   LIBCMT:winapisupp.obj
 0001:000076a4       __crtInitializeCriticalSectionEx 00000001800086a4 f   LIBCMT:winapisupp.obj
 0001:000076d0       __crtIsPackagedApp         00000001800086d0 f   LIBCMT:winapisupp.obj
 0001:0000771c       __crtLoadWinApiPointers    000000018000871c f   LIBCMT:winapisupp.obj
 0001:00007b18       __crtSleep                 0000000180008b18 f   LIBCMT:winapisupp.obj
 0001:00007b20       __crtTerminateProcess      0000000180008b20 f   LIBCMT:winapisupp.obj
 0001:00007b40       __crtUnhandledException    0000000180008b40 f   LIBCMT:winapisupp.obj
 0001:00007b60       _RTC_Initialize            0000000180008b60 f   LIBCMT:initsect.obj
 0001:00007b98       _RTC_Terminate             0000000180008b98 f   LIBCMT:initsect.obj
 0001:00007bd0       __DestructExceptionObject  0000000180008bd0 f   LIBCMT:frame.obj
 0001:00007c40       ??0bad_exception@std@@QEAA@AEBV01@@Z 0000000180008c40 f i LIBCMT:frame.obj
 0001:00007c64       ??1bad_exception@std@@UEAA@XZ 0000000180008c64 f i LIBCMT:frame.obj
 0001:00007c74       ??_Gbad_exception@std@@UEAAPEAXI@Z 0000000180008c74 f i LIBCMT:frame.obj
 0001:00007c74       ??_Ebad_exception@std@@UEAAPEAXI@Z 0000000180008c74 f i LIBCMT:frame.obj
 0001:00008568       __AdjustPointer            0000000180009568 f   LIBCMT:frame.obj
 0001:0000858c       __BuildCatchObject         000000018000958c f   LIBCMT:frame.obj
 0001:00008644       __BuildCatchObjectHelper   0000000180009644 f   LIBCMT:frame.obj
 0001:00008894       __CxxCallCatchBlock        0000000180009894 f   LIBCMT:frame.obj
 0001:00008a98       __FrameUnwindFilter        0000000180009a98 f   LIBCMT:frame.obj
 0001:00008aec       __FrameUnwindToState       0000000180009aec f   LIBCMT:frame.obj
 0001:00008c80       __InternalCxxFrameHandler  0000000180009c80 f   LIBCMT:frame.obj
 0001:00008ea4       __TypeMatch                0000000180009ea4 f   LIBCMT:frame.obj
 0001:00008fd4       ?__GetCurrentState@@YAHPEA_KPEAU_xDISPATCHER_CONTEXT@@PEBU_s_FuncInfo@@@Z 0000000180009fd4 f   LIBCMT:ehstate.obj
 0001:00008ffc       ?__GetUnwindTryBlock@@YAHPEA_KPEAU_xDISPATCHER_CONTEXT@@PEBU_s_FuncInfo@@@Z 0000000180009ffc f   LIBCMT:ehstate.obj
 0001:00009028       ?__SetState@@YAXPEA_KPEAU_xDISPATCHER_CONTEXT@@PEBU_s_FuncInfo@@H@Z 000000018000a028 f   LIBCMT:ehstate.obj
 0001:00009034       ?__SetUnwindTryBlock@@YAXPEA_KPEAU_xDISPATCHER_CONTEXT@@PEBU_s_FuncInfo@@H@Z 000000018000a034 f   LIBCMT:ehstate.obj
 0001:00009070       ?__StateFromControlPc@@YAHPEBU_s_FuncInfo@@PEAU_xDISPATCHER_CONTEXT@@@Z 000000018000a070 f   LIBCMT:ehstate.obj
 0001:00009078       ?__StateFromIp@@YAHPEBU_s_FuncInfo@@PEAU_xDISPATCHER_CONTEXT@@_J@Z 000000018000a078 f   LIBCMT:ehstate.obj
 0001:00009104       ?_inconsistency@@YAXXZ     000000018000a104 f   LIBCMT:hooks.obj
 0001:00009124       ?terminate@@YAXXZ          000000018000a124 f   LIBCMT:hooks.obj
 0001:00009144       _initp_eh_hooks            000000018000a144 f   LIBCMT:hooks.obj
 0001:00009164       __GSHandlerCheck           000000018000a164 f   LIBCMT:gshandler.obj
 0001:00009184       __GSHandlerCheckCommon     000000018000a184 f   LIBCMT:gshandler.obj
 0001:00009200       strcmp                     000000018000a200 f   LIBCMT:strcmp.obj
 0001:00009268       ?_Type_info_dtor@type_info@@CAXPEAV1@@Z 000000018000a268 f   LIBCMT:typname.obj
 0001:000092d4       _cfltcvt                   000000018000a2d4 f   LIBCMT:cvt.obj
 0001:000092f8       _cfltcvt_l                 000000018000a2f8 f   LIBCMT:cvt.obj
 0001:00009378       _cftoa_l                   000000018000a378 f   LIBCMT:cvt.obj
 0001:00009924       _cftoe_l                   000000018000a924 f   LIBCMT:cvt.obj
 0001:00009b80       _cftof_l                   000000018000ab80 f   LIBCMT:cvt.obj
 0001:00009c54       _cftog_l                   000000018000ac54 f   LIBCMT:cvt.obj
 0001:00009d88       _cropzeros                 000000018000ad88 f   LIBCMT:cvt.obj
 0001:00009d90       _cropzeros_l               000000018000ad90 f   LIBCMT:cvt.obj
 0001:00009e28       _fassign                   000000018000ae28 f   LIBCMT:cvt.obj
 0001:00009e30       _fassign_l                 000000018000ae30 f   LIBCMT:cvt.obj
 0001:00009e70       _forcdecpt                 000000018000ae70 f   LIBCMT:cvt.obj
 0001:00009e78       _forcdecpt_l               000000018000ae78 f   LIBCMT:cvt.obj
 0001:00009ef8       _positive                  000000018000aef8 f   LIBCMT:cvt.obj
 0001:00009f0c       _initp_misc_cfltcvt_tab    000000018000af0c f   LIBCMT:cmiscdat.obj
 0001:00009f48       strcpy_s                   000000018000af48 f   LIBCMT:strcpy_s.obj
 0001:00009fac       __crt_debugger_hook        000000018000afac f   LIBCMT:dbghook.obj
 0001:00009fb4       _lock                      000000018000afb4 f   LIBCMT:mlock.obj
 0001:00009ff8       _mtdeletelocks             000000018000aff8 f   LIBCMT:mlock.obj
 0001:0000a080       _mtinitlocknum             000000018000b080 f   LIBCMT:mlock.obj
 0001:0000a140       _mtinitlocks               000000018000b140 f   LIBCMT:mlock.obj
 0001:0000a1a4       _unlock                    000000018000b1a4 f   LIBCMT:mlock.obj
 0001:0000a1bc       _FF_MSGBANNER              000000018000b1bc f   LIBCMT:crt0msg.obj
 0001:0000a200       _GET_RTERRMSG              000000018000b200 f   LIBCMT:crt0msg.obj
 0001:0000a230       _NMSG_WRITE                000000018000b230 f   LIBCMT:crt0msg.obj
 0001:0000a4a0       _FindPESection             000000018000b4a0 f   LIBCMT:pesect.obj
 0001:0000a4f0       _IsNonwritableInCurrentImage 000000018000b4f0 f   LIBCMT:pesect.obj
 0001:0000a540       _ValidateImageBase         000000018000b540 f   LIBCMT:pesect.obj
 0001:0000a570       __get_sigabrt              000000018000b570 f   LIBCMT:winsig.obj
 0001:0000a580       _initp_misc_winsig         000000018000b580 f   LIBCMT:winsig.obj
 0001:0000a5a0       raise                      000000018000b5a0 f   LIBCMT:winsig.obj
 0001:0000a7d4       _initp_misc_rand_s         000000018000b7d4 f   LIBCMT:rand_s.obj
 0001:0000a7dc       realloc                    000000018000b7dc f   LIBCMT:realloc.obj
 0001:0000a8b0       _calloc_impl               000000018000b8b0 f   LIBCMT:calloc_impl.obj
 0001:0000a960       _local_unwind              000000018000b960 f   LIBCMT:jmpuwind.obj
 0001:0000a990       _NLG_Notify                000000018000b990 f   LIBCMT:jmpuwind.obj
 0001:0000a9b0       __NLG_Dispatch2            000000018000b9b0 f   LIBCMT:jmpuwind.obj
 0001:0000a9c0       __NLG_Return2              000000018000b9c0 f   LIBCMT:jmpuwind.obj
 0001:0000a9c4       GetTableIndexFromLocaleName 000000018000b9c4 f   LIBCMT:winapinls.obj
 0001:0000aa50       __crtDownlevelLocaleNameToLCID 000000018000ba50 f   LIBCMT:winapinls.obj
 0001:0000aa84       __crtLCMapStringEx         000000018000ba84 f   LIBCMT:winapinls.obj
 0001:0000ab14       __wcsnicmp_ascii           000000018000bb14 f   LIBCMT:winapinls.obj
 0001:0000ab80       _get_fpsr                  000000018000bb80 f   LIBCMT:fpsr.obj
 0001:0000ab90       _set_fpsr                  000000018000bb90 f   LIBCMT:fpsr.obj
 0001:0000ab9a       _fclrf                     000000018000bb9a f   LIBCMT:fpsr.obj
 0001:0000abae       _frnd                      000000018000bbae f   LIBCMT:fpsr.obj
 0001:0000abe0       memset                     000000018000bbe0 f   LIBCMT:memset.obj
 0001:0000ae0c       __free_lconv_mon           000000018000be0c f   LIBCMT:initmon.obj
 0001:0000af18       __free_lconv_num           000000018000bf18 f   LIBCMT:initnum.obj
 0001:0000af84       __free_lc_time             000000018000bf84 f   LIBCMT:inittime.obj
 0001:0000b66c       __crtLCMapStringA          000000018000c66c f   LIBCMT:a_map.obj
 0001:0000b87c       __crtGetStringTypeA        000000018000c87c f   LIBCMT:a_str.obj
 0001:0000b8f8       _isctype_l                 000000018000c8f8 f   LIBCMT:isctype.obj
 0001:0000b9d4       _isleadbyte_l              000000018000c9d4 f i LIBCMT:_wctype.obj
 0001:0000ba18       isleadbyte                 000000018000ca18 f i LIBCMT:_wctype.obj
 0001:0000ba70       memcmp                     000000018000ca70 f   LIBCMT:memcmp.obj
 0001:0000bb38       wcscat_s                   000000018000cb38 f   LIBCMT:wcscat_s.obj
 0001:0000bbc0       wcscpy_s                   000000018000cbc0 f   LIBCMT:wcscpy_s.obj
 0001:0000bc2c       wcslen                     000000018000cc2c f   LIBCMT:wcslen.obj
 0001:0000bc48       wcsncpy_s                  000000018000cc48 f   LIBCMT:wcsncpy_s.obj
 0001:0000bd14       __initstdio                000000018000cd14 f   LIBCMT:_file.obj
 0001:0000bdac       __endstdio                 000000018000cdac f   LIBCMT:_file.obj
 0001:0000bddc       _lock_file                 000000018000cddc f   LIBCMT:_file.obj
 0001:0000be44       _lock_file2                000000018000ce44 f   LIBCMT:_file.obj
 0001:0000be78       _unlock_file               000000018000ce78 f   LIBCMT:_file.obj
 0001:0000bec8       _unlock_file2              000000018000cec8 f   LIBCMT:_file.obj
 0001:0000bf64       _ismbblead                 000000018000cf64 f   LIBCMT:ismbbyte.obj
 0001:0000bf78       ?_ValidateRead@@YAHPEBXI@Z 000000018000cf78 f   LIBCMT:validate.obj
 0001:0000bf78       ?_ValidateExecute@@YAHP6A_JXZ@Z 000000018000cf78 f   LIBCMT:validate.obj
 0001:0000bf78       ?_ValidateWrite@@YAHPEAXI@Z 000000018000cf78 f   LIBCMT:validate.obj
 0001:0000bfa0       _CallSettingFrame          000000018000cfa0 f   LIBCMT:handlers.obj
 0001:0000bfe0       _GetNextInstrOffset        000000018000cfe0 f   LIBCMT:handlers.obj
 0001:0000bfe8       isdigit                    000000018000cfe8 f i LIBCMT:_ctype.obj
 0001:0000c064       strrchr                    000000018000d064 f   LIBCMT:strrchr.obj
 0001:0000c1a8       _fptostr                   000000018000d1a8 f   LIBCMT:_fptostr.obj
 0001:0000c274       __crt_atoflt_l             000000018000d274 f   LIBCMT:atodbl.obj
 0001:0000c344       _atodbl_l                  000000018000d344 f   LIBCMT:atodbl.obj
 0001:0000c40c       _atoflt_l                  000000018000d40c f   LIBCMT:atodbl.obj
 0001:0000c414       __dtold                    000000018000d414 f   LIBCMT:cfout.obj
 0001:0000c4e4       _fltout2                   000000018000d4e4 f   LIBCMT:cfout.obj
 0001:0000c59c       _fptrap                    000000018000d59c f   LIBCMT:crt0fp.obj
 0001:0000c5a8       _set_error_mode            000000018000d5a8 f   LIBCMT:errmode.obj
 0001:0000c5e8       __crtMessageBoxW           000000018000d5e8 f   LIBCMT:crtmboxw.obj
 0001:0000c85c       _fileno                    000000018000d85c f   LIBCMT:fileno.obj
 0001:0000c884       _isatty                    000000018000d884 f   LIBCMT:isatty.obj
 0001:0000c8e4       _fflush_nolock             000000018000d8e4 f   LIBCMT:fflush.obj
 0001:0000c930       _flush                     000000018000d930 f   LIBCMT:fflush.obj
 0001:0000c9ac       _flushall                  000000018000d9ac f   LIBCMT:fflush.obj
 0001:0000cab0       __chkstk                   000000018000dab0 f   LIBCMT:chkstk.obj
 0001:0000cab0       _alloca_probe              000000018000dab0 f   LIBCMT:chkstk.obj
 0001:0000cb00       _fcloseall                 000000018000db00 f   LIBCMT:closeall.obj
 0001:0000cba8       _ld12tod                   000000018000dba8 f   LIBCMT:intrncvt.obj
 0001:0000d160       _ld12tof                   000000018000e160 f   LIBCMT:intrncvt.obj
 0001:0000d718       __strgtold12_l             000000018000e718 f   LIBCMT:strgtold.obj
 0001:0000df7c       $I10_OUTPUT                000000018000ef7c f   LIBCMT:x10fout.obj
 0001:0000ea54       _commit                    000000018000fa54 f   LIBCMT:commit.obj
 0001:0000eb2c       _write                     000000018000fb2c f   LIBCMT:write.obj
 0001:0000ec10       _write_nolock              000000018000fc10 f   LIBCMT:write.obj
 0001:0000f404       _fclose_nolock             0000000180010404 f   LIBCMT:fclose.obj
 0001:0000f480       fclose                     0000000180010480 f   LIBCMT:fclose.obj
 0001:0000f4e8       __mtold12                  00000001800104e8 f   LIBCMT:mantold.obj
 0001:0000f70c       __lock_fhandle             000000018001070c f   LIBCMT:osfinfo.obj
 0001:0000f7a4       _free_osfhnd               00000001800107a4 f   LIBCMT:osfinfo.obj
 0001:0000f850       _get_osfhandle             0000000180010850 f   LIBCMT:osfinfo.obj
 0001:0000f8c4       _unlock_fhandle            00000001800108c4 f   LIBCMT:osfinfo.obj
 0001:0000f8f0       _lseeki64_nolock           00000001800108f0 f   LIBCMT:lseeki64.obj
 0001:0000f984       _mbtowc_l                  0000000180010984 f   LIBCMT:mbtowc.obj
 0001:0000fad8       mbtowc                     0000000180010ad8 f   LIBCMT:mbtowc.obj
 0001:0000fae0       _putwch_nolock             0000000180010ae0 f   LIBCMT:putwch.obj
 0001:0000fb3c       _close                     0000000180010b3c f   LIBCMT:close.obj
 0001:0000fc00       _close_nolock              0000000180010c00 f   LIBCMT:close.obj
 0001:0000fcbc       _freebuf                   0000000180010cbc f   LIBCMT:_freebuf.obj
 0001:0000fcf4       __termconout               0000000180010cf4 f   LIBCMT:initcon.obj
 0001:0000fd14       __initconout               0000000180010d14 f   LIBCMT:initcon.obj
 0001:0000fd50       RtlUnwindEx                0000000180010d50 f   kernel32:KERNEL32.dll
 0001:0000fd56       IsProcessorFeaturePresent  0000000180010d56 f   kernel32:KERNEL32.dll
 0002:00000000       __imp_CloseHandle          0000000180012000     kernel32:KERNEL32.dll
 0002:00000008       __imp_WriteConsoleW        0000000180012008     kernel32:KERNEL32.dll
 0002:00000010       __imp_SetFilePointerEx     0000000180012010     kernel32:KERNEL32.dll
 0002:00000018       __imp_SetStdHandle         0000000180012018     kernel32:KERNEL32.dll
 0002:00000020       __imp_GetConsoleMode       0000000180012020     kernel32:KERNEL32.dll
 0002:00000028       __imp_GetConsoleCP         0000000180012028     kernel32:KERNEL32.dll
 0002:00000030       __imp_FlushFileBuffers     0000000180012030     kernel32:KERNEL32.dll
 0002:00000038       __imp_OutputDebugStringW   0000000180012038     kernel32:KERNEL32.dll
 0002:00000040       __imp_GetStringTypeW       0000000180012040     kernel32:KERNEL32.dll
 0002:00000048       __imp_LCMapStringW         0000000180012048     kernel32:KERNEL32.dll
 0002:00000050       __imp_HeapReAlloc          0000000180012050     kernel32:KERNEL32.dll
 0002:00000058       __imp_LoadLibraryExW       0000000180012058     kernel32:KERNEL32.dll
 0002:00000060       __imp_GetModuleFileNameW   0000000180012060     kernel32:KERNEL32.dll
 0002:00000068       __imp_WriteFile            0000000180012068     kernel32:KERNEL32.dll
 0002:00000070       __imp_LeaveCriticalSection 0000000180012070     kernel32:KERNEL32.dll
 0002:00000078       __imp_EnterCriticalSection 0000000180012078     kernel32:KERNEL32.dll
 0002:00000080       __imp_GetModuleHandleW     0000000180012080     kernel32:KERNEL32.dll
 0002:00000088       __imp_TlsFree              0000000180012088     kernel32:KERNEL32.dll
 0002:00000090       __imp_TlsSetValue          0000000180012090     kernel32:KERNEL32.dll
 0002:00000098       __imp_TlsGetValue          0000000180012098     kernel32:KERNEL32.dll
 0002:000000a0       __imp_TlsAlloc             00000001800120a0     kernel32:KERNEL32.dll
 0002:000000a8       __imp_TerminateProcess     00000001800120a8     kernel32:KERNEL32.dll
 0002:000000b0       __imp_GetCurrentProcess    00000001800120b0     kernel32:KERNEL32.dll
 0002:000000b8       __imp_Sleep                00000001800120b8     kernel32:KERNEL32.dll
 0002:000000c0       __imp_InitializeCriticalSectionAndSpinCount 00000001800120c0     kernel32:KERNEL32.dll
 0002:000000c8       __imp_SetUnhandledExceptionFilter 00000001800120c8     kernel32:KERNEL32.dll
 0002:000000d0       __imp_UnhandledExceptionFilter 00000001800120d0     kernel32:KERNEL32.dll
 0002:000000d8       __imp_RtlVirtualUnwind     00000001800120d8     kernel32:KERNEL32.dll
 0002:000000e0       __imp_RtlCaptureContext    00000001800120e0     kernel32:KERNEL32.dll
 0002:000000e8       __imp_EncodePointer        00000001800120e8     kernel32:KERNEL32.dll
 0002:000000f0       __imp_DecodePointer        00000001800120f0     kernel32:KERNEL32.dll
 0002:000000f8       __imp_GetCommandLineA      00000001800120f8     kernel32:KERNEL32.dll
 0002:00000100       __imp_GetCurrentThreadId   0000000180012100     kernel32:KERNEL32.dll
 0002:00000108       __imp_RtlPcToFileHeader    0000000180012108     kernel32:KERNEL32.dll
 0002:00000110       __imp_RaiseException       0000000180012110     kernel32:KERNEL32.dll
 0002:00000118       __imp_RtlLookupFunctionEntry 0000000180012118     kernel32:KERNEL32.dll
 0002:00000120       __imp_RtlUnwindEx          0000000180012120     kernel32:KERNEL32.dll
 0002:00000128       __imp_IsDebuggerPresent    0000000180012128     kernel32:KERNEL32.dll
 0002:00000130       __imp_IsProcessorFeaturePresent 0000000180012130     kernel32:KERNEL32.dll
 0002:00000138       __imp_GetLastError         0000000180012138     kernel32:KERNEL32.dll
 0002:00000140       __imp_ExitProcess          0000000180012140     kernel32:KERNEL32.dll
 0002:00000148       __imp_GetModuleHandleExW   0000000180012148     kernel32:KERNEL32.dll
 0002:00000150       __imp_GetProcAddress       0000000180012150     kernel32:KERNEL32.dll
 0002:00000158       __imp_MultiByteToWideChar  0000000180012158     kernel32:KERNEL32.dll
 0002:00000160       __imp_WideCharToMultiByte  0000000180012160     kernel32:KERNEL32.dll
 0002:00000168       __imp_HeapSize             0000000180012168     kernel32:KERNEL32.dll
 0002:00000170       __imp_HeapFree             0000000180012170     kernel32:KERNEL32.dll
 0002:00000178       __imp_HeapAlloc            0000000180012178     kernel32:KERNEL32.dll
 0002:00000180       __imp_IsValidCodePage      0000000180012180     kernel32:KERNEL32.dll
 0002:00000188       __imp_GetACP               0000000180012188     kernel32:KERNEL32.dll
 0002:00000190       __imp_GetOEMCP             0000000180012190     kernel32:KERNEL32.dll
 0002:00000198       __imp_GetCPInfo            0000000180012198     kernel32:KERNEL32.dll
 0002:000001a0       __imp_SetLastError         00000001800121a0     kernel32:KERNEL32.dll
 0002:000001a8       __imp_GetProcessHeap       00000001800121a8     kernel32:KERNEL32.dll
 0002:000001b0       __imp_GetStdHandle         00000001800121b0     kernel32:KERNEL32.dll
 0002:000001b8       __imp_GetFileType          00000001800121b8     kernel32:KERNEL32.dll
 0002:000001c0       __imp_DeleteCriticalSection 00000001800121c0     kernel32:KERNEL32.dll
 0002:000001c8       __imp_GetStartupInfoW      00000001800121c8     kernel32:KERNEL32.dll
 0002:000001d0       __imp_GetModuleFileNameA   00000001800121d0     kernel32:KERNEL32.dll
 0002:000001d8       __imp_QueryPerformanceCounter 00000001800121d8     kernel32:KERNEL32.dll
 0002:000001e0       __imp_GetCurrentProcessId  00000001800121e0     kernel32:KERNEL32.dll
 0002:000001e8       __imp_GetSystemTimeAsFileTime 00000001800121e8     kernel32:KERNEL32.dll
 0002:000001f0       __imp_GetEnvironmentStringsW 00000001800121f0     kernel32:KERNEL32.dll
 0002:000001f8       __imp_FreeEnvironmentStringsW 00000001800121f8     kernel32:KERNEL32.dll
 0002:00000200       __imp_CreateFileW          0000000180012200     kernel32:KERNEL32.dll
 0002:00000208       \177KERNEL32_NULL_THUNK_DATA 0000000180012208     kernel32:KERNEL32.dll
 0002:00000210       __imp_?ToObject@Value@v8@@QEBA?AV?$Local@VObject@v8@@@2@XZ 0000000180012210     iojs:node.dll
 0002:00000218       __imp_uv_queue_work        0000000180012218     iojs:node.dll
 0002:00000220       __imp_?GetCurrent@Isolate@v8@@SAPEAV12@XZ 0000000180012220     iojs:node.dll
 0002:00000228       __imp_?GetCurrentContext@Isolate@v8@@QEAA?AV?$Local@VContext@v8@@@2@XZ 0000000180012228     iojs:node.dll
 0002:00000230       __imp_?ThrowException@Isolate@v8@@QEAA?AV?$Local@VValue@v8@@@2@V32@@Z 0000000180012230     iojs:node.dll
 0002:00000238       __imp_?Call@Function@v8@@QEAA?AV?$Local@VValue@v8@@@2@V32@HQEAV32@@Z 0000000180012238     iojs:node.dll
 0002:00000240       __imp_?SetName@Function@v8@@QEAAXV?$Local@VString@v8@@@2@@Z 0000000180012240     iojs:node.dll
 0002:00000248       __imp_?New@Integer@v8@@SA?AV?$Local@VInteger@v8@@@2@PEAVIsolate@2@H@Z 0000000180012248     iojs:node.dll
 0002:00000250       __imp_?Set@Object@v8@@QEAA_NIV?$Local@VValue@v8@@@2@@Z 0000000180012250     iojs:node.dll
 0002:00000258       __imp_?Set@Object@v8@@QEAA_NV?$Local@VValue@v8@@@2@0@Z 0000000180012258     iojs:node.dll
 0002:00000260       __imp_?Get@Object@v8@@QEAA?AV?$Local@VValue@v8@@@2@I@Z 0000000180012260     iojs:node.dll
 0002:00000268       __imp_??0HandleScope@v8@@QEAA@PEAVIsolate@1@@Z 0000000180012268     iojs:node.dll
 0002:00000270       __imp_??1HandleScope@v8@@QEAA@XZ 0000000180012270     iojs:node.dll
 0002:00000278       __imp_?CreateHandle@HandleScope@v8@@KAPEAPEAVObject@internal@2@PEAVIsolate@42@PEAV342@@Z 0000000180012278     iojs:node.dll
 0002:00000280       __imp_?Length@Array@v8@@QEBAIXZ 0000000180012280     iojs:node.dll
 0002:00000288       __imp_?New@Array@v8@@SA?AV?$Local@VArray@v8@@@2@PEAVIsolate@2@H@Z 0000000180012288     iojs:node.dll
 0002:00000290       __imp_?NewFromUtf8@String@v8@@SA?AV?$Local@VString@v8@@@2@PEAVIsolate@2@PEBDW4NewStringType@12@H@Z 0000000180012290     iojs:node.dll
 0002:00000298       __imp_?TypeError@Exception@v8@@SA?AV?$Local@VValue@v8@@@2@V?$Local@VString@v8@@@2@@Z 0000000180012298     iojs:node.dll
 0002:000002a0       __imp_?Error@Exception@v8@@SA?AV?$Local@VValue@v8@@@2@V?$Local@VString@v8@@@2@@Z 00000001800122a0     iojs:node.dll
 0002:000002a8       __imp_?New@FunctionTemplate@v8@@SA?AV?$Local@VFunctionTemplate@v8@@@2@PEAVIsolate@2@P6AXAEBV?$FunctionCallbackInfo@VValue@v8@@@2@@ZV?$Local@VValue@v8@@@2@V?$Local@VSignature@v8@@@2@HW4ConstructorBehavior@2@@Z 00000001800122a8     iojs:node.dll
 0002:000002b0       __imp_?GetFunction@FunctionTemplate@v8@@QEAA?AV?$Local@VFunction@v8@@@2@XZ 00000001800122b0     iojs:node.dll
 0002:000002b8       __imp_?IsFunction@Value@v8@@QEBA_NXZ 00000001800122b8     iojs:node.dll
 0002:000002c0       __imp_?IsArray@Value@v8@@QEBA_NXZ 00000001800122c0     iojs:node.dll
 0002:000002c8       __imp_?IsNumber@Value@v8@@QEBA_NXZ 00000001800122c8     iojs:node.dll
 0002:000002d0       __imp_?Int32Value@Value@v8@@QEBAHXZ 00000001800122d0     iojs:node.dll
 0002:000002d8       __imp_?GlobalizeReference@V8@v8@@CAPEAPEAVObject@internal@2@PEAVIsolate@42@PEAPEAV342@@Z 00000001800122d8     iojs:node.dll
 0002:000002e0       __imp_?DisposeGlobal@V8@v8@@CAXPEAPEAVObject@internal@2@@Z 00000001800122e0     iojs:node.dll
 0002:000002e8       __imp_?Global@Context@v8@@QEAA?AV?$Local@VObject@v8@@@2@XZ 00000001800122e8     iojs:node.dll
 0002:000002f0       __imp_??0TryCatch@v8@@QEAA@XZ 00000001800122f0     iojs:node.dll
 0002:000002f8       __imp_??1TryCatch@v8@@QEAA@XZ 00000001800122f8     iojs:node.dll
 0002:00000300       __imp_?HasCaught@TryCatch@v8@@QEBA_NXZ 0000000180012300     iojs:node.dll
 0002:00000308       __imp_uv_default_loop      0000000180012308     iojs:node.dll
 0002:00000310       __imp_node_module_register 0000000180012310     iojs:node.dll
 0002:00000318       __imp_?New@Buffer@node@@YA?AV?$MaybeLocal@VObject@v8@@@v8@@PEAVIsolate@4@PEAD_KP6AX1PEAX@Z3@Z 0000000180012318     iojs:node.dll
 0002:00000320       __imp_?HasInstance@Buffer@node@@YA_NV?$Local@VValue@v8@@@v8@@@Z 0000000180012320     iojs:node.dll
 0002:00000328       __imp_?Data@Buffer@node@@YAPEADV?$Local@VObject@v8@@@v8@@@Z 0000000180012328     iojs:node.dll
 0002:00000330       __imp_?Length@Buffer@node@@YA_KV?$Local@VObject@v8@@@v8@@@Z 0000000180012330     iojs:node.dll
 0002:00000338       __imp_?FatalException@node@@YAXPEAVIsolate@v8@@AEBVTryCatch@3@@Z 0000000180012338     iojs:node.dll
 0002:00000340       \177node_NULL_THUNK_DATA   0000000180012340     iojs:node.dll
 0002:00000348       __xc_a                     0000000180012348     LIBCMT:crt0init.obj
 0002:00000360       _register_bsdiff4_         0000000180012360     bsdiff4.obj
 0002:00000368       __xc_z                     0000000180012368     LIBCMT:crt0init.obj
 0002:00000370       __xi_a                     0000000180012370     LIBCMT:crt0init.obj
 0002:00000398       __xi_z                     0000000180012398     LIBCMT:crt0init.obj
 0002:000003a0       __xp_a                     00000001800123a0     LIBCMT:crt0init.obj
 0002:000003c0       __xp_z                     00000001800123c0     LIBCMT:crt0init.obj
 0002:000003c8       __xt_a                     00000001800123c8     LIBCMT:crt0init.obj
 0002:000003d0       __xt_z                     00000001800123d0     LIBCMT:crt0init.obj
 0002:00000dc0       ??_C@_0BC@CIJDGCDI@permission?5denied?$AA@ 0000000180012dc0     libcpmt:syserror.obj
 0002:00000dd8       ??_C@_0M@MIDIAGJP@file?5exists?$AA@ 0000000180012dd8     libcpmt:syserror.obj
 0002:00000de8       ??_C@_0P@FDINDDOK@no?5such?5device?$AA@ 0000000180012de8     libcpmt:syserror.obj
 0002:00000df8       ??_C@_0BC@EJHOMAAK@filename?5too?5long?$AA@ 0000000180012df8     libcpmt:syserror.obj
 0002:00000e10       ??_C@_0BI@NGCEHDD@device?5or?5resource?5busy?$AA@ 0000000180012e10     libcpmt:syserror.obj
 0002:00000e28       ??_C@_08GLNPIFBN@io?5error?$AA@ 0000000180012e28     libcpmt:syserror.obj
 0002:00000e38       ??_C@_0BE@JIDOCPHM@directory?5not?5empty?$AA@ 0000000180012e38     libcpmt:syserror.obj
 0002:00000e50       ??_C@_0BB@FCMFBGOM@invalid?5argument?$AA@ 0000000180012e50     libcpmt:syserror.obj
 0002:00000e68       ??_C@_0BD@IJDJKDEA@no?5space?5on?5device?$AA@ 0000000180012e68     libcpmt:syserror.obj
 0002:00000e80       ??_C@_0BK@NDOCBPGE@no?5such?5file?5or?5directory?$AA@ 0000000180012e80     libcpmt:syserror.obj
 0002:00000ea0       ??_C@_0BH@KEFGLDAF@function?5not?5supported?$AA@ 0000000180012ea0     libcpmt:syserror.obj
 0002:00000eb8       ??_C@_0BC@NJECKMKE@no?5lock?5available?$AA@ 0000000180012eb8     libcpmt:syserror.obj
 0002:00000ed0       ??_C@_0BC@ENOOLCNF@not?5enough?5memory?$AA@ 0000000180012ed0     libcpmt:syserror.obj
 0002:00000ee8       ??_C@_0BP@LKNGHENJ@resource?5unavailable?5try?5again?$AA@ 0000000180012ee8     libcpmt:syserror.obj
 0002:00000f08       ??_C@_0BC@PPHBOELF@cross?5device?5link?$AA@ 0000000180012f08     libcpmt:syserror.obj
 0002:00000f20       ??_C@_0BD@MOLBPMEA@operation?5canceled?$AA@ 0000000180012f20     libcpmt:syserror.obj
 0002:00000f38       ??_C@_0BE@GHAFMPAH@too?5many?5files?5open?$AA@ 0000000180012f38     libcpmt:syserror.obj
 0002:00000f50       ??_C@_0BC@FNODOBAE@permission_denied?$AA@ 0000000180012f50     libcpmt:syserror.obj
 0002:00000f68       ??_C@_0P@LNDJPBFK@address_in_use?$AA@ 0000000180012f68     libcpmt:syserror.obj
 0002:00000f78       ??_C@_0BG@IPMGOJF@address_not_available?$AA@ 0000000180012f78     libcpmt:syserror.obj
 0002:00000f90       ??_C@_0BN@LCBDHODA@address_family_not_supported?$AA@ 0000000180012f90     libcpmt:syserror.obj
 0002:00000fb0       ??_C@_0BP@FOJJHMCC@connection_already_in_progress?$AA@ 0000000180012fb0     libcpmt:syserror.obj
 0002:00000fd0       ??_C@_0BE@DLHHIBGN@bad_file_descriptor?$AA@ 0000000180012fd0     libcpmt:syserror.obj
 0002:00000fe8       ??_C@_0BD@OJMJDIGI@connection_aborted?$AA@ 0000000180012fe8     libcpmt:syserror.obj
 0002:00001000       ??_C@_0BD@NGKCIFEP@connection_refused?$AA@ 0000000180013000     libcpmt:syserror.obj
 0002:00001018       ??_C@_0BB@JOANDNCK@connection_reset?$AA@ 0000000180013018     libcpmt:syserror.obj
 0002:00001030       ??_C@_0BN@JLJNLKLK@destination_address_required?$AA@ 0000000180013030     libcpmt:syserror.obj
 0002:00001050       ??_C@_0M@IJGMGFGP@bad_address?$AA@ 0000000180013050     libcpmt:syserror.obj
 0002:00001060       ??_C@_0BB@KKNHPPIN@host_unreachable?$AA@ 0000000180013060     libcpmt:syserror.obj
 0002:00001078       ??_C@_0BG@DJGBJIIK@operation_in_progress?$AA@ 0000000180013078     libcpmt:syserror.obj
 0002:00001090       ??_C@_0M@EGEKIIMP@interrupted?$AA@ 0000000180013090     libcpmt:syserror.obj
 0002:000010a0       ??_C@_0BB@FFIHMIPJ@invalid_argument?$AA@ 00000001800130a0     libcpmt:syserror.obj
 0002:000010b8       ??_C@_0BC@FIFLCHLO@already_connected?$AA@ 00000001800130b8     libcpmt:syserror.obj
 0002:000010d0       ??_C@_0BE@GJJJJDDA@too_many_files_open?$AA@ 00000001800130d0     libcpmt:syserror.obj
 0002:000010e8       ??_C@_0N@HPMLKHPL@message_size?$AA@ 00000001800130e8     libcpmt:syserror.obj
 0002:000010f8       ??_C@_0BC@LEEIKBAL@filename_too_long?$AA@ 00000001800130f8     libcpmt:syserror.obj
 0002:00001110       ??_C@_0N@FCPALPJK@network_down?$AA@ 0000000180013110     libcpmt:syserror.obj
 0002:00001120       ??_C@_0O@EHNDLHIG@network_reset?$AA@ 0000000180013120     libcpmt:syserror.obj
 0002:00001130       ??_C@_0BE@JFNJIDNF@network_unreachable?$AA@ 0000000180013130     libcpmt:syserror.obj
 0002:00001148       ??_C@_0BA@FDIJKJCL@no_buffer_space?$AA@ 0000000180013148     libcpmt:syserror.obj
 0002:00001158       ??_C@_0BD@JHIHCGKP@no_protocol_option?$AA@ 0000000180013158     libcpmt:syserror.obj
 0002:00001170       ??_C@_0O@GBCLHHD@not_connected?$AA@ 0000000180013170     libcpmt:syserror.obj
 0002:00001180       ??_C@_0N@IMHKKLEM@not_a_socket?$AA@ 0000000180013180     libcpmt:syserror.obj
 0002:00001190       ??_C@_0BI@ICEIDKLJ@operation_not_supported?$AA@ 0000000180013190     libcpmt:syserror.obj
 0002:000011a8       ??_C@_0BH@KAPBAIJF@protocol_not_supported?$AA@ 00000001800131a8     libcpmt:syserror.obj
 0002:000011c0       ??_C@_0BE@GAOJJFPC@wrong_protocol_type?$AA@ 00000001800131c0     libcpmt:syserror.obj
 0002:000011d8       ??_C@_09NCHNLHPG@timed_out?$AA@ 00000001800131d8     libcpmt:syserror.obj
 0002:000011e8       ??_C@_0BG@GDGHKFDH@operation_would_block?$AA@ 00000001800131e8     libcpmt:syserror.obj
 0002:00001200       ??_C@_0BN@LKKBCCDB@address?5family?5not?5supported?$AA@ 0000000180013200     libcpmt:syserror.obj
 0002:00001220       ??_C@_0P@LDMLAFHI@address?5in?5use?$AA@ 0000000180013220     libcpmt:syserror.obj
 0002:00001230       ??_C@_0BG@DHPCNBJB@address?5not?5available?$AA@ 0000000180013230     libcpmt:syserror.obj
 0002:00001248       ??_C@_0BC@DFIBIBIL@already?5connected?$AA@ 0000000180013248     libcpmt:syserror.obj
 0002:00001260       ??_C@_0BH@CAKOHOMI@argument?5list?5too?5long?$AA@ 0000000180013260     libcpmt:syserror.obj
 0002:00001278       ??_C@_0BH@CGIMPKIM@argument?5out?5of?5domain?$AA@ 0000000180013278     libcpmt:syserror.obj
 0002:00001290       ??_C@_0M@KGHGGJGL@bad?5address?$AA@ 0000000180013290     libcpmt:syserror.obj
 0002:000012a0       ??_C@_0BE@MPJPGCEO@bad?5file?5descriptor?$AA@ 00000001800132a0     libcpmt:syserror.obj
 0002:000012b8       ??_C@_0M@PMMIEFCP@bad?5message?$AA@ 00000001800132b8     libcpmt:syserror.obj
 0002:000012c8       ??_C@_0M@KPHOFDBE@broken?5pipe?$AA@ 00000001800132c8     libcpmt:syserror.obj
 0002:000012d8       ??_C@_0BD@MGNDDEGM@connection?5aborted?$AA@ 00000001800132d8     libcpmt:syserror.obj
 0002:000012f0       ??_C@_0BP@KAIHPOGN@connection?5already?5in?5progress?$AA@ 00000001800132f0     libcpmt:syserror.obj
 0002:00001310       ??_C@_0BD@PJLIIJEL@connection?5refused?$AA@ 0000000180013310     libcpmt:syserror.obj
 0002:00001328       ??_C@_0BB@IECNJNOI@connection?5reset?$AA@ 0000000180013328     libcpmt:syserror.obj
 0002:00001340       ??_C@_0BN@KDMIFEIP@destination?5address?5required?$AA@ 0000000180013340     libcpmt:syserror.obj
 0002:00001360       ??_C@_0BI@BNCLIGPB@executable?5format?5error?$AA@ 0000000180013360     libcpmt:syserror.obj
 0002:00001378       ??_C@_0P@DNAJLBJK@file?5too?5large?$AA@ 0000000180013378     libcpmt:syserror.obj
 0002:00001388       ??_C@_0BB@DHFDFGDM@host?5unreachable?$AA@ 0000000180013388     libcpmt:syserror.obj
 0002:000013a0       ??_C@_0BD@JPHBMONG@identifier?5removed?$AA@ 00000001800133a0     libcpmt:syserror.obj
 0002:000013b8       ??_C@_0BG@CDNPAGJK@illegal?5byte?5sequence?$AA@ 00000001800133b8     libcpmt:syserror.obj
 0002:000013d0       ??_C@_0CD@BNPLBMNA@inappropriate?5io?5control?5operati@ 00000001800133d0     libcpmt:syserror.obj
 0002:000013f8       ??_C@_0N@OHAFKDEK@invalid?5seek?$AA@ 00000001800133f8     libcpmt:syserror.obj
 0002:00001408       ??_C@_0P@FLLDBIDK@is?5a?5directory?$AA@ 0000000180013408     libcpmt:syserror.obj
 0002:00001418       ??_C@_0N@IFLPBIOP@message?5size?$AA@ 0000000180013418     libcpmt:syserror.obj
 0002:00001428       ??_C@_0N@KIIEAAIO@network?5down?$AA@ 0000000180013428     libcpmt:syserror.obj
 0002:00001438       ??_C@_0O@FNPDBHEE@network?5reset?$AA@ 0000000180013438     libcpmt:syserror.obj
 0002:00001448       ??_C@_0BE@IFNCKGE@network?5unreachable?$AA@ 0000000180013448     libcpmt:syserror.obj
 0002:00001460       ??_C@_0BA@PFFCAOFK@no?5buffer?5space?$AA@ 0000000180013460     libcpmt:syserror.obj
 0002:00001470       ??_C@_0BB@IEPBLJHK@no?5child?5process?$AA@ 0000000180013470     libcpmt:syserror.obj
 0002:00001488       ??_C@_07PLECNNKG@no?5link?$AA@ 0000000180013488     libcpmt:syserror.obj
 0002:00001490       ??_C@_0BF@PBGGPKKE@no?5message?5available?$AA@ 0000000180013490     libcpmt:syserror.obj
 0002:000014a8       ??_C@_0L@EDOLMPAK@no?5message?$AA@ 00000001800134a8     libcpmt:syserror.obj
 0002:000014b8       ??_C@_0BD@EAMBFIDF@no?5protocol?5option?$AA@ 00000001800134b8     libcpmt:syserror.obj
 0002:000014d0       ??_C@_0BE@MKFDAFMP@no?5stream?5resources?$AA@ 00000001800134d0     libcpmt:syserror.obj
 0002:000014e8       ??_C@_0BK@IMCPHCBI@no?5such?5device?5or?5address?$AA@ 00000001800134e8     libcpmt:syserror.obj
 0002:00001508       ??_C@_0BA@ENLPPKBN@no?5such?5process?$AA@ 0000000180013508     libcpmt:syserror.obj
 0002:00001518       ??_C@_0BA@DOCPFFJG@not?5a?5directory?$AA@ 0000000180013518     libcpmt:syserror.obj
 0002:00001528       ??_C@_0N@POEIPGGF@not?5a?5socket?$AA@ 0000000180013528     libcpmt:syserror.obj
 0002:00001538       ??_C@_0N@LGAPMMPI@not?5a?5stream?$AA@ 0000000180013538     libcpmt:syserror.obj
 0002:00001548       ??_C@_0O@GLMIBBEG@not?5connected?$AA@ 0000000180013548     libcpmt:syserror.obj
 0002:00001558       ??_C@_0O@NHEDABJP@not?5supported?$AA@ 0000000180013558     libcpmt:syserror.obj
 0002:00001568       ??_C@_0BG@KDKHOPCO@operation?5in?5progress?$AA@ 0000000180013568     libcpmt:syserror.obj
 0002:00001580       ??_C@_0BI@OHIEJAAB@operation?5not?5permitted?$AA@ 0000000180013580     libcpmt:syserror.obj
 0002:00001598       ??_C@_0BI@LNEGIFLN@operation?5not?5supported?$AA@ 0000000180013598     libcpmt:syserror.obj
 0002:000015b0       ??_C@_0BG@OEMDKMEE@operation?5would?5block?$AA@ 00000001800135b0     libcpmt:syserror.obj
 0002:000015c8       ??_C@_0L@BLPOFLNJ@owner?5dead?$AA@ 00000001800135c8     libcpmt:syserror.obj
 0002:000015d8       ??_C@_0P@FNPOCJBE@protocol?5error?$AA@ 00000001800135d8     libcpmt:syserror.obj
 0002:000015e8       ??_C@_0BH@JPPPLHJB@protocol?5not?5supported?$AA@ 00000001800135e8     libcpmt:syserror.obj
 0002:00001600       ??_C@_0BG@EICBIHDP@read?5only?5file?5system?$AA@ 0000000180013600     libcpmt:syserror.obj
 0002:00001618       ??_C@_0BO@BJBOMOEJ@resource?5deadlock?5would?5occur?$AA@ 0000000180013618     libcpmt:syserror.obj
 0002:00001638       ??_C@_0BE@GOIPJJHG@result?5out?5of?5range?$AA@ 0000000180013638     libcpmt:syserror.obj
 0002:00001650       ??_C@_0BG@MPLKFPAE@state?5not?5recoverable?$AA@ 0000000180013650     libcpmt:syserror.obj
 0002:00001668       ??_C@_0P@DIIFGFCG@stream?5timeout?$AA@ 0000000180013668     libcpmt:syserror.obj
 0002:00001678       ??_C@_0P@IPFDMIFL@text?5file?5busy?$AA@ 0000000180013678     libcpmt:syserror.obj
 0002:00001688       ??_C@_09KJPPMAOI@timed?5out?$AA@ 0000000180013688     libcpmt:syserror.obj
 0002:00001698       ??_C@_0BO@HACHBEKI@too?5many?5files?5open?5in?5system?$AA@ 0000000180013698     libcpmt:syserror.obj
 0002:000016b8       ??_C@_0P@HCOMKFCC@too?5many?5links?$AA@ 00000001800136b8     libcpmt:syserror.obj
 0002:000016c8       ??_C@_0BO@EFGOJEF@too?5many?5symbolic?5link?5levels?$AA@ 00000001800136c8     libcpmt:syserror.obj
 0002:000016e8       ??_C@_0BA@KGKGOOJA@value?5too?5large?$AA@ 00000001800136e8     libcpmt:syserror.obj
 0002:000016f8       ??_C@_0BE@MIEJDDNH@wrong?5protocol?5type?$AA@ 00000001800136f8     libcpmt:syserror.obj
 0002:00001718       ??_7bad_alloc@std@@6B@     0000000180013718     libcpmt:xthrow.obj
 0002:00001728       ??_C@_0P@GHFPNOJB@bad?5allocation?$AA@ 0000000180013728     libcpmt:xthrow.obj
 0002:00001740       ??_7logic_error@std@@6B@   0000000180013740     libcpmt:xthrow.obj
 0002:00001758       ??_7length_error@std@@6B@  0000000180013758     libcpmt:xthrow.obj
 0002:00001770       ??_7out_of_range@std@@6B@  0000000180013770     libcpmt:xthrow.obj
 0002:00001780       ??_C@_06MEIMCGCF@_hypot?$AA@ 0000000180013780     LIBCMT:hypot.obj
 0002:00001788       _pDefaultRawDllMain        0000000180013788     LIBCMT:dllcrt0.obj
 0002:00001788       _pRawDllMain               0000000180013788     LIBCMT:dllcrt0.obj
 0002:00001870       ??_7type_info@@6B@         0000000180013870     LIBCMT:typinfo.obj
 0002:00001878       _FPinit                    0000000180013878     LIBCMT:fpinit.obj
 0002:00001888       ??_7exception@std@@6B@     0000000180013888     LIBCMT:stdexcpt.obj
 0002:00001898       ??_C@_0BC@EOODALEL@Unknown?5exception?$AA@ 0000000180013898     LIBCMT:stdexcpt.obj
 0002:000018e8       ??_C@_1BI@BGOHAHKC@?$AAm?$AAs?$AAc?$AAo?$AAr?$AAe?$AAe?$AA?4?$AAd?$AAl?$AAl?$AA?$AA@ 00000001800138e8     LIBCMT:crt0dat.obj
 0002:00001900       ??_C@_0P@MIGLKIOC@CorExitProcess?$AA@ 0000000180013900     LIBCMT:crt0dat.obj
 0002:00001930       ??_C@_1M@HPNHIDJI@?$AAj?$AAa?$AA?9?$AAJ?$AAP?$AA?$AA@ 0000000180013930     LIBCMT:mbctype.obj
 0002:00001940       ??_C@_1M@BIBDDEMK@?$AAz?$AAh?$AA?9?$AAC?$AAN?$AA?$AA@ 0000000180013940     LIBCMT:mbctype.obj
 0002:00001950       ??_C@_1M@JLOOOEGK@?$AAk?$AAo?$AA?9?$AAK?$AAR?$AA?$AA@ 0000000180013950     LIBCMT:mbctype.obj
 0002:00001960       ??_C@_1M@CLNBBOPM@?$AAz?$AAh?$AA?9?$AAT?$AAW?$AA?$AA@ 0000000180013960     LIBCMT:mbctype.obj
 0002:0000196c       ??_C@_03KOEHGMDN@Sun?$AA@  000000018001396c     LIBCMT:nlsdata.obj
 0002:00001970       ??_C@_03PDAGKDH@Mon?$AA@   0000000180013970     LIBCMT:nlsdata.obj
 0002:00001974       ??_C@_03NAGEINEP@Tue?$AA@  0000000180013974     LIBCMT:nlsdata.obj
 0002:00001978       ??_C@_03MHOMLAJA@Wed?$AA@  0000000180013978     LIBCMT:nlsdata.obj
 0002:0000197c       ??_C@_03IOFIKPDN@Thu?$AA@  000000018001397c     LIBCMT:nlsdata.obj
 0002:00001980       ??_C@_03IDIOELNC@Fri?$AA@  0000000180013980     LIBCMT:nlsdata.obj
 0002:00001984       ??_C@_03FEFJNEK@Sat?$AA@   0000000180013984     LIBCMT:nlsdata.obj
 0002:00001988       ??_C@_06OOPIFAJ@Sunday?$AA@ 0000000180013988     LIBCMT:nlsdata.obj
 0002:00001990       ??_C@_06JLEDEDGH@Monday?$AA@ 0000000180013990     LIBCMT:nlsdata.obj
 0002:00001998       ??_C@_07BAAGCFCM@Tuesday?$AA@ 0000000180013998     LIBCMT:nlsdata.obj
 0002:000019a0       ??_C@_09DLIGFAKA@Wednesday?$AA@ 00000001800139a0     LIBCMT:nlsdata.obj
 0002:000019b0       ??_C@_08HACCIKIA@Thursday?$AA@ 00000001800139b0     LIBCMT:nlsdata.obj
 0002:000019bc       ??_C@_06JECMNKMI@Friday?$AA@ 00000001800139bc     LIBCMT:nlsdata.obj
 0002:000019c8       ??_C@_08INBOOONO@Saturday?$AA@ 00000001800139c8     LIBCMT:nlsdata.obj
 0002:000019d4       ??_C@_03JIHJHPIE@Jan?$AA@  00000001800139d4     LIBCMT:nlsdata.obj
 0002:000019d8       ??_C@_03HJBDCHOM@Feb?$AA@  00000001800139d8     LIBCMT:nlsdata.obj
 0002:000019dc       ??_C@_03ODNJBKGA@Mar?$AA@  00000001800139dc     LIBCMT:nlsdata.obj
 0002:000019e0       ??_C@_03LEOLGMJP@Apr?$AA@  00000001800139e0     LIBCMT:nlsdata.obj
 0002:000019e4       ??_C@_03CNMDKL@May?$AA@    00000001800139e4     LIBCMT:nlsdata.obj
 0002:000019e8       ??_C@_03IDFGHECI@Jun?$AA@  00000001800139e8     LIBCMT:nlsdata.obj
 0002:000019ec       ??_C@_03LBGABGKK@Jul?$AA@  00000001800139ec     LIBCMT:nlsdata.obj
 0002:000019f0       ??_C@_03IFJFEIGA@Aug?$AA@  00000001800139f0     LIBCMT:nlsdata.obj
 0002:000019f4       ??_C@_03GGCAPAJC@Sep?$AA@  00000001800139f4     LIBCMT:nlsdata.obj
 0002:000019f8       ??_C@_03BMAOKBAD@Oct?$AA@  00000001800139f8     LIBCMT:nlsdata.obj
 0002:000019fc       ??_C@_03JPJOFNIA@Nov?$AA@  00000001800139fc     LIBCMT:nlsdata.obj
 0002:00001a00       ??_C@_03MKABNOCG@Dec?$AA@  0000000180013a00     LIBCMT:nlsdata.obj
 0002:00001a08       ??_C@_07CGJPFGJA@January?$AA@ 0000000180013a08     LIBCMT:nlsdata.obj
 0002:00001a10       ??_C@_08GNJGEPFN@February?$AA@ 0000000180013a10     LIBCMT:nlsdata.obj
 0002:00001a1c       ??_C@_05HPCKOFNC@March?$AA@ 0000000180013a1c     LIBCMT:nlsdata.obj
 0002:00001a24       ??_C@_05DMJDNLEJ@April?$AA@ 0000000180013a24     LIBCMT:nlsdata.obj
 0002:00001a2c       ??_C@_04CNLMGBGM@June?$AA@ 0000000180013a2c     LIBCMT:nlsdata.obj
 0002:00001a34       ??_C@_04MIEPOIFP@July?$AA@ 0000000180013a34     LIBCMT:nlsdata.obj
 0002:00001a3c       ??_C@_06LBBHFDDG@August?$AA@ 0000000180013a3c     LIBCMT:nlsdata.obj
 0002:00001a48       ??_C@_09BHHEALKD@September?$AA@ 0000000180013a48     LIBCMT:nlsdata.obj
 0002:00001a58       ??_C@_07JJNFCEND@October?$AA@ 0000000180013a58     LIBCMT:nlsdata.obj
 0002:00001a60       ??_C@_08HCHEGEOA@November?$AA@ 0000000180013a60     LIBCMT:nlsdata.obj
 0002:00001a70       ??_C@_08EDHMEBNP@December?$AA@ 0000000180013a70     LIBCMT:nlsdata.obj
 0002:00001a7c       ??_C@_02DEDBPAFC@AM?$AA@   0000000180013a7c     LIBCMT:nlsdata.obj
 0002:00001a80       ??_C@_02CJNFDJBF@PM?$AA@   0000000180013a80     LIBCMT:nlsdata.obj
 0002:00001a88       ??_C@_08BPBNCDIB@MM?1dd?1yy?$AA@ 0000000180013a88     LIBCMT:nlsdata.obj
 0002:00001a98       ??_C@_0BE@CKGJFCPC@dddd?0?5MMMM?5dd?0?5yyyy?$AA@ 0000000180013a98     LIBCMT:nlsdata.obj
 0002:00001ab0       ??_C@_08JCCMCCIL@HH?3mm?3ss?$AA@ 0000000180013ab0     LIBCMT:nlsdata.obj
 0002:00001ac0       ??_C@_17MBGCMIPB@?$AAS?$AAu?$AAn?$AA?$AA@ 0000000180013ac0     LIBCMT:nlsdata.obj
 0002:00001ac8       ??_C@_17KBOMKBF@?$AAM?$AAo?$AAn?$AA?$AA@ 0000000180013ac8     LIBCMT:nlsdata.obj
 0002:00001ad0       ??_C@_17BMKGEGOJ@?$AAT?$AAu?$AAe?$AA?$AA@ 0000000180013ad0     LIBCMT:nlsdata.obj
 0002:00001ad8       ??_C@_17CJEDCEPE@?$AAW?$AAe?$AAd?$AA?$AA@ 0000000180013ad8     LIBCMT:nlsdata.obj
 0002:00001ae0       ??_C@_17PDPHAADD@?$AAT?$AAh?$AAu?$AA?$AA@ 0000000180013ae0     LIBCMT:nlsdata.obj
 0002:00001ae8       ??_C@_17HFOLPPLP@?$AAF?$AAr?$AAi?$AA?$AA@ 0000000180013ae8     LIBCMT:nlsdata.obj
 0002:00001af0       ??_C@_17GGIBDPIH@?$AAS?$AAa?$AAt?$AA?$AA@ 0000000180013af0     LIBCMT:nlsdata.obj
 0002:00001af8       ??_C@_1O@IHNHDHPB@?$AAS?$AAu?$AAn?$AAd?$AAa?$AAy?$AA?$AA@ 0000000180013af8     LIBCMT:nlsdata.obj
 0002:00001b08       ??_C@_1O@MMNBFLIA@?$AAM?$AAo?$AAn?$AAd?$AAa?$AAy?$AA?$AA@ 0000000180013b08     LIBCMT:nlsdata.obj
 0002:00001b18       ??_C@_1BA@ENFBFFEK@?$AAT?$AAu?$AAe?$AAs?$AAd?$AAa?$AAy?$AA?$AA@ 0000000180013b18     LIBCMT:nlsdata.obj
 0002:00001b28       ??_C@_1BE@EBOGMDOH@?$AAW?$AAe?$AAd?$AAn?$AAe?$AAs?$AAd?$AAa?$AAy?$AA?$AA@ 0000000180013b28     LIBCMT:nlsdata.obj
 0002:00001b40       ??_C@_1BC@HHMNLIHE@?$AAT?$AAh?$AAu?$AAr?$AAs?$AAd?$AAa?$AAy?$AA?$AA@ 0000000180013b40     LIBCMT:nlsdata.obj
 0002:00001b58       ??_C@_1O@PDICJHAG@?$AAF?$AAr?$AAi?$AAd?$AAa?$AAy?$AA?$AA@ 0000000180013b58     LIBCMT:nlsdata.obj
 0002:00001b68       ??_C@_1BC@ENMNNPAJ@?$AAS?$AAa?$AAt?$AAu?$AAr?$AAd?$AAa?$AAy?$AA?$AA@ 0000000180013b68     LIBCMT:nlsdata.obj
 0002:00001b80       ??_C@_17DKNBKCHM@?$AAJ?$AAa?$AAn?$AA?$AA@ 0000000180013b80     LIBCMT:nlsdata.obj
 0002:00001b88       ??_C@_17LMDJEKJN@?$AAF?$AAe?$AAb?$AA?$AA@ 0000000180013b88     LIBCMT:nlsdata.obj
 0002:00001b90       ??_C@_17CKNLEDEC@?$AAM?$AAa?$AAr?$AA?$AA@ 0000000180013b90     LIBCMT:nlsdata.obj
 0002:00001b98       ??_C@_17LFPOIHDD@?$AAA?$AAp?$AAr?$AA?$AA@ 0000000180013b98     LIBCMT:nlsdata.obj
 0002:00001ba0       ??_C@_17PNNKMEED@?$AAM?$AAa?$AAy?$AA?$AA@ 0000000180013ba0     LIBCMT:nlsdata.obj
 0002:00001ba8       ??_C@_17KCJGOCPB@?$AAJ?$AAu?$AAn?$AA?$AA@ 0000000180013ba8     LIBCMT:nlsdata.obj
 0002:00001bb0       ??_C@_17IJPCKHK@?$AAJ?$AAu?$AAl?$AA?$AA@ 0000000180013bb0     LIBCMT:nlsdata.obj
 0002:00001bb8       ??_C@_17ICPELBCN@?$AAA?$AAu?$AAg?$AA?$AA@ 0000000180013bb8     LIBCMT:nlsdata.obj
 0002:00001bc0       ??_C@_17HCHCOKMG@?$AAS?$AAe?$AAp?$AA?$AA@ 0000000180013bc0     LIBCMT:nlsdata.obj
 0002:00001bc8       ??_C@_17FNLKOI@?$AAO?$AAc?$AAt?$AA?$AA@ 0000000180013bc8     LIBCMT:nlsdata.obj
 0002:00001bd0       ??_C@_17BBDMLCIG@?$AAN?$AAo?$AAv?$AA?$AA@ 0000000180013bd0     LIBCMT:nlsdata.obj
 0002:00001bd8       ??_C@_17EGKACKIF@?$AAD?$AAe?$AAc?$AA?$AA@ 0000000180013bd8     LIBCMT:nlsdata.obj
 0002:00001be0       ??_C@_1BA@EFMEIEBA@?$AAJ?$AAa?$AAn?$AAu?$AAa?$AAr?$AAy?$AA?$AA@ 0000000180013be0     LIBCMT:nlsdata.obj
 0002:00001bf0       ??_C@_1BC@JGDDFFAM@?$AAF?$AAe?$AAb?$AAr?$AAu?$AAa?$AAr?$AAy?$AA?$AA@ 0000000180013bf0     LIBCMT:nlsdata.obj
 0002:00001c08       ??_C@_1M@IKEENEDF@?$AAM?$AAa?$AAr?$AAc?$AAh?$AA?$AA@ 0000000180013c08     LIBCMT:nlsdata.obj
 0002:00001c18       ??_C@_1M@GJNLMHFD@?$AAA?$AAp?$AAr?$AAi?$AAl?$AA?$AA@ 0000000180013c18     LIBCMT:nlsdata.obj
 0002:00001c28       ??_C@_19EPFLPGAP@?$AAJ?$AAu?$AAn?$AAe?$AA?$AA@ 0000000180013c28     LIBCMT:nlsdata.obj
 0002:00001c38       ??_C@_19BIFMLPCD@?$AAJ?$AAu?$AAl?$AAy?$AA?$AA@ 0000000180013c38     LIBCMT:nlsdata.obj
 0002:00001c48       ??_C@_1O@PAHLKOAC@?$AAA?$AAu?$AAg?$AAu?$AAs?$AAt?$AA?$AA@ 0000000180013c48     LIBCMT:nlsdata.obj
 0002:00001c58       ??_C@_1BE@DKAAMBJL@?$AAS?$AAe?$AAp?$AAt?$AAe?$AAm?$AAb?$AAe?$AAr?$AA?$AA@ 0000000180013c58     LIBCMT:nlsdata.obj
 0002:00001c70       ??_C@_1BA@EPANDLNG@?$AAO?$AAc?$AAt?$AAo?$AAb?$AAe?$AAr?$AA?$AA@ 0000000180013c70     LIBCMT:nlsdata.obj
 0002:00001c80       ??_C@_1BC@BGLIFPF@?$AAN?$AAo?$AAv?$AAe?$AAm?$AAb?$AAe?$AAr?$AA?$AA@ 0000000180013c80     LIBCMT:nlsdata.obj
 0002:00001c98       ??_C@_1BC@FEMKIFH@?$AAD?$AAe?$AAc?$AAe?$AAm?$AAb?$AAe?$AAr?$AA?$AA@ 0000000180013c98     LIBCMT:nlsdata.obj
 0002:00001cac       ??_C@_15ODEHAHHF@?$AAA?$AAM?$AA?$AA@ 0000000180013cac     LIBCMT:nlsdata.obj
 0002:00001cb4       ??_C@_15CLMNNGEL@?$AAP?$AAM?$AA?$AA@ 0000000180013cb4     LIBCMT:nlsdata.obj
 0002:00001cc0       ??_C@_1BC@IEBCMHCM@?$AAM?$AAM?$AA?1?$AAd?$AAd?$AA?1?$AAy?$AAy?$AA?$AA@ 0000000180013cc0     LIBCMT:nlsdata.obj
 0002:00001cd8       ??_C@_1CI@KNAKOEBC@?$AAd?$AAd?$AAd?$AAd?$AA?0?$AA?5?$AAM?$AAM?$AAM?$AAM?$AA?5?$AAd?$AAd?$AA?0?$AA?5?$AAy?$AAy?$AAy?$AAy?$AA?$AA@ 0000000180013cd8     LIBCMT:nlsdata.obj
 0002:00001d00       ??_C@_1BC@GDGBMEMK@?$AAH?$AAH?$AA?3?$AAm?$AAm?$AA?3?$AAs?$AAs?$AA?$AA@ 0000000180013d00     LIBCMT:nlsdata.obj
 0002:00001d18       ??_C@_1M@BMHNFIME@?$AAe?$AAn?$AA?9?$AAU?$AAS?$AA?$AA@ 0000000180013d18     LIBCMT:nlsdata.obj
 0002:00001db0       _XcptActTab                0000000180013db0     LIBCMT:winxfltr.obj
 0002:00001e70       _XcptActTabCount           0000000180013e70     LIBCMT:winxfltr.obj
 0002:00001e74       _XcptActTabSize            0000000180013e74     LIBCMT:winxfltr.obj
 0002:00001e78       _First_FPE_Indx            0000000180013e78     LIBCMT:winxfltr.obj
 0002:00001e7c       _Num_FPE                   0000000180013e7c     LIBCMT:winxfltr.obj
 0002:00001e80       ??_C@_1BK@MGMFAEKH@?$AAk?$AAe?$AAr?$AAn?$AAe?$AAl?$AA3?$AA2?$AA?4?$AAd?$AAl?$AAl?$AA?$AA@ 0000000180013e80     LIBCMT:winapisupp.obj
 0002:00001ea0       ??_C@_08KNHFBNJ@FlsAlloc?$AA@ 0000000180013ea0     LIBCMT:winapisupp.obj
 0002:00001eb0       ??_C@_07PEJMOBNF@FlsFree?$AA@ 0000000180013eb0     LIBCMT:winapisupp.obj
 0002:00001eb8       ??_C@_0M@GDNOONDI@FlsGetValue?$AA@ 0000000180013eb8     LIBCMT:winapisupp.obj
 0002:00001ec8       ??_C@_0M@JCPCPOEF@FlsSetValue?$AA@ 0000000180013ec8     LIBCMT:winapisupp.obj
 0002:00001ed8       ??_C@_0BM@HCFOFFN@InitializeCriticalSectionEx?$AA@ 0000000180013ed8     LIBCMT:winapisupp.obj
 0002:00001ef8       ??_C@_0P@DLHPPCNH@CreateEventExW?$AA@ 0000000180013ef8     LIBCMT:winapisupp.obj
 0002:00001f08       ??_C@_0BD@KIEEOEEH@CreateSemaphoreExW?$AA@ 0000000180013f08     LIBCMT:winapisupp.obj
 0002:00001f20       ??_C@_0BI@BKLFFAPO@SetThreadStackGuarantee?$AA@ 0000000180013f20     LIBCMT:winapisupp.obj
 0002:00001f38       ??_C@_0BG@OGFAJCKC@CreateThreadpoolTimer?$AA@ 0000000180013f38     LIBCMT:winapisupp.obj
 0002:00001f50       ??_C@_0BD@LPLEMMDI@SetThreadpoolTimer?$AA@ 0000000180013f50     LIBCMT:winapisupp.obj
 0002:00001f68       ??_C@_0CA@FMNJENH@WaitForThreadpoolTimerCallbacks?$AA@ 0000000180013f68     LIBCMT:winapisupp.obj
 0002:00001f88       ??_C@_0BF@DCFCCNOC@CloseThreadpoolTimer?$AA@ 0000000180013f88     LIBCMT:winapisupp.obj
 0002:00001fa0       ??_C@_0BF@FLABGKKM@CreateThreadpoolWait?$AA@ 0000000180013fa0     LIBCMT:winapisupp.obj
 0002:00001fb8       ??_C@_0BC@MGCOHNA@SetThreadpoolWait?$AA@ 0000000180013fb8     LIBCMT:winapisupp.obj
 0002:00001fd0       ??_C@_0BE@OCIOMIMP@CloseThreadpoolWait?$AA@ 0000000180013fd0     LIBCMT:winapisupp.obj
 0002:00001fe8       ??_C@_0BJ@LKGHFHBO@FlushProcessWriteBuffers?$AA@ 0000000180013fe8     LIBCMT:winapisupp.obj
 0002:00002008       ??_C@_0BP@KALKKPMO@FreeLibraryWhenCallbackReturns?$AA@ 0000000180014008     LIBCMT:winapisupp.obj
 0002:00002028       ??_C@_0BK@DFNBACLA@GetCurrentProcessorNumber?$AA@ 0000000180014028     LIBCMT:winapisupp.obj
 0002:00002048       ??_C@_0BP@KHGALBC@GetLogicalProcessorInformation?$AA@ 0000000180014048     LIBCMT:winapisupp.obj
 0002:00002068       ??_C@_0BE@FKKLLFLM@CreateSymbolicLinkW?$AA@ 0000000180014068     LIBCMT:winapisupp.obj
 0002:00002080       ??_C@_0BJ@OHNKDLIJ@SetDefaultDllDirectories?$AA@ 0000000180014080     LIBCMT:winapisupp.obj
 0002:000020a0       ??_C@_0BE@LJANKFHF@EnumSystemLocalesEx?$AA@ 00000001800140a0     LIBCMT:winapisupp.obj
 0002:000020b8       ??_C@_0BA@IHGNDAEB@CompareStringEx?$AA@ 00000001800140b8     LIBCMT:winapisupp.obj
 0002:000020c8       ??_C@_0BA@EPCJIIPD@GetDateFormatEx?$AA@ 00000001800140c8     LIBCMT:winapisupp.obj
 0002:000020d8       ??_C@_0BA@ONOKGCMP@GetLocaleInfoEx?$AA@ 00000001800140d8     LIBCMT:winapisupp.obj
 0002:000020e8       ??_C@_0BA@CIJJKCJJ@GetTimeFormatEx?$AA@ 00000001800140e8     LIBCMT:winapisupp.obj
 0002:000020f8       ??_C@_0BJ@PBCCBIPI@GetUserDefaultLocaleName?$AA@ 00000001800140f8     LIBCMT:winapisupp.obj
 0002:00002118       ??_C@_0BC@CELBKLLA@IsValidLocaleName?$AA@ 0000000180014118     LIBCMT:winapisupp.obj
 0002:00002130       ??_C@_0O@KKBNKAPF@LCMapStringEx?$AA@ 0000000180014130     LIBCMT:winapisupp.obj
 0002:00002140       ??_C@_0BE@JOGNEJCI@GetCurrentPackageId?$AA@ 0000000180014140     LIBCMT:winapisupp.obj
 0002:00002158       ??_C@_0P@CDHHOHKP@GetTickCount64?$AA@ 0000000180014158     LIBCMT:winapisupp.obj
 0002:00002168       ??_C@_0BO@KPCLFDJJ@GetFileInformationByHandleExW?$AA@ 0000000180014168     LIBCMT:winapisupp.obj
 0002:00002188       ??_C@_0BM@MHIDLABK@SetFileInformationByHandleW?$AA@ 0000000180014188     LIBCMT:winapisupp.obj
 0002:000021a8       _pDestructExceptionObject  00000001800141a8     LIBCMT:frame.obj
 0002:000021b8       ??_7bad_exception@std@@6B@ 00000001800141b8     LIBCMT:frame.obj
 0002:000021c8       ??_C@_0O@DPKOEFFH@bad?5exception?$AA@ 00000001800141c8     LIBCMT:frame.obj
 0002:000021d8       ??_C@_05KLBDPFGC@e?$CL000?$AA@ 00000001800141d8     LIBCMT:cvt.obj
 0002:000021e0       __real@0000000000000000    00000001800141e0     LIBCMT:cvt.obj
 0002:00002360       ??_C@_1FK@PGACCAFB@?$AAR?$AA6?$AA0?$AA0?$AA2?$AA?$AN?$AA?6?$AA?9?$AA?5?$AAf?$AAl?$AAo?$AAa?$AAt?$AAi?$AAn?$AAg?$AA?5?$AAp?$AAo?$AAi?$AAn?$AAt?$AA?5?$AAs?$AAu?$AAp?$AAp?$AAo?$AAr?$AAt?$AA?5@ 0000000180014360     LIBCMT:crt0msg.obj
 0002:000023c0       ??_C@_1FE@LLNEDJMD@?$AAR?$AA6?$AA0?$AA0?$AA8?$AA?$AN?$AA?6?$AA?9?$AA?5?$AAn?$AAo?$AAt?$AA?5?$AAe?$AAn?$AAo?$AAu?$AAg?$AAh?$AA?5?$AAs?$AAp?$AAa?$AAc?$AAe?$AA?5?$AAf?$AAo?$AAr?$AA?5?$AAa?$AAr@ 00000001800143c0     LIBCMT:crt0msg.obj
 0002:00002420       ??_C@_1FI@HONFMGBI@?$AAR?$AA6?$AA0?$AA0?$AA9?$AA?$AN?$AA?6?$AA?9?$AA?5?$AAn?$AAo?$AAt?$AA?5?$AAe?$AAn?$AAo?$AAu?$AAg?$AAh?$AA?5?$AAs?$AAp?$AAa?$AAc?$AAe?$AA?5?$AAf?$AAo?$AAr?$AA?5?$AAe?$AAn@ 0000000180014420     LIBCMT:crt0msg.obj
 0002:00002480       ??_C@_1EG@BEHAGFJD@?$AAR?$AA6?$AA0?$AA1?$AA0?$AA?$AN?$AA?6?$AA?9?$AA?5?$AAa?$AAb?$AAo?$AAr?$AAt?$AA?$CI?$AA?$CJ?$AA?5?$AAh?$AAa?$AAs?$AA?5?$AAb?$AAe?$AAe?$AAn?$AA?5?$AAc?$AAa?$AAl?$AAl?$AAe?$AAd@ 0000000180014480     LIBCMT:crt0msg.obj
 0002:000024d0       ??_C@_1FI@LOGNIKDM@?$AAR?$AA6?$AA0?$AA1?$AA6?$AA?$AN?$AA?6?$AA?9?$AA?5?$AAn?$AAo?$AAt?$AA?5?$AAe?$AAn?$AAo?$AAu?$AAg?$AAh?$AA?5?$AAs?$AAp?$AAa?$AAc?$AAe?$AA?5?$AAf?$AAo?$AAr?$AA?5?$AAt?$AAh@ 00000001800144d0     LIBCMT:crt0msg.obj
 0002:00002530       ??_C@_1FK@BEOGODMC@?$AAR?$AA6?$AA0?$AA1?$AA7?$AA?$AN?$AA?6?$AA?9?$AA?5?$AAu?$AAn?$AAe?$AAx?$AAp?$AAe?$AAc?$AAt?$AAe?$AAd?$AA?5?$AAm?$AAu?$AAl?$AAt?$AAi?$AAt?$AAh?$AAr?$AAe?$AAa?$AAd?$AA?5@ 0000000180014530     LIBCMT:crt0msg.obj
 0002:00002590       ??_C@_1EC@JIBHAOPH@?$AAR?$AA6?$AA0?$AA1?$AA8?$AA?$AN?$AA?6?$AA?9?$AA?5?$AAu?$AAn?$AAe?$AAx?$AAp?$AAe?$AAc?$AAt?$AAe?$AAd?$AA?5?$AAh?$AAe?$AAa?$AAp?$AA?5?$AAe?$AAr?$AAr?$AAo?$AAr?$AA?$AN?$AA?6@ 0000000180014590     LIBCMT:crt0msg.obj
 0002:000025e0       ??_C@_1FC@ECHBIFBC@?$AAR?$AA6?$AA0?$AA1?$AA9?$AA?$AN?$AA?6?$AA?9?$AA?5?$AAu?$AAn?$AAa?$AAb?$AAl?$AAe?$AA?5?$AAt?$AAo?$AA?5?$AAo?$AAp?$AAe?$AAn?$AA?5?$AAc?$AAo?$AAn?$AAs?$AAo?$AAl?$AAe?$AA?5@ 00000001800145e0     LIBCMT:crt0msg.obj
 0002:00002640       ??_C@_1GK@FHCKBEFA@?$AAR?$AA6?$AA0?$AA2?$AA4?$AA?$AN?$AA?6?$AA?9?$AA?5?$AAn?$AAo?$AAt?$AA?5?$AAe?$AAn?$AAo?$AAu?$AAg?$AAh?$AA?5?$AAs?$AAp?$AAa?$AAc?$AAe?$AA?5?$AAf?$AAo?$AAr?$AA?5?$AA_?$AAo@ 0000000180014640     LIBCMT:crt0msg.obj
 0002:000026b0       ??_C@_1EM@MAADIHMB@?$AAR?$AA6?$AA0?$AA2?$AA5?$AA?$AN?$AA?6?$AA?9?$AA?5?$AAp?$AAu?$AAr?$AAe?$AA?5?$AAv?$AAi?$AAr?$AAt?$AAu?$AAa?$AAl?$AA?5?$AAf?$AAu?$AAn?$AAc?$AAt?$AAi?$AAo?$AAn?$AA?5?$AAc@ 00000001800146b0     LIBCMT:crt0msg.obj
 0002:00002700       ??_C@_1GK@MCAAGJMO@?$AAR?$AA6?$AA0?$AA2?$AA6?$AA?$AN?$AA?6?$AA?9?$AA?5?$AAn?$AAo?$AAt?$AA?5?$AAe?$AAn?$AAo?$AAu?$AAg?$AAh?$AA?5?$AAs?$AAp?$AAa?$AAc?$AAe?$AA?5?$AAf?$AAo?$AAr?$AA?5?$AAs?$AAt@ 0000000180014700     LIBCMT:crt0msg.obj
 0002:00002770       ??_C@_1GK@MFGOKLAG@?$AAR?$AA6?$AA0?$AA2?$AA7?$AA?$AN?$AA?6?$AA?9?$AA?5?$AAn?$AAo?$AAt?$AA?5?$AAe?$AAn?$AAo?$AAu?$AAg?$AAh?$AA?5?$AAs?$AAp?$AAa?$AAc?$AAe?$AA?5?$AAf?$AAo?$AAr?$AA?5?$AAl?$AAo@ 0000000180014770     LIBCMT:crt0msg.obj
 0002:000027e0       ??_C@_1EK@HHFLMAOL@?$AAR?$AA6?$AA0?$AA2?$AA8?$AA?$AN?$AA?6?$AA?9?$AA?5?$AAu?$AAn?$AAa?$AAb?$AAl?$AAe?$AA?5?$AAt?$AAo?$AA?5?$AAi?$AAn?$AAi?$AAt?$AAi?$AAa?$AAl?$AAi?$AAz?$AAe?$AA?5?$AAh?$AAe@ 00000001800147e0     LIBCMT:crt0msg.obj
 0002:00002830       ??_C@_1DO@BMFCDCD@?$AAR?$AA6?$AA0?$AA3?$AA0?$AA?$AN?$AA?6?$AA?9?$AA?5?$AAC?$AAR?$AAT?$AA?5?$AAn?$AAo?$AAt?$AA?5?$AAi?$AAn?$AAi?$AAt?$AAi?$AAa?$AAl?$AAi?$AAz?$AAe?$AAd?$AA?$AN?$AA?6?$AA?$AA@ 0000000180014830     LIBCMT:crt0msg.obj
 0002:00002870       ??_C@_1MG@ENCOOIDF@?$AAR?$AA6?$AA0?$AA3?$AA1?$AA?$AN?$AA?6?$AA?9?$AA?5?$AAA?$AAt?$AAt?$AAe?$AAm?$AAp?$AAt?$AA?5?$AAt?$AAo?$AA?5?$AAi?$AAn?$AAi?$AAt?$AAi?$AAa?$AAl?$AAi?$AAz?$AAe?$AA?5?$AAt@ 0000000180014870     LIBCMT:crt0msg.obj
 0002:00002940       ??_C@_1GG@GOPILAJP@?$AAR?$AA6?$AA0?$AA3?$AA2?$AA?$AN?$AA?6?$AA?9?$AA?5?$AAn?$AAo?$AAt?$AA?5?$AAe?$AAn?$AAo?$AAu?$AAg?$AAh?$AA?5?$AAs?$AAp?$AAa?$AAc?$AAe?$AA?5?$AAf?$AAo?$AAr?$AA?5?$AAl?$AAo@ 0000000180014940     LIBCMT:crt0msg.obj
 0002:000029b0       ??_C@_1BOO@KGEDBGAJ@?$AAR?$AA6?$AA0?$AA3?$AA3?$AA?$AN?$AA?6?$AA?9?$AA?5?$AAA?$AAt?$AAt?$AAe?$AAm?$AAp?$AAt?$AA?5?$AAt?$AAo?$AA?5?$AAu?$AAs?$AAe?$AA?5?$AAM?$AAS?$AAI?$AAL?$AA?5?$AAc?$AAo?$AAd@ 00000001800149b0     LIBCMT:crt0msg.obj
 0002:00002ba0       ??_C@_1GG@MKFPEKFO@?$AAR?$AA6?$AA0?$AA3?$AA4?$AA?$AN?$AA?6?$AA?9?$AA?5?$AAi?$AAn?$AAc?$AAo?$AAn?$AAs?$AAi?$AAs?$AAt?$AAe?$AAn?$AAt?$AA?5?$AAo?$AAn?$AAe?$AAx?$AAi?$AAt?$AA?5?$AAb?$AAe?$AAg@ 0000000180014ba0     LIBCMT:crt0msg.obj
 0002:00002c08       ??_C@_1BO@BFCDCGC@?$AAD?$AAO?$AAM?$AAA?$AAI?$AAN?$AA?5?$AAe?$AAr?$AAr?$AAo?$AAr?$AA?$AN?$AA?6?$AA?$AA@ 0000000180014c08     LIBCMT:crt0msg.obj
 0002:00002c28       ??_C@_1BK@KMOMNAAI@?$AAS?$AAI?$AAN?$AAG?$AA?5?$AAe?$AAr?$AAr?$AAo?$AAr?$AA?$AN?$AA?6?$AA?$AA@ 0000000180014c28     LIBCMT:crt0msg.obj
 0002:00002c48       ??_C@_1BM@JBBEPPHI@?$AAT?$AAL?$AAO?$AAS?$AAS?$AA?5?$AAe?$AAr?$AAr?$AAo?$AAr?$AA?$AN?$AA?6?$AA?$AA@ 0000000180014c48     LIBCMT:crt0msg.obj
 0002:00002c64       ??_C@_15JNBOKNOG@?$AA?$AN?$AA?6?$AA?$AA@ 0000000180014c64     LIBCMT:crt0msg.obj
 0002:00002c70       ??_C@_1BO@BKOMIGKJ@?$AAr?$AAu?$AAn?$AAt?$AAi?$AAm?$AAe?$AA?5?$AAe?$AAr?$AAr?$AAo?$AAr?$AA?5?$AA?$AA@ 0000000180014c70     LIBCMT:crt0msg.obj
 0002:00002c90       ??_C@_1DE@JNGNBFGO@?$AAR?$AAu?$AAn?$AAt?$AAi?$AAm?$AAe?$AA?5?$AAE?$AAr?$AAr?$AAo?$AAr?$AA?$CB?$AA?6?$AA?6?$AAP?$AAr?$AAo?$AAg?$AAr?$AAa?$AAm?$AA?3?$AA?5?$AA?$AA@ 0000000180014c90     LIBCMT:crt0msg.obj
 0002:00002cc8       ??_C@_1CO@EAEJAADC@?$AA?$DM?$AAp?$AAr?$AAo?$AAg?$AAr?$AAa?$AAm?$AA?5?$AAn?$AAa?$AAm?$AAe?$AA?5?$AAu?$AAn?$AAk?$AAn?$AAo?$AAw?$AAn?$AA?$DO?$AA?$AA@ 0000000180014cc8     LIBCMT:crt0msg.obj
 0002:00002cf8       ??_C@_17LGKOMLJ@?$AA?4?$AA?4?$AA?4?$AA?$AA@ 0000000180014cf8     LIBCMT:crt0msg.obj
 0002:00002d00       ??_C@_15IABLJNFO@?$AA?6?$AA?6?$AA?$AA@ 0000000180014d00     LIBCMT:crt0msg.obj
 0002:00002d10       ??_C@_1EK@MBDPDCGA@?$AAM?$AAi?$AAc?$AAr?$AAo?$AAs?$AAo?$AAf?$AAt?$AA?5?$AAV?$AAi?$AAs?$AAu?$AAa?$AAl?$AA?5?$AAC?$AA?$CL?$AA?$CL?$AA?5?$AAR?$AAu?$AAn?$AAt?$AAi?$AAm?$AAe?$AA?5?$AAL?$AAi?$AAb@ 0000000180014d10     LIBCMT:crt0msg.obj
 0002:00002d60       LcidToLocaleNameTable      0000000180014d60     LIBCMT:winapinls.obj
 0002:00003ba0       LocaleNameToIndexTable     0000000180015ba0     LIBCMT:winapinls.obj
 0002:000049e0       ??_C@_15EMKDOKLE@?$AAa?$AAr?$AA?$AA@ 00000001800169e0     LIBCMT:winapinls.obj
 0002:000049e8       ??_C@_15KNPADPLH@?$AAb?$AAg?$AA?$AA@ 00000001800169e8     LIBCMT:winapinls.obj
 0002:000049f0       ??_C@_15EDMHLDMO@?$AAc?$AAa?$AA?$AA@ 00000001800169f0     LIBCMT:winapinls.obj
 0002:000049f8       ??_C@_1O@BPEAJADD@?$AAz?$AAh?$AA?9?$AAC?$AAH?$AAS?$AA?$AA@ 00000001800169f8     LIBCMT:winapinls.obj
 0002:00004a08       ??_C@_15LJNHCMNK@?$AAc?$AAs?$AA?$AA@ 0000000180016a08     LIBCMT:winapinls.obj
 0002:00004a10       ??_C@_15FOMCIDHG@?$AAd?$AAa?$AA?$AA@ 0000000180016a10     LIBCMT:winapinls.obj
 0002:00004a18       ??_C@_15NBKABECB@?$AAd?$AAe?$AA?$AA@ 0000000180016a18     LIBCMT:winapinls.obj
 0002:00004a20       ??_C@_15GHPEIIAO@?$AAe?$AAl?$AA?$AA@ 0000000180016a20     LIBCMT:winapinls.obj
 0002:00004a28       ??_C@_15MNPNEAIF@?$AAe?$AAn?$AA?$AA@ 0000000180016a28     LIBCMT:winapinls.obj
 0002:00004a30       ??_C@_15GPIOMPMH@?$AAe?$AAs?$AA?$AA@ 0000000180016a30     LIBCMT:winapinls.obj
 0002:00004a38       ??_C@_15NGLOAKJC@?$AAf?$AAi?$AA?$AA@ 0000000180016a38     LIBCMT:winapinls.obj
 0002:00004a40       ??_C@_15FBKGNKAM@?$AAf?$AAr?$AA?$AA@ 0000000180016a40     LIBCMT:winapinls.obj
 0002:00004a48       ??_C@_15KGGCNEFK@?$AAh?$AAe?$AA?$AA@ 0000000180016a48     LIBCMT:winapinls.obj
 0002:00004a50       ??_C@_15PGHLIDMF@?$AAh?$AAu?$AA?$AA@ 0000000180016a50     LIBCMT:winapinls.obj
 0002:00004a58       ??_C@_15BIEMAPLM@?$AAi?$AAs?$AA?$AA@ 0000000180016a58     LIBCMT:winapinls.obj
 0002:00004a60       ??_C@_15IFJLDHAF@?$AAi?$AAt?$AA?$AA@ 0000000180016a60     LIBCMT:winapinls.obj
 0002:00004a68       ??_C@_15GEMIOCAG@?$AAj?$AAa?$AA?$AA@ 0000000180016a68     LIBCMT:winapinls.obj
 0002:00004a70       ??_C@_15EPELEGJA@?$AAk?$AAo?$AA?$AA@ 0000000180016a70     LIBCMT:winapinls.obj
 0002:00004a78       ??_C@_15NDDHIMN@?$AAn?$AAl?$AA?$AA@ 0000000180016a78     LIBCMT:winapinls.obj
 0002:00004a80       ??_C@_15BPIGNHCD@?$AAn?$AAo?$AA?$AA@ 0000000180016a80     LIBCMT:winapinls.obj
 0002:00004a88       ??_C@_15DEOPBLCG@?$AAp?$AAl?$AA?$AA@ 0000000180016a88     LIBCMT:winapinls.obj
 0002:00004a90       ??_C@_15KBECGEFG@?$AAp?$AAt?$AA?$AA@ 0000000180016a90     LIBCMT:winapinls.obj
 0002:00004a98       ??_C@_15GLJCBFMD@?$AAr?$AAo?$AA?$AA@ 0000000180016a98     LIBCMT:winapinls.obj
 0002:00004aa0       ??_C@_15FEDGKCDI@?$AAr?$AAu?$AA?$AA@ 0000000180016aa0     LIBCMT:winapinls.obj
 0002:00004aa8       ??_C@_15GLKMLLHM@?$AAh?$AAr?$AA?$AA@ 0000000180016aa8     LIBCMT:winapinls.obj
 0002:00004ab0       ??_C@_15CPKMFBDB@?$AAs?$AAk?$AA?$AA@ 0000000180016ab0     LIBCMT:winapinls.obj
 0002:00004ab8       ??_C@_15BAAIOGMK@?$AAs?$AAq?$AA?$AA@ 0000000180016ab8     LIBCMT:winapinls.obj
 0002:00004ac0       ??_C@_15INNPNOHD@?$AAs?$AAv?$AA?$AA@ 0000000180016ac0     LIBCMT:winapinls.obj
 0002:00004ac8       ??_C@_15CABMMOGH@?$AAt?$AAh?$AA?$AA@ 0000000180016ac8     LIBCMT:winapinls.obj
 0002:00004ad0       ??_C@_15BPLIHJJM@?$AAt?$AAr?$AA?$AA@ 0000000180016ad0     LIBCMT:winapinls.obj
 0002:00004ad8       ??_C@_15NEOEKKDJ@?$AAu?$AAr?$AA?$AA@ 0000000180016ad8     LIBCMT:winapinls.obj
 0002:00004ae0       ??_C@_15NFICGAJK@?$AAi?$AAd?$AA?$AA@ 0000000180016ae0     LIBCMT:winapinls.obj
 0002:00004ae8       ??_C@_15PJPFLCCM@?$AAu?$AAk?$AA?$AA@ 0000000180016ae8     LIBCMT:winapinls.obj
 0002:00004af0       ??_C@_15HPJPHDM@?$AAb?$AAe?$AA?$AA@ 0000000180016af0     LIBCMT:winapinls.obj
 0002:00004af8       ??_C@_15LCHLGJII@?$AAs?$AAl?$AA?$AA@ 0000000180016af8     LIBCMT:winapinls.obj
 0002:00004b00       ??_C@_15PCFJPHHO@?$AAe?$AAt?$AA?$AA@ 0000000180016b00     LIBCMT:winapinls.obj
 0002:00004b08       ??_C@_15HPFPGODN@?$AAl?$AAv?$AA?$AA@ 0000000180016b08     LIBCMT:winapinls.obj
 0002:00004b10       ??_C@_15NFFGKGLG@?$AAl?$AAt?$AA?$AA@ 0000000180016b10     LIBCMT:winapinls.obj
 0002:00004b18       ??_C@_15BDAKCCHN@?$AAf?$AAa?$AA?$AA@ 0000000180016b18     LIBCMT:winapinls.obj
 0002:00004b20       ??_C@_15NFGIAIAJ@?$AAv?$AAi?$AA?$AA@ 0000000180016b20     LIBCMT:winapinls.obj
 0002:00004b28       ??_C@_15LMKNDMHN@?$AAh?$AAy?$AA?$AA@ 0000000180016b28     LIBCMT:winapinls.obj
 0002:00004b30       ??_C@_15IJBHMCFL@?$AAa?$AAz?$AA?$AA@ 0000000180016b30     LIBCMT:winapinls.obj
 0002:00004b38       ??_C@_15EKOFJABL@?$AAe?$AAu?$AA?$AA@ 0000000180016b38     LIBCMT:winapinls.obj
 0002:00004b40       ??_C@_15BGHADCNK@?$AAm?$AAk?$AA?$AA@ 0000000180016b40     LIBCMT:winapinls.obj
 0002:00004b48       ??_C@_15JDNICKHM@?$AAa?$AAf?$AA?$AA@ 0000000180016b48     LIBCMT:winapinls.obj
 0002:00004b50       ??_C@_15KPJEDBKD@?$AAk?$AAa?$AA?$AA@ 0000000180016b50     LIBCMT:winapinls.obj
 0002:00004b58       ??_C@_15PDNFFFEO@?$AAf?$AAo?$AA?$AA@ 0000000180016b58     LIBCMT:winapinls.obj
 0002:00004b60       ??_C@_15OMLEGLOC@?$AAh?$AAi?$AA?$AA@ 0000000180016b60     LIBCMT:winapinls.obj
 0002:00004b68       ??_C@_15IDNNENKK@?$AAm?$AAs?$AA?$AA@ 0000000180016b68     LIBCMT:winapinls.obj
 0002:00004b70       ??_C@_15MACJNBMH@?$AAk?$AAk?$AA?$AA@ 0000000180016b70     LIBCMT:winapinls.obj
 0002:00004b78       ??_C@_15DKDJEOND@?$AAk?$AAy?$AA?$AA@ 0000000180016b78     LIBCMT:winapinls.obj
[...]
 0004:00000348       $pdata$??8type_info@@QEBA_NAEBV0@@Z 0000000180020348     LIBCMT:typinfo.obj
 0004:00000354       $pdata$??_Gtype_info@@UEAAPEAXI@Z 0000000180020354     LIBCMT:typinfo.obj
 0004:00000360       $pdata$??0exception@std@@QEAA@AEBQEBD@Z 0000000180020360     LIBCMT:stdexcpt.obj
 0004:0000036c       $pdata$??0exception@std@@QEAA@AEBV01@@Z 000000018002036c     LIBCMT:stdexcpt.obj
 0004:00000378       $pdata$??4exception@std@@QEAAAEAV01@AEBV01@@Z 0000000180020378     LIBCMT:stdexcpt.obj
 0004:00000384       $pdata$??_Gexception@std@@UEAAPEAXI@Z 0000000180020384     LIBCMT:stdexcpt.obj
 0004:00000390       $pdata$?_Copy_str@exception@std@@AEAAXPEBD@Z 0000000180020390     LIBCMT:stdexcpt.obj
 0004:0000039c       $pdata$?_Tidy@exception@std@@AEAAXXZ 000000018002039c     LIBCMT:stdexcpt.obj
 0004:000003a8       $pdata$__raise_securityfailure 00000001800203a8     LIBCMT:gs_report.obj
 0004:000003b4       $pdata$__report_gsfailure  00000001800203b4     LIBCMT:gs_report.obj
 0004:000003c0       $pdata$__isa_available_init 00000001800203c0     LIBCMT:cpu_disp.obj
 0004:000003cc       $pdata$??2@YAPEAX_KAEBUnothrow_t@std@@@Z 00000001800203cc     LIBCMT:newopnt.obj
 0004:000003d8       $pdata$__crtCorExitProcess 00000001800203d8     LIBCMT:crt0dat.obj
 0004:000003e4       $pdata$__crtExitProcess    00000001800203e4     LIBCMT:crt0dat.obj
 0004:000003f0       $pdata$__freeCrtMemory     00000001800203f0     LIBCMT:crt0dat.obj
 0004:000003fc       $pdata$_amsg_exit          00000001800203fc     LIBCMT:crt0dat.obj
 0004:00000408       $pdata$_cinit              0000000180020408     LIBCMT:crt0dat.obj
 0004:00000414       $pdata$_init_pointers      0000000180020414     LIBCMT:crt0dat.obj
 0004:00000420       $pdata$_initterm           0000000180020420     LIBCMT:crt0dat.obj
 0004:0000042c       $pdata$_initterm_e         000000018002042c     LIBCMT:crt0dat.obj
 0004:00000438       $pdata$doexit              0000000180020438     LIBCMT:crt0dat.obj
 0004:00000444       $pdata$_msize              0000000180020444     LIBCMT:msize.obj
 0004:00000450       $pdata$_calloc_crt         0000000180020450     LIBCMT:crtheap.obj
 0004:0000045c       $pdata$_malloc_crt         000000018002045c     LIBCMT:crtheap.obj
 0004:00000468       $pdata$_realloc_crt        0000000180020468     LIBCMT:crtheap.obj
 0004:00000474       $pdata$__C_specific_handler 0000000180020474     LIBCMT:chandler.obj
 0004:00000480       $pdata$abort               0000000180020480     LIBCMT:abort.obj
 0004:0000048c       $pdata$free                000000018002048c     LIBCMT:free.obj
 0004:00000498       $pdata$malloc              0000000180020498     LIBCMT:malloc.obj
 0004:000004a4       $pdata$_callnewh           00000001800204a4     LIBCMT:handler.obj
 0004:000004b0       $pdata$_call_reportfault   00000001800204b0     LIBCMT:invarg.obj
 0004:000004bc       $pdata$_invalid_parameter  00000001800204bc     LIBCMT:invarg.obj
 0004:000004c8       $pdata$_invalid_parameter_noinfo 00000001800204c8     LIBCMT:invarg.obj
 0004:000004d4       $pdata$_invoke_watson      00000001800204d4     LIBCMT:invarg.obj
 0004:000004e0       $pdata$__freetlocinfo      00000001800204e0     LIBCMT:localref.obj
 0004:000004ec       $pdata$__updatetlocinfo    00000001800204ec     LIBCMT:localref.obj
 0004:000004f8       $pdata$_updatetlocinfoEx_nolock 00000001800204f8     LIBCMT:localref.obj
 0004:00000504       $pdata$__initmbctable      0000000180020504     LIBCMT:mbctype.obj
 0004:00000510       $pdata$?getSystemCP@@YAHH@Z 0000000180020510     LIBCMT:mbctype.obj
 0004:0000051c       $pdata$?setSBCS@@YAXPEAUthreadmbcinfostruct@@@Z 000000018002051c     LIBCMT:mbctype.obj
 0004:00000528       $pdata$?setSBUpLow@@YAXPEAUthreadmbcinfostruct@@@Z 0000000180020528     LIBCMT:mbctype.obj
 0004:00000534       $pdata$__updatetmbcinfo    0000000180020534     LIBCMT:mbctype.obj
 0004:00000540       $pdata$_setmbcp            0000000180020540     LIBCMT:mbctype.obj
 0004:0000054c       $pdata$_setmbcp_nolock     000000018002054c     LIBCMT:mbctype.obj
 0004:00000558       $pdata$_tolower_l          0000000180020558     LIBCMT:tolower.obj
 0004:00000564       $pdata$_freefls            0000000180020564     LIBCMT:tidtable.obj
 0004:00000570       $pdata$_freeptd            0000000180020570     LIBCMT:tidtable.obj
 0004:0000057c       $pdata$_getptd             000000018002057c     LIBCMT:tidtable.obj
 0004:00000588       $pdata$_getptd_noexit      0000000180020588     LIBCMT:tidtable.obj
 0004:00000594       $pdata$_initptd            0000000180020594     LIBCMT:tidtable.obj
 0004:000005a0       $pdata$_mtinit             00000001800205a0     LIBCMT:tidtable.obj
 0004:000005ac       $pdata$_mtterm             00000001800205ac     LIBCMT:tidtable.obj
 0004:000005b8       $pdata$__doserrno          00000001800205b8     LIBCMT:dosmap.obj
 0004:000005c4       $pdata$_dosmaperr          00000001800205c4     LIBCMT:dosmap.obj
 0004:000005d0       $pdata$_errno              00000001800205d0     LIBCMT:dosmap.obj
 0004:000005dc       $pdata$_locterm            00000001800205dc     LIBCMT:wsetloca.obj
 0004:000005e8       $pdata$_XcptFilter         00000001800205e8     LIBCMT:winxfltr.obj
 0004:000005f4       $pdata$_heap_init          00000001800205f4     LIBCMT:heapinit.obj
 0004:00000600       $pdata$_ioinit             0000000180020600     LIBCMT:ioinit.obj
 0004:0000060c       $pdata$_ioterm             000000018002060c     LIBCMT:ioinit.obj
 0004:00000618       $pdata$_setargv            0000000180020618     LIBCMT:stdargv.obj
 0004:00000624       $pdata$parse_cmdline       0000000180020624     LIBCMT:stdargv.obj
 0004:00000630       $pdata$_setenvp            0000000180020630     LIBCMT:stdenvp.obj
 0004:0000063c       $pdata$__security_init_cookie 000000018002063c     LIBCMT:gs_support.obj
 0004:00000648       $pdata$__crtGetEnvironmentStringsA 0000000180020648     LIBCMT:a_env.obj
 0004:00000654       $pdata$__crtCaptureCurrentContext 0000000180020654     LIBCMT:winapisupp.obj
 0004:00000660       $pdata$__crtCapturePreviousContext 0000000180020660     LIBCMT:winapisupp.obj
 0004:0000066c       $pdata$__crtInitializeCriticalSectionEx 000000018002066c     LIBCMT:winapisupp.obj
 0004:00000678       $pdata$__crtIsPackagedApp  0000000180020678     LIBCMT:winapisupp.obj
 0004:00000684       $pdata$__crtLoadWinApiPointers 0000000180020684     LIBCMT:winapisupp.obj
 0004:00000690       $pdata$__crtTerminateProcess 0000000180020690     LIBCMT:winapisupp.obj
 0004:0000069c       $pdata$__crtUnhandledException 000000018002069c     LIBCMT:winapisupp.obj
 0004:000006a8       $pdata$_RTC_Initialize     00000001800206a8     LIBCMT:initsect.obj
 0004:000006b4       $pdata$_RTC_Terminate      00000001800206b4     LIBCMT:initsect.obj
 0004:000006c0       $pdata$__DestructExceptionObject 00000001800206c0     LIBCMT:frame.obj
 0004:000006cc       $pdata$??0bad_exception@std@@QEAA@AEBV01@@Z 00000001800206cc     LIBCMT:frame.obj
 0004:000006d8       $pdata$??_Gbad_exception@std@@UEAAPEAXI@Z 00000001800206d8     LIBCMT:frame.obj
 0004:000006e4       $pdata$?CatchIt@@YAXPEAUEHExceptionRecord@@PEA_KPEAU_CONTEXT@@PEAU_xDISPATCHER_CONTEXT@@PEBU_s_FuncInfo@@PEBU_s_HandlerType@@PEBU_s_CatchableType@@PEBU_s_TryBlockMapEntry@@H1EE@Z 00000001800206e4     LIBCMT:frame.obj
 0004:000006f0       $pdata$?FindHandler@@YAXPEAUEHExceptionRecord@@PEA_KPEAU_CONTEXT@@PEAU_xDISPATCHER_CONTEXT@@PEBU_s_FuncInfo@@EH1@Z 00000001800206f0     LIBCMT:frame.obj
 0004:000006fc       $pdata$?FindHandlerForForeignException@@YAXPEAUEHExceptionRecord@@PEA_KPEAU_CONTEXT@@PEAU_xDISPATCHER_CONTEXT@@PEBU_s_FuncInfo@@HH1@Z 00000001800206fc     LIBCMT:frame.obj
 0004:00000708       $pdata$?IsInExceptionSpec@@YAEPEAUEHExceptionRecord@@PEBU_s_ESTypeList@@@Z 0000000180020708     LIBCMT:frame.obj
 0004:00000714       $pdata$__BuildCatchObject  0000000180020714     LIBCMT:frame.obj
 0004:00000720       $pdata$__BuildCatchObjectHelper 0000000180020720     LIBCMT:frame.obj
 0004:0000072c       $pdata$__CxxCallCatchBlock 000000018002072c     LIBCMT:frame.obj
 0004:00000738       $pdata$__FrameUnwindFilter 0000000180020738     LIBCMT:frame.obj
 0004:00000744       $pdata$__FrameUnwindToState 0000000180020744     LIBCMT:frame.obj
 0004:00000750       $pdata$__InternalCxxFrameHandler 0000000180020750     LIBCMT:frame.obj
 0004:0000075c       $pdata$__TypeMatch         000000018002075c     LIBCMT:frame.obj
 0004:00000768       $pdata$?__GetCurrentState@@YAHPEA_KPEAU_xDISPATCHER_CONTEXT@@PEBU_s_FuncInfo@@@Z 0000000180020768     LIBCMT:ehstate.obj
 0004:00000774       $pdata$?__GetUnwindTryBlock@@YAHPEA_KPEAU_xDISPATCHER_CONTEXT@@PEBU_s_FuncInfo@@@Z 0000000180020774     LIBCMT:ehstate.obj
 0004:00000780       $pdata$?__SetUnwindTryBlock@@YAXPEA_KPEAU_xDISPATCHER_CONTEXT@@PEBU_s_FuncInfo@@H@Z 0000000180020780     LIBCMT:ehstate.obj
 0004:0000078c       $pdata$?__StateFromIp@@YAHPEBU_s_FuncInfo@@PEAU_xDISPATCHER_CONTEXT@@_J@Z 000000018002078c     LIBCMT:ehstate.obj
 0004:00000798       $pdata$?_inconsistency@@YAXXZ 0000000180020798     LIBCMT:hooks.obj
 0004:000007a4       $pdata$?terminate@@YAXXZ   00000001800207a4     LIBCMT:hooks.obj
 0004:000007b0       $pdata$_initp_eh_hooks     00000001800207b0     LIBCMT:hooks.obj
 0004:000007bc       $pdata$__GSHandlerCheck    00000001800207bc     LIBCMT:gshandler.obj
 0004:000007c8       $pdata$__GSHandlerCheckCommon 00000001800207c8     LIBCMT:gshandler.obj
 0004:000007e0       $pdata$?_Type_info_dtor@type_info@@CAXPEAV1@@Z 00000001800207e0     LIBCMT:typname.obj
 0004:000007ec       $pdata$_cfltcvt            00000001800207ec     LIBCMT:cvt.obj
 0004:000007f8       $pdata$_cfltcvt_l          00000001800207f8     LIBCMT:cvt.obj
 0004:00000804       $pdata$_cftoa_l            0000000180020804     LIBCMT:cvt.obj
 0004:00000810       $pdata$_cftoe2_l           0000000180020810     LIBCMT:cvt.obj
 0004:0000081c       $pdata$_cftoe_l            000000018002081c     LIBCMT:cvt.obj
 0004:00000828       $pdata$_cftof2_l           0000000180020828     LIBCMT:cvt.obj
 0004:00000834       $pdata$_cftof_l            0000000180020834     LIBCMT:cvt.obj
 0004:00000840       $pdata$_cftog_l            0000000180020840     LIBCMT:cvt.obj
 0004:0000084c       $pdata$_cropzeros_l        000000018002084c     LIBCMT:cvt.obj
 0004:00000858       $pdata$_fassign_l          0000000180020858     LIBCMT:cvt.obj
 0004:00000864       $pdata$_forcdecpt_l        0000000180020864     LIBCMT:cvt.obj
 0004:00000870       $pdata$_initp_misc_cfltcvt_tab 0000000180020870     LIBCMT:cmiscdat.obj
 0004:0000087c       $pdata$strcpy_s            000000018002087c     LIBCMT:strcpy_s.obj
 0004:00000888       $pdata$_lock               0000000180020888     LIBCMT:mlock.obj
 0004:00000894       $pdata$_mtdeletelocks      0000000180020894     LIBCMT:mlock.obj
 0004:000008a0       $pdata$_mtinitlocknum      00000001800208a0     LIBCMT:mlock.obj
 0004:000008ac       $pdata$_mtinitlocks        00000001800208ac     LIBCMT:mlock.obj
 0004:000008b8       $pdata$_FF_MSGBANNER       00000001800208b8     LIBCMT:crt0msg.obj
 0004:000008c4       $pdata$_NMSG_WRITE         00000001800208c4     LIBCMT:crt0msg.obj
 0004:000008d0       $pdata$_IsNonwritableInCurrentImage 00000001800208d0     LIBCMT:pesect.obj
 0004:000008dc       $pdata$raise               00000001800208dc     LIBCMT:winsig.obj
 0004:000008e8       $pdata$realloc             00000001800208e8     LIBCMT:realloc.obj
 0004:000008f4       $pdata$_calloc_impl        00000001800208f4     LIBCMT:calloc_impl.obj
 0004:00000930       $pdata$GetTableIndexFromLocaleName 0000000180020930     LIBCMT:winapinls.obj
 0004:0000093c       $pdata$__crtDownlevelLocaleNameToLCID 000000018002093c     LIBCMT:winapinls.obj
 0004:00000948       $pdata$__crtLCMapStringEx  0000000180020948     LIBCMT:winapinls.obj
 0004:0000096c       $pdata$__free_lconv_mon    000000018002096c     LIBCMT:initmon.obj
 0004:00000978       $pdata$__free_lconv_num    0000000180020978     LIBCMT:initnum.obj
 0004:00000984       $pdata$__free_lc_time      0000000180020984     LIBCMT:inittime.obj
 0004:00000990       $pdata$?__crtLCMapStringA_stat@@YAHPEAUlocaleinfo_struct@@PEB_WKPEBDHPEADHHH@Z 0000000180020990     LIBCMT:a_map.obj
 0004:0000099c       $pdata$__crtLCMapStringA   000000018002099c     LIBCMT:a_map.obj
 0004:000009a8       $pdata$?__crtGetStringTypeA_stat@@YAHPEAUlocaleinfo_struct@@KPEBDHPEAGHH@Z 00000001800209a8     LIBCMT:a_str.obj
 0004:000009b4       $pdata$__crtGetStringTypeA 00000001800209b4     LIBCMT:a_str.obj
 0004:000009c0       $pdata$_isctype_l          00000001800209c0     LIBCMT:isctype.obj
 0004:000009cc       $pdata$_isleadbyte_l       00000001800209cc     LIBCMT:_wctype.obj
 0004:000009d8       $pdata$isleadbyte          00000001800209d8     LIBCMT:_wctype.obj
 0004:000009f0       $pdata$wcscat_s            00000001800209f0     LIBCMT:wcscat_s.obj
 0004:000009fc       $pdata$wcscpy_s            00000001800209fc     LIBCMT:wcscpy_s.obj
 0004:00000a08       $pdata$wcsncpy_s           0000000180020a08     LIBCMT:wcsncpy_s.obj
 0004:00000a14       $pdata$__initstdio         0000000180020a14     LIBCMT:_file.obj
 0004:00000a20       $pdata$__endstdio          0000000180020a20     LIBCMT:_file.obj
 0004:00000a2c       $pdata$_lock_file          0000000180020a2c     LIBCMT:_file.obj
 0004:00000a38       $pdata$_lock_file2         0000000180020a38     LIBCMT:_file.obj
 0004:00000a44       $pdata$?x_ismbbtype_l@@YAHPEAUlocaleinfo_struct@@IHH@Z 0000000180020a44     LIBCMT:ismbbyte.obj
 0004:00000a5c       $pdata$isdigit             0000000180020a5c     LIBCMT:_ctype.obj
 0004:00000a68       $pdata$strrchr             0000000180020a68     LIBCMT:strrchr.obj
 0004:00000a74       $pdata$_fptostr            0000000180020a74     LIBCMT:_fptostr.obj
 0004:00000a80       $pdata$__crt_atoflt_l      0000000180020a80     LIBCMT:atodbl.obj
 0004:00000a8c       $pdata$_atodbl_l           0000000180020a8c     LIBCMT:atodbl.obj
 0004:00000a98       $pdata$__dtold             0000000180020a98     LIBCMT:cfout.obj
 0004:00000aa4       $pdata$_fltout2            0000000180020aa4     LIBCMT:cfout.obj
 0004:00000ab0       $pdata$_set_error_mode     0000000180020ab0     LIBCMT:errmode.obj
 0004:00000abc       $pdata$__crtMessageBoxW    0000000180020abc     LIBCMT:crtmboxw.obj
 0004:00000ac8       $pdata$_fileno             0000000180020ac8     LIBCMT:fileno.obj
 0004:00000ad4       $pdata$_isatty             0000000180020ad4     LIBCMT:isatty.obj
 0004:00000ae0       $pdata$_fflush_nolock      0000000180020ae0     LIBCMT:fflush.obj
 0004:00000aec       $pdata$_flush              0000000180020aec     LIBCMT:fflush.obj
 0004:00000af8       $pdata$flsall              0000000180020af8     LIBCMT:fflush.obj
 0004:00000b10       $pdata$_fcloseall          0000000180020b10     LIBCMT:closeall.obj
 0004:00000b1c       $pdata$_ld12tod            0000000180020b1c     LIBCMT:intrncvt.obj
 0004:00000b28       $pdata$_ld12tof            0000000180020b28     LIBCMT:intrncvt.obj
 0004:00000b34       $pdata$__strgtold12_l      0000000180020b34     LIBCMT:strgtold.obj
 0004:00000b40       $pdata$$I10_OUTPUT         0000000180020b40     LIBCMT:x10fout.obj
 0004:00000b4c       $pdata$_commit             0000000180020b4c     LIBCMT:commit.obj
 0004:00000b58       $pdata$_write              0000000180020b58     LIBCMT:write.obj
 0004:00000b64       $pdata$_write_nolock       0000000180020b64     LIBCMT:write.obj
 0004:00000b70       $pdata$_fclose_nolock      0000000180020b70     LIBCMT:fclose.obj
 0004:00000b7c       $pdata$fclose              0000000180020b7c     LIBCMT:fclose.obj
 0004:00000b88       $pdata$__mtold12           0000000180020b88     LIBCMT:mantold.obj
 0004:00000b94       $pdata$__lock_fhandle      0000000180020b94     LIBCMT:osfinfo.obj
 0004:00000ba0       $pdata$_free_osfhnd        0000000180020ba0     LIBCMT:osfinfo.obj
 0004:00000bac       $pdata$_get_osfhandle      0000000180020bac     LIBCMT:osfinfo.obj
 0004:00000bb8       $pdata$_lseeki64_nolock    0000000180020bb8     LIBCMT:lseeki64.obj
 0004:00000bc4       $pdata$_mbtowc_l           0000000180020bc4     LIBCMT:mbtowc.obj
 0004:00000bd0       $pdata$_putwch_nolock      0000000180020bd0     LIBCMT:putwch.obj
 0004:00000bdc       $pdata$_close              0000000180020bdc     LIBCMT:close.obj
 0004:00000be8       $pdata$_close_nolock       0000000180020be8     LIBCMT:close.obj
 0004:00000bf4       $pdata$_freebuf            0000000180020bf4     LIBCMT:_freebuf.obj
 0004:00000c00       $pdata$__termconout        0000000180020c00     LIBCMT:initcon.obj
 0004:00000c0c       $pdata$__initconout        0000000180020c0c     LIBCMT:initcon.obj
 0004:00000c18       $pdata$_onexit$fin$0       0000000180020c18     LIBCMT:onexit.obj
 0004:00000c24       $pdata$_CRT_INIT$fin$0     0000000180020c24     LIBCMT:dllcrt0.obj
 0004:00000c30       $pdata$__DllMainCRTStartup$filt$0 0000000180020c30     LIBCMT:dllcrt0.obj
 0004:00000c3c       $pdata$_CallSETranslator$filt$0 0000000180020c3c     LIBCMT:trnsctrl.obj
 0004:00000c48       $pdata$?catch$0@?0???2@YAPEAX_KAEBUnothrow_t@std@@@Z@4HA 0000000180020c48     LIBCMT:newopnt.obj
 0004:00000c54       $pdata$doexit$fin$0        0000000180020c54     LIBCMT:crt0dat.obj
 0004:00000c60       $pdata$_setmbcp$fin$0      0000000180020c60     LIBCMT:mbctype.obj
 0004:00000c60       $pdata$__updatetmbcinfo$fin$0 0000000180020c60     LIBCMT:mbctype.obj
 0004:00000c6c       $pdata$_initptd$fin$1      0000000180020c6c     LIBCMT:tidtable.obj
 0004:00000c6c       $pdata$_freefls$fin$1      0000000180020c6c     LIBCMT:tidtable.obj
 0004:00000c78       $pdata$_initptd$fin$0      0000000180020c78     LIBCMT:tidtable.obj
 0004:00000c78       $pdata$_freefls$fin$0      0000000180020c78     LIBCMT:tidtable.obj
 0004:00000c84       $pdata$_locterm$fin$0      0000000180020c84     LIBCMT:wsetloca.obj
 0004:00000c84       $pdata$__updatetlocinfo$fin$0 0000000180020c84     LIBCMT:wsetloca.obj
 0004:00000c90       $pdata$_ioinit$fin$0       0000000180020c90     LIBCMT:ioinit.obj
 0004:00000c9c       $pdata$__CxxCallCatchBlock$filt$0 0000000180020c9c     LIBCMT:frame.obj
 0004:00000ca8       $pdata$__CxxCallCatchBlock$fin$1 0000000180020ca8     LIBCMT:frame.obj
 0004:00000cb4       $pdata$__DestructExceptionObject$filt$0 0000000180020cb4     LIBCMT:frame.obj
 0004:00000cc0       $pdata$__FrameUnwindToState$filt$0 0000000180020cc0     LIBCMT:frame.obj
 0004:00000ccc       $pdata$__FrameUnwindToState$fin$1 0000000180020ccc     LIBCMT:frame.obj
 0004:00000cd8       $pdata$?fin$0@?0??_Type_info_dtor@type_info@@CAXPEAV1@@Z@4HA 0000000180020cd8     LIBCMT:typname.obj
 0004:00000ce4       $pdata$_mtinitlocknum$fin$0 0000000180020ce4     LIBCMT:mlock.obj
 0004:00000cf0       $pdata$_IsNonwritableInCurrentImage$filt$0 0000000180020cf0     LIBCMT:pesect.obj
 0004:00000cfc       $pdata$raise$fin$0         0000000180020cfc     LIBCMT:winsig.obj
 0004:00000d08       $pdata$flsall$fin$0        0000000180020d08     LIBCMT:fflush.obj
 0004:00000d14       $pdata$flsall$fin$1        0000000180020d14     LIBCMT:fflush.obj
 0004:00000d20       $pdata$_fcloseall$fin$0    0000000180020d20     LIBCMT:closeall.obj
 0004:00000d2c       $pdata$_close$fin$0        0000000180020d2c     LIBCMT:commit.obj
 0004:00000d2c       $pdata$_commit$fin$0       0000000180020d2c     LIBCMT:commit.obj
 0004:00000d38       $pdata$_write$fin$0        0000000180020d38     LIBCMT:write.obj
 0004:00000d44       $pdata$fclose$fin$0        0000000180020d44     LIBCMT:fclose.obj
 0004:00000d50       $pdata$__lock_fhandle$fin$0 0000000180020d50     LIBCMT:osfinfo.obj
 0005:00000060       $R000000                   0000000180021060     * linker generated manifest res *

 Exports

  ordinal    name

        1    _register_bsdiff4_
